warning: /Users/merdankiji/Library/org.swift.swiftpm/configuration is not accessible or not writable, disabling user-level cache features.
warning: /Users/merdankiji/Library/org.swift.swiftpm/security is not accessible or not writable, disabling user-level cache features.
warning: /Users/merdankiji/Library/Caches/org.swift.swiftpm is not accessible or not writable, disabling user-level cache features.
warning: 'disk-steward-522-lifecycle-dev.9cyz1t': failed storing manifest for 'disk-steward-522-lifecycle-dev.9cyz1t' in cache: attempt to write a readonly database
Building for production...
[0/5] Write sources
[1/5] Write swift-version--58304C5D6DBC2206.txt
[3/4] Compiling PerformanceTests PerformanceTests.swift
[3/5] Write Objects.LinkFileList
[4/5] Linking DiskStewardPackageTests
Build complete! (2.05s)
Test Suite 'Selected tests' started at 2026-09-17 17:32:23.988.
Test Suite 'DiskStewardPackageTests.xctest' started at 2026-09-17 17:32:23.989.
Test Suite 'ScaleBenchmarkTests' started at 2026-09-17 17:32:23.989.
Test Case '-[PerformanceTests.ScaleBenchmarkTests testOptInProductionScan]' started.
/private/tmp/disk-steward-522-lifecycle-dev.9CYz1T/Tests/PerformanceTests/ScaleBenchmarkTests.swift:13: -[PerformanceTests.ScaleBenchmarkTests testOptInProductionScan] : Test skipped - Run only through docs/reliability/benchmarks/supervise_scale.py
Test Case '-[PerformanceTests.ScaleBenchmarkTests testOptInProductionScan]' skipped (0.001 seconds).
Test Suite 'ScaleBenchmarkTests' passed at 2026-09-17 17:32:23.990.
	 Executed 1 test, with 1 test skipped and 0 failures (0 unexpected) in 0.001 (0.001) seconds
Test Suite 'DiskStewardPackageTests.xctest' passed at 2026-09-17 17:32:23.990.
	 Executed 1 test, with 1 test skipped and 0 failures (0 unexpected) in 0.001 (0.001) seconds
Test Suite 'Selected tests' passed at 2026-09-17 17:32:23.990.
	 Executed 1 test, with 1 test skipped and 0 failures (0 unexpected) in 0.001 (0.002) seconds
◇ Test run started.
↳ Testing Library Version: 1501
↳ Target Platform: arm64e-apple-macos14.0
✔ Test run with 0 tests in 0 suites passed after 0.001 seconds.
