2026-09-17 18:13:17.205 xcodebuild[30297:16273523]  DVTFilePathFSEvents: Failed to start fs event stream.
2026-09-17 18:13:17.409 xcodebuild[30297:16273452] [MT] DVTDeveloperPaths: Failed to get length of DARWIN_USER_CACHE_DIR from confstr(3), error = Error Domain=NSPOSIXErrorDomain Code=5 "Input/output error". Using NSCachesDirectory instead.
2026-09-17 18:13:17.781 xcodebuild[30300:16273737]  DVTFilePathFSEvents: Failed to start fs event stream.
2026-09-17 18:13:17.877 xcodebuild[30300:16273730] [MT] DVTDeveloperPaths: Failed to get length of DARWIN_USER_CACHE_DIR from confstr(3), error = Error Domain=NSPOSIXErrorDomain Code=5 "Input/output error". Using NSCachesDirectory instead.
warning: /Users/merdankiji/Library/org.swift.swiftpm/configuration is not accessible or not writable, disabling user-level cache features.
warning: /Users/merdankiji/Library/org.swift.swiftpm/security is not accessible or not writable, disabling user-level cache features.
warning: /Users/merdankiji/Library/Caches/org.swift.swiftpm is not accessible or not writable, disabling user-level cache features.
warning: 'disk-steward-522-lifecycle-dev.9cyz1t': failed storing manifest for 'disk-steward-522-lifecycle-dev.9cyz1t' in cache: attempt to write a readonly database
[0/1] Planning build
Building for production...
[0/5] Write sources
[1/5] Write swift-version--58304C5D6DBC2206.txt
[3/4] Compiling PerformanceTests BoundedTraversalPrototype.swift
[4/6] Compiling DiskStewardPackageTests runner.swift
[4/6] Write Objects.LinkFileList
[5/6] Linking DiskStewardPackageTests
Build complete! (3.79s)
Test Suite 'Selected tests' started at 2026-09-17 18:13:25.185.
Test Suite 'DiskStewardPackageTests.xctest' started at 2026-09-17 18:13:25.186.
Test Suite 'BoundedTraversalPrototypeTests' started at 2026-09-17 18:13:25.186.
Test Case '-[PerformanceTests.BoundedTraversalPrototypeTests testBothModesPublishCompleteMetadataWithoutFollowingSymlinks]' started.
Test Case '-[PerformanceTests.BoundedTraversalPrototypeTests testBothModesPublishCompleteMetadataWithoutFollowingSymlinks]' passed (0.032 seconds).
Test Case '-[PerformanceTests.BoundedTraversalPrototypeTests testChangedDirectoryCannotPublishAndOldVisibleGenerationSurvives]' started.
Test Case '-[PerformanceTests.BoundedTraversalPrototypeTests testChangedDirectoryCannotPublishAndOldVisibleGenerationSurvives]' passed (0.017 seconds).
Test Case '-[PerformanceTests.BoundedTraversalPrototypeTests testCompletedDirectoryIsRevalidatedAfterClose]' started.
Test Case '-[PerformanceTests.BoundedTraversalPrototypeTests testCompletedDirectoryIsRevalidatedAfterClose]' passed (0.008 seconds).
Test Case '-[PerformanceTests.BoundedTraversalPrototypeTests testCompletedNameSpoolResumesMetadataWithoutReenumeration]' started.
Test Case '-[PerformanceTests.BoundedTraversalPrototypeTests testCompletedNameSpoolResumesMetadataWithoutReenumeration]' passed (0.013 seconds).
Test Case '-[PerformanceTests.BoundedTraversalPrototypeTests testFailedBeginCanRetryWithoutLosingOldVisibleEvidence]' started.
/private/tmp/disk-steward-522-lifecycle-dev.9CYz1T/Tests/PerformanceTests/BoundedTraversalPrototypeTests.swift:55: error: -[PerformanceTests.BoundedTraversalPrototypeTests testFailedBeginCanRetryWithoutLosingOldVisibleEvidence] : XCTAssertEqual failed: ("2") is not equal to ("0")
/private/tmp/disk-steward-522-lifecycle-dev.9CYz1T/Tests/PerformanceTests/BoundedTraversalPrototypeTests.swift:62: error: -[PerformanceTests.BoundedTraversalPrototypeTests testFailedBeginCanRetryWithoutLosingOldVisibleEvidence] : XCTAssertTrue failed - Missing visible paths: ["/private/tmp/disk-steward-530-unit-5685E947-ADF0-4F8E-8290-65FEF7064CA5/watched/f0", "/private/tmp/disk-steward-530-unit-5685E947-ADF0-4F8E-8290-65FEF7064CA5/watched/f1", "/private/tmp/disk-steward-530-unit-5685E947-ADF0-4F8E-8290-65FEF7064CA5/watched/f2", "/private/tmp/disk-steward-530-unit-5685E947-ADF0-4F8E-8290-65FEF7064CA5/watched/new"]
/private/tmp/disk-steward-522-lifecycle-dev.9CYz1T/Tests/PerformanceTests/BoundedTraversalPrototypeTests.swift:63: error: -[PerformanceTests.BoundedTraversalPrototypeTests testFailedBeginCanRetryWithoutLosingOldVisibleEvidence] : XCTAssertEqual failed: ("1") is not equal to ("2")
/private/tmp/disk-steward-522-lifecycle-dev.9CYz1T/Tests/PerformanceTests/BoundedTraversalPrototypeTests.swift:55: error: -[PerformanceTests.BoundedTraversalPrototypeTests testFailedBeginCanRetryWithoutLosingOldVisibleEvidence] : XCTAssertEqual failed: ("2") is not equal to ("0")
/private/tmp/disk-steward-522-lifecycle-dev.9CYz1T/Tests/PerformanceTests/BoundedTraversalPrototypeTests.swift:62: error: -[PerformanceTests.BoundedTraversalPrototypeTests testFailedBeginCanRetryWithoutLosingOldVisibleEvidence] : XCTAssertTrue failed - Missing visible paths: ["/private/tmp/disk-steward-530-unit-D23E4B63-A42C-4194-9D15-ED1B15E43F8D/watched/f0", "/private/tmp/disk-steward-530-unit-D23E4B63-A42C-4194-9D15-ED1B15E43F8D/watched/f1", "/private/tmp/disk-steward-530-unit-D23E4B63-A42C-4194-9D15-ED1B15E43F8D/watched/f2", "/private/tmp/disk-steward-530-unit-D23E4B63-A42C-4194-9D15-ED1B15E43F8D/watched/new"]
/private/tmp/disk-steward-522-lifecycle-dev.9CYz1T/Tests/PerformanceTests/BoundedTraversalPrototypeTests.swift:63: error: -[PerformanceTests.BoundedTraversalPrototypeTests testFailedBeginCanRetryWithoutLosingOldVisibleEvidence] : XCTAssertEqual failed: ("1") is not equal to ("2")
Test Case '-[PerformanceTests.BoundedTraversalPrototypeTests testFailedBeginCanRetryWithoutLosingOldVisibleEvidence]' failed (0.110 seconds).
Test Case '-[PerformanceTests.BoundedTraversalPrototypeTests testFailedEnumerationBatchCannotContinueWithAnAdvancedNativeCursor]' started.
/private/tmp/disk-steward-522-lifecycle-dev.9CYz1T/Tests/PerformanceTests/BoundedTraversalPrototypeTests.swift:28: error: -[PerformanceTests.BoundedTraversalPrototypeTests testFailedEnumerationBatchCannotContinueWithAnAdvancedNativeCursor] : XCTAssertTrue failed - Missing visible paths: ["/private/tmp/disk-steward-530-unit-E5BB4FA7-3BAC-4CAE-9D33-B4455C34577E/watched/f3", "/private/tmp/disk-steward-530-unit-E5BB4FA7-3BAC-4CAE-9D33-B4455C34577E/watched/f4"]
/private/tmp/disk-steward-522-lifecycle-dev.9CYz1T/Tests/PerformanceTests/BoundedTraversalPrototypeTests.swift:29: error: -[PerformanceTests.BoundedTraversalPrototypeTests testFailedEnumerationBatchCannotContinueWithAnAdvancedNativeCursor] : failed - A failed native read/persistence pass must require reopening
/private/tmp/disk-steward-522-lifecycle-dev.9CYz1T/Tests/PerformanceTests/BoundedTraversalPrototypeTests.swift:38: error: -[PerformanceTests.BoundedTraversalPrototypeTests testFailedEnumerationBatchCannotContinueWithAnAdvancedNativeCursor] : XCTAssertTrue failed - Missing visible paths: ["/private/tmp/disk-steward-530-unit-E5BB4FA7-3BAC-4CAE-9D33-B4455C34577E/watched/f3", "/private/tmp/disk-steward-530-unit-E5BB4FA7-3BAC-4CAE-9D33-B4455C34577E/watched/f4"]
/private/tmp/disk-steward-522-lifecycle-dev.9CYz1T/Tests/PerformanceTests/BoundedTraversalPrototypeTests.swift:28: error: -[PerformanceTests.BoundedTraversalPrototypeTests testFailedEnumerationBatchCannotContinueWithAnAdvancedNativeCursor] : XCTAssertTrue failed - Missing visible paths: ["/private/tmp/disk-steward-530-unit-2CB148DE-FF8B-48C2-8C75-95932BCA91D6/watched/f3", "/private/tmp/disk-steward-530-unit-2CB148DE-FF8B-48C2-8C75-95932BCA91D6/watched/f4"]
/private/tmp/disk-steward-522-lifecycle-dev.9CYz1T/Tests/PerformanceTests/BoundedTraversalPrototypeTests.swift:29: error: -[PerformanceTests.BoundedTraversalPrototypeTests testFailedEnumerationBatchCannotContinueWithAnAdvancedNativeCursor] : failed - A failed native read/persistence pass must require reopening
/private/tmp/disk-steward-522-lifecycle-dev.9CYz1T/Tests/PerformanceTests/BoundedTraversalPrototypeTests.swift:38: error: -[PerformanceTests.BoundedTraversalPrototypeTests testFailedEnumerationBatchCannotContinueWithAnAdvancedNativeCursor] : XCTAssertTrue failed - Missing visible paths: ["/private/tmp/disk-steward-530-unit-2CB148DE-FF8B-48C2-8C75-95932BCA91D6/watched/f3", "/private/tmp/disk-steward-530-unit-2CB148DE-FF8B-48C2-8C75-95932BCA91D6/watched/f4"]
Test Case '-[PerformanceTests.BoundedTraversalPrototypeTests testFailedEnumerationBatchCannotContinueWithAnAdvancedNativeCursor]' failed (0.016 seconds).
Test Case '-[PerformanceTests.BoundedTraversalPrototypeTests testPointerSwitchRollsBackOnFailureAndOnSupersededPermit]' started.
Test Case '-[PerformanceTests.BoundedTraversalPrototypeTests testPointerSwitchRollsBackOnFailureAndOnSupersededPermit]' passed (0.012 seconds).
Test Case '-[PerformanceTests.BoundedTraversalPrototypeTests testStreamLossInvalidatesOnlyUnfinishedPassRowsWithoutTrustingCookie]' started.
Test Case '-[PerformanceTests.BoundedTraversalPrototypeTests testStreamLossInvalidatesOnlyUnfinishedPassRowsWithoutTrustingCookie]' passed (0.008 seconds).
Test Suite 'BoundedTraversalPrototypeTests' failed at 2026-09-17 18:13:25.403.
	 Executed 8 tests, with 12 failures (0 unexpected) in 0.217 (0.217) seconds
Test Suite 'DiskStewardPackageTests.xctest' failed at 2026-09-17 18:13:25.403.
	 Executed 8 tests, with 12 failures (0 unexpected) in 0.217 (0.217) seconds
Test Suite 'Selected tests' failed at 2026-09-17 18:13:25.403.
	 Executed 8 tests, with 12 failures (0 unexpected) in 0.217 (0.218) seconds
◇ Test run started.
↳ Testing Library Version: 1501
↳ Target Platform: arm64e-apple-macos14.0
✔ Test run with 0 tests in 0 suites passed after 0.001 seconds.
