warning: /Users/merdankiji/Library/org.swift.swiftpm/configuration is not accessible or not writable, disabling user-level cache features.
warning: /Users/merdankiji/Library/org.swift.swiftpm/security is not accessible or not writable, disabling user-level cache features.
warning: /Users/merdankiji/Library/Caches/org.swift.swiftpm is not accessible or not writable, disabling user-level cache features.
warning: 'disk-steward-522-lifecycle-dev.9cyz1t': failed storing manifest for 'disk-steward-522-lifecycle-dev.9cyz1t' in cache: attempt to write a readonly database
[0/1] Planning build
Test Suite 'Selected tests' started at 2026-09-17 19:29:25.722.
Test Suite 'DiskStewardPackageTests.xctest' started at 2026-09-17 19:29:25.723.
Test Suite 'EvidenceStoreTests' started at 2026-09-17 19:29:25.723.
Test Case '-[DiskStewardCoreTests.EvidenceStoreTests testEveryMigrationInterruptionRecoversWithoutLosingTheLegacyDatabase]' started.
Test Case '-[DiskStewardCoreTests.EvidenceStoreTests testEveryMigrationInterruptionRecoversWithoutLosingTheLegacyDatabase]' passed (0.115 seconds).
Test Case '-[DiskStewardCoreTests.EvidenceStoreTests testLegacyUpgradeUsesAValidatedAtomicShadowAndPreservesEvidence]' started.
Test Case '-[DiskStewardCoreTests.EvidenceStoreTests testLegacyUpgradeUsesAValidatedAtomicShadowAndPreservesEvidence]' passed (0.018 seconds).
Test Case '-[DiskStewardCoreTests.EvidenceStoreTests testMigrationPreflightLeavesTheLegacyDatabaseUntouchedWhenCapacityIsInsufficient]' started.
Test Case '-[DiskStewardCoreTests.EvidenceStoreTests testMigrationPreflightLeavesTheLegacyDatabaseUntouchedWhenCapacityIsInsufficient]' passed (0.011 seconds).
Test Suite 'EvidenceStoreTests' passed at 2026-09-17 19:29:25.868.
	 Executed 3 tests, with 0 failures (0 unexpected) in 0.145 (0.145) seconds
Test Suite 'DiskStewardPackageTests.xctest' passed at 2026-09-17 19:29:25.868.
	 Executed 3 tests, with 0 failures (0 unexpected) in 0.145 (0.145) seconds
Test Suite 'Selected tests' passed at 2026-09-17 19:29:25.868.
	 Executed 3 tests, with 0 failures (0 unexpected) in 0.145 (0.146) seconds
◇ Test run started.
↳ Testing Library Version: 1501
↳ Target Platform: arm64e-apple-macos14.0
✔ Test run with 0 tests in 0 suites passed after 0.001 seconds.
