..FF.....FFFFF..
======================================================================
FAIL: test_incomplete_fixture_is_rejected (test_resume_scale.ResumeValidationTests.test_incomplete_fixture_is_rejected)
----------------------------------------------------------------------
Traceback (most recent call last):
  File "/Users/merdankiji/localGit/disk_steward/docs/reliability/benchmarks/test_resume_scale.py", line 108, in test_incomplete_fixture_is_rejected
    with self.assertRaisesRegex(ValueError, "Only complete"):
         ~~~~~~~~~~~~~~~~~~~~~~^^^^^^^^^^^^^^^^^^^^^^^^^^^^^
AssertionError: ValueError not raised

======================================================================
FAIL: test_non_root_path_outside_fixture_is_rejected (test_resume_scale.ResumeValidationTests.test_non_root_path_outside_fixture_is_rejected)
----------------------------------------------------------------------
Traceback (most recent call last):
  File "/Users/merdankiji/localGit/disk_steward/docs/reliability/benchmarks/test_resume_scale.py", line 98, in test_non_root_path_outside_fixture_is_rejected
    with self.assertRaisesRegex(ValueError, "Database references another fixture"):
         ~~~~~~~~~~~~~~~~~~~~~~^^^^^^^^^^^^^^^^^^^^^^^^^^^^^^^^^^^^^^^^^^^^^^^^^^^
AssertionError: ValueError not raised

======================================================================
FAIL: test_unexpected_database_sibling_is_rejected_before_sqlite_open (test_resume_scale.ResumeValidationTests.test_unexpected_database_sibling_is_rejected_before_sqlite_open)
----------------------------------------------------------------------
Traceback (most recent call last):
  File "/Users/merdankiji/localGit/disk_steward/docs/reliability/benchmarks/test_resume_scale.py", line 134, in test_unexpected_database_sibling_is_rejected_before_sqlite_open
    validate_collected_run(self.collection, "test-run")
    ~~~~~~~~~~~~~~~~~~~~~~^^^^^^^^^^^^^^^^^^^^^^^^^^^^^
  File "/Users/merdankiji/localGit/disk_steward/docs/reliability/benchmarks/resume_scale.py", line 70, in validate_collected_run
    connection = sqlite3.connect(database.as_uri() + "?mode=ro", uri=True)
  File "/opt/homebrew/Cellar/python@3.14/3.14.7/Frameworks/Python.framework/Versions/3.14/lib/python3.14/unittest/mock.py", line 1176, in __call__
    return self._mock_call(*args, **kwargs)
           ~~~~~~~~~~~~~~~^^^^^^^^^^^^^^^^^
  File "/opt/homebrew/Cellar/python@3.14/3.14.7/Frameworks/Python.framework/Versions/3.14/lib/python3.14/unittest/mock.py", line 1180, in _mock_call
    return self._execute_mock_call(*args, **kwargs)
           ~~~~~~~~~~~~~~~~~~~~~~~^^^^^^^^^^^^^^^^^
  File "/opt/homebrew/Cellar/python@3.14/3.14.7/Frameworks/Python.framework/Versions/3.14/lib/python3.14/unittest/mock.py", line 1241, in _execute_mock_call
    raise effect
AssertionError: SQLite must not open

======================================================================
FAIL: test_unsafe_database_family_is_rejected_before_sqlite_open (test_resume_scale.ResumeValidationTests.test_unsafe_database_family_is_rejected_before_sqlite_open) (suffix='-wal', link_type='symlink')
----------------------------------------------------------------------
Traceback (most recent call last):
  File "/Users/merdankiji/localGit/disk_steward/docs/reliability/benchmarks/test_resume_scale.py", line 125, in test_unsafe_database_family_is_rejected_before_sqlite_open
    validate_collected_run(self.collection, "test-run")
    ~~~~~~~~~~~~~~~~~~~~~~^^^^^^^^^^^^^^^^^^^^^^^^^^^^^
  File "/Users/merdankiji/localGit/disk_steward/docs/reliability/benchmarks/resume_scale.py", line 70, in validate_collected_run
    connection = sqlite3.connect(database.as_uri() + "?mode=ro", uri=True)
  File "/opt/homebrew/Cellar/python@3.14/3.14.7/Frameworks/Python.framework/Versions/3.14/lib/python3.14/unittest/mock.py", line 1176, in __call__
    return self._mock_call(*args, **kwargs)
           ~~~~~~~~~~~~~~~^^^^^^^^^^^^^^^^^
  File "/opt/homebrew/Cellar/python@3.14/3.14.7/Frameworks/Python.framework/Versions/3.14/lib/python3.14/unittest/mock.py", line 1180, in _mock_call
    return self._execute_mock_call(*args, **kwargs)
           ~~~~~~~~~~~~~~~~~~~~~~~^^^^^^^^^^^^^^^^^
  File "/opt/homebrew/Cellar/python@3.14/3.14.7/Frameworks/Python.framework/Versions/3.14/lib/python3.14/unittest/mock.py", line 1241, in _execute_mock_call
    raise effect
AssertionError: SQLite must not open

======================================================================
FAIL: test_unsafe_database_family_is_rejected_before_sqlite_open (test_resume_scale.ResumeValidationTests.test_unsafe_database_family_is_rejected_before_sqlite_open) (suffix='-wal', link_type='hardlink')
----------------------------------------------------------------------
Traceback (most recent call last):
  File "/Users/merdankiji/localGit/disk_steward/docs/reliability/benchmarks/test_resume_scale.py", line 125, in test_unsafe_database_family_is_rejected_before_sqlite_open
    validate_collected_run(self.collection, "test-run")
    ~~~~~~~~~~~~~~~~~~~~~~^^^^^^^^^^^^^^^^^^^^^^^^^^^^^
  File "/Users/merdankiji/localGit/disk_steward/docs/reliability/benchmarks/resume_scale.py", line 70, in validate_collected_run
    connection = sqlite3.connect(database.as_uri() + "?mode=ro", uri=True)
  File "/opt/homebrew/Cellar/python@3.14/3.14.7/Frameworks/Python.framework/Versions/3.14/lib/python3.14/unittest/mock.py", line 1176, in __call__
    return self._mock_call(*args, **kwargs)
           ~~~~~~~~~~~~~~~^^^^^^^^^^^^^^^^^
  File "/opt/homebrew/Cellar/python@3.14/3.14.7/Frameworks/Python.framework/Versions/3.14/lib/python3.14/unittest/mock.py", line 1180, in _mock_call
    return self._execute_mock_call(*args, **kwargs)
           ~~~~~~~~~~~~~~~~~~~~~~~^^^^^^^^^^^^^^^^^
  File "/opt/homebrew/Cellar/python@3.14/3.14.7/Frameworks/Python.framework/Versions/3.14/lib/python3.14/unittest/mock.py", line 1241, in _execute_mock_call
    raise effect
AssertionError: SQLite must not open

======================================================================
FAIL: test_unsafe_database_family_is_rejected_before_sqlite_open (test_resume_scale.ResumeValidationTests.test_unsafe_database_family_is_rejected_before_sqlite_open) (suffix='-shm', link_type='symlink')
----------------------------------------------------------------------
Traceback (most recent call last):
  File "/Users/merdankiji/localGit/disk_steward/docs/reliability/benchmarks/test_resume_scale.py", line 125, in test_unsafe_database_family_is_rejected_before_sqlite_open
    validate_collected_run(self.collection, "test-run")
    ~~~~~~~~~~~~~~~~~~~~~~^^^^^^^^^^^^^^^^^^^^^^^^^^^^^
  File "/Users/merdankiji/localGit/disk_steward/docs/reliability/benchmarks/resume_scale.py", line 70, in validate_collected_run
    connection = sqlite3.connect(database.as_uri() + "?mode=ro", uri=True)
  File "/opt/homebrew/Cellar/python@3.14/3.14.7/Frameworks/Python.framework/Versions/3.14/lib/python3.14/unittest/mock.py", line 1176, in __call__
    return self._mock_call(*args, **kwargs)
           ~~~~~~~~~~~~~~~^^^^^^^^^^^^^^^^^
  File "/opt/homebrew/Cellar/python@3.14/3.14.7/Frameworks/Python.framework/Versions/3.14/lib/python3.14/unittest/mock.py", line 1180, in _mock_call
    return self._execute_mock_call(*args, **kwargs)
           ~~~~~~~~~~~~~~~~~~~~~~~^^^^^^^^^^^^^^^^^
  File "/opt/homebrew/Cellar/python@3.14/3.14.7/Frameworks/Python.framework/Versions/3.14/lib/python3.14/unittest/mock.py", line 1241, in _execute_mock_call
    raise effect
AssertionError: SQLite must not open

======================================================================
FAIL: test_unsafe_database_family_is_rejected_before_sqlite_open (test_resume_scale.ResumeValidationTests.test_unsafe_database_family_is_rejected_before_sqlite_open) (suffix='-shm', link_type='hardlink')
----------------------------------------------------------------------
Traceback (most recent call last):
  File "/Users/merdankiji/localGit/disk_steward/docs/reliability/benchmarks/test_resume_scale.py", line 125, in test_unsafe_database_family_is_rejected_before_sqlite_open
    validate_collected_run(self.collection, "test-run")
    ~~~~~~~~~~~~~~~~~~~~~~^^^^^^^^^^^^^^^^^^^^^^^^^^^^^
  File "/Users/merdankiji/localGit/disk_steward/docs/reliability/benchmarks/resume_scale.py", line 70, in validate_collected_run
    connection = sqlite3.connect(database.as_uri() + "?mode=ro", uri=True)
  File "/opt/homebrew/Cellar/python@3.14/3.14.7/Frameworks/Python.framework/Versions/3.14/lib/python3.14/unittest/mock.py", line 1176, in __call__
    return self._mock_call(*args, **kwargs)
           ~~~~~~~~~~~~~~~^^^^^^^^^^^^^^^^^
  File "/opt/homebrew/Cellar/python@3.14/3.14.7/Frameworks/Python.framework/Versions/3.14/lib/python3.14/unittest/mock.py", line 1180, in _mock_call
    return self._execute_mock_call(*args, **kwargs)
           ~~~~~~~~~~~~~~~~~~~~~~~^^^^^^^^^^^^^^^^^
  File "/opt/homebrew/Cellar/python@3.14/3.14.7/Frameworks/Python.framework/Versions/3.14/lib/python3.14/unittest/mock.py", line 1241, in _execute_mock_call
    raise effect
AssertionError: SQLite must not open

----------------------------------------------------------------------
Ran 13 tests in 0.054s

FAILED (failures=7)
