warning: /Users/merdankiji/Library/org.swift.swiftpm/configuration is not accessible or not writable, disabling user-level cache features.
warning: /Users/merdankiji/Library/org.swift.swiftpm/security is not accessible or not writable, disabling user-level cache features.
warning: /Users/merdankiji/Library/Caches/org.swift.swiftpm is not accessible or not writable, disabling user-level cache features.
warning: 'disk-steward-522-lifecycle-dev.9cyz1t': failed storing manifest for 'disk-steward-522-lifecycle-dev.9cyz1t' in cache: attempt to write a readonly database
Building for production...
[0/5] Write sources
[1/5] Write swift-version--58304C5D6DBC2206.txt
[3/4] Compiling PerformanceTests BoundedTraversalPrototype.swift
[4/6] Compiling DiskStewardPackageTests runner.swift
[4/6] Write Objects.LinkFileList
[5/6] Linking DiskStewardPackageTests
Build complete! (4.43s)
Test Suite 'Selected tests' started at 2026-09-17 18:53:49.474.
Test Suite 'DiskStewardPackageTests.xctest' started at 2026-09-17 18:53:49.474.
Test Suite 'BoundedTraversalPrototypeTests' started at 2026-09-17 18:53:49.474.
Test Case '-[PerformanceTests.BoundedTraversalPrototypeTests testBothModesPublishCompleteMetadataWithoutFollowingSymlinks]' started.
Test Case '-[PerformanceTests.BoundedTraversalPrototypeTests testBothModesPublishCompleteMetadataWithoutFollowingSymlinks]' passed (0.032 seconds).
Test Case '-[PerformanceTests.BoundedTraversalPrototypeTests testCancellationAfterReadingRequiresReopenAndReplaysAllNames]' started.
Test Case '-[PerformanceTests.BoundedTraversalPrototypeTests testCancellationAfterReadingRequiresReopenAndReplaysAllNames]' passed (0.022 seconds).
Test Case '-[PerformanceTests.BoundedTraversalPrototypeTests testChangedDirectoryCannotPublishAndOldVisibleGenerationSurvives]' started.
Test Case '-[PerformanceTests.BoundedTraversalPrototypeTests testChangedDirectoryCannotPublishAndOldVisibleGenerationSurvives]' passed (0.018 seconds).
Test Case '-[PerformanceTests.BoundedTraversalPrototypeTests testCompletedDirectoryIsRevalidatedAfterClose]' started.
Test Case '-[PerformanceTests.BoundedTraversalPrototypeTests testCompletedDirectoryIsRevalidatedAfterClose]' passed (0.009 seconds).
Test Case '-[PerformanceTests.BoundedTraversalPrototypeTests testCompletedNameSpoolResumesMetadataWithoutReenumeration]' started.
Test Case '-[PerformanceTests.BoundedTraversalPrototypeTests testCompletedNameSpoolResumesMetadataWithoutReenumeration]' passed (0.014 seconds).
Test Case '-[PerformanceTests.BoundedTraversalPrototypeTests testFailedBeginCanRetryWithoutLosingOldVisibleEvidence]' started.
Test Case '-[PerformanceTests.BoundedTraversalPrototypeTests testFailedBeginCanRetryWithoutLosingOldVisibleEvidence]' passed (0.021 seconds).
Test Case '-[PerformanceTests.BoundedTraversalPrototypeTests testFailedEnumerationBatchCannotContinueWithAnAdvancedNativeCursor]' started.
Test Case '-[PerformanceTests.BoundedTraversalPrototypeTests testFailedEnumerationBatchCannotContinueWithAnAdvancedNativeCursor]' passed (0.019 seconds).
Test Case '-[PerformanceTests.BoundedTraversalPrototypeTests testFailedSpoolMetadataTransactionReplaysItsDurablePage]' started.
Test Case '-[PerformanceTests.BoundedTraversalPrototypeTests testFailedSpoolMetadataTransactionReplaysItsDurablePage]' passed (0.014 seconds).
Test Case '-[PerformanceTests.BoundedTraversalPrototypeTests testPointerSwitchRollsBackAndReceiptCannotBeReboundToOldPreparedEvidence]' started.
Test Case '-[PerformanceTests.BoundedTraversalPrototypeTests testPointerSwitchRollsBackAndReceiptCannotBeReboundToOldPreparedEvidence]' passed (0.013 seconds).
Test Case '-[PerformanceTests.BoundedTraversalPrototypeTests testQueueLookupUsesOrderedIndexWithoutWholeFrontierSort]' started.
Test Case '-[PerformanceTests.BoundedTraversalPrototypeTests testQueueLookupUsesOrderedIndexWithoutWholeFrontierSort]' passed (0.012 seconds).
Test Case '-[PerformanceTests.BoundedTraversalPrototypeTests testSameCountRenameAndHardLinkIdentityAreNotLostByCountOracle]' started.
Test Case '-[PerformanceTests.BoundedTraversalPrototypeTests testSameCountRenameAndHardLinkIdentityAreNotLostByCountOracle]' passed (0.022 seconds).
Test Case '-[PerformanceTests.BoundedTraversalPrototypeTests testStreamLossInvalidatesOnlyUnfinishedPassRowsWithoutTrustingCookie]' started.
Test Case '-[PerformanceTests.BoundedTraversalPrototypeTests testStreamLossInvalidatesOnlyUnfinishedPassRowsWithoutTrustingCookie]' passed (0.009 seconds).
Test Suite 'BoundedTraversalPrototypeTests' passed at 2026-09-17 18:53:49.679.
	 Executed 12 tests, with 0 failures (0 unexpected) in 0.204 (0.205) seconds
Test Suite 'BoundedTraversalResumeTests' started at 2026-09-17 18:53:49.679.
Test Case '-[PerformanceTests.BoundedTraversalResumeTests testFailedCheckpointPreservesOnlyMeasuredValues]' started.
Test Case '-[PerformanceTests.BoundedTraversalResumeTests testFailedCheckpointPreservesOnlyMeasuredValues]' passed (0.000 seconds).
Test Case '-[PerformanceTests.BoundedTraversalResumeTests testOptInResumeWithControlledReader]' started.
/private/tmp/disk-steward-522-lifecycle-dev.9CYz1T/Tests/PerformanceTests/BoundedTraversalResumeTests.swift:12: -[PerformanceTests.BoundedTraversalResumeTests testOptInResumeWithControlledReader] : Test skipped - Requires the dedicated collected-fixture resume supervisor
Test Case '-[PerformanceTests.BoundedTraversalResumeTests testOptInResumeWithControlledReader]' skipped (0.000 seconds).
Test Case '-[PerformanceTests.BoundedTraversalResumeTests testStopsBeforeCheckpointReportUnmeasuredNotZero]' started.
Test Case '-[PerformanceTests.BoundedTraversalResumeTests testStopsBeforeCheckpointReportUnmeasuredNotZero]' passed (0.000 seconds).
Test Case '-[PerformanceTests.BoundedTraversalResumeTests testSuccessfulCheckpointReportsMeasuredValues]' started.
Test Case '-[PerformanceTests.BoundedTraversalResumeTests testSuccessfulCheckpointReportsMeasuredValues]' passed (0.000 seconds).
Test Suite 'BoundedTraversalResumeTests' passed at 2026-09-17 18:53:49.680.
	 Executed 4 tests, with 1 test skipped and 0 failures (0 unexpected) in 0.001 (0.001) seconds
Test Suite 'BoundedTraversalScaleTests' started at 2026-09-17 18:53:49.680.
Test Case '-[PerformanceTests.BoundedTraversalScaleTests testOptInBoundedPrototype]' started.
/private/tmp/disk-steward-522-lifecycle-dev.9CYz1T/Tests/PerformanceTests/BoundedTraversalScaleTests.swift:10: -[PerformanceTests.BoundedTraversalScaleTests testOptInBoundedPrototype] : Test skipped - Requires explicit scale supervisor
Test Case '-[PerformanceTests.BoundedTraversalScaleTests testOptInBoundedPrototype]' skipped (0.000 seconds).
Test Suite 'BoundedTraversalScaleTests' passed at 2026-09-17 18:53:49.680.
	 Executed 1 test, with 1 test skipped and 0 failures (0 unexpected) in 0.000 (0.000) seconds
Test Suite 'PerformanceTests' started at 2026-09-17 18:53:49.680.
Test Case '-[PerformanceTests.PerformanceTests testCircuitBreakerStopsMemoryStorageAndBackpressureButNotCPUAlone]' started.
Test Case '-[PerformanceTests.PerformanceTests testCircuitBreakerStopsMemoryStorageAndBackpressureButNotCPUAlone]' passed (0.000 seconds).
Test Case '-[PerformanceTests.PerformanceTests testLiveResourceMeasurementCountsDatabaseWALAndSharedMemory]' started.
Test Case '-[PerformanceTests.PerformanceTests testLiveResourceMeasurementCountsDatabaseWALAndSharedMemory]' passed (0.003 seconds).
Test Case '-[PerformanceTests.PerformanceTests testResourceHistoryAndDatabaseBudgetStayBounded]' started.
Test Case '-[PerformanceTests.PerformanceTests testResourceHistoryAndDatabaseBudgetStayBounded]' passed (0.000 seconds).
Test Case '-[PerformanceTests.PerformanceTests testSeventyTwoHourEquivalentEvidenceSoakStaysBounded]' started.
Test Case '-[PerformanceTests.PerformanceTests testSeventyTwoHourEquivalentEvidenceSoakStaysBounded]' passed (0.565 seconds).
Test Case '-[PerformanceTests.PerformanceTests testSustainedEventStormRemainsBoundedAndReportsEveryDrop]' started.
Test Case '-[PerformanceTests.PerformanceTests testSustainedEventStormRemainsBoundedAndReportsEveryDrop]' passed (0.905 seconds).
Test Suite 'PerformanceTests' passed at 2026-09-17 18:53:51.153.
	 Executed 5 tests, with 0 failures (0 unexpected) in 1.473 (1.473) seconds
Test Suite 'ScaleBenchmarkTests' started at 2026-09-17 18:53:51.153.
Test Case '-[PerformanceTests.ScaleBenchmarkTests testOptInProductionScan]' started.
/private/tmp/disk-steward-522-lifecycle-dev.9CYz1T/Tests/PerformanceTests/ScaleBenchmarkTests.swift:13: -[PerformanceTests.ScaleBenchmarkTests testOptInProductionScan] : Test skipped - Run only through docs/reliability/benchmarks/supervise_scale.py
Test Case '-[PerformanceTests.ScaleBenchmarkTests testOptInProductionScan]' skipped (0.000 seconds).
Test Suite 'ScaleBenchmarkTests' passed at 2026-09-17 18:53:51.154.
	 Executed 1 test, with 1 test skipped and 0 failures (0 unexpected) in 0.000 (0.000) seconds
Test Suite 'DiskStewardPackageTests.xctest' passed at 2026-09-17 18:53:51.154.
	 Executed 23 tests, with 3 tests skipped and 0 failures (0 unexpected) in 1.678 (1.679) seconds
Test Suite 'Selected tests' passed at 2026-09-17 18:53:51.154.
	 Executed 23 tests, with 3 tests skipped and 0 failures (0 unexpected) in 1.678 (1.680) seconds
◇ Test run started.
↳ Testing Library Version: 1501
↳ Target Platform: arm64e-apple-macos14.0
✔ Test run with 0 tests in 0 suites passed after 0.001 seconds.
