$ /usr/bin/swift build -c release --package-path /private/tmp/ds572-rollback-1/probe-baseline --cache-path /private/tmp/ds572-rollback-1/cache --config-path /private/tmp/ds572-rollback-1/config --security-path /private/tmp/ds572-rollback-1/security --disable-sandbox --jobs 3
Building for production...
[0/5] Write sources
[2/5] Write swift-version--58304C5D6DBC2206.txt
[4/6] Compiling DiskStewardCore TaskImpactCorrelation.swift
[5/7] Compiling store_probe main.swift
[5/7] Write Objects.LinkFileList
[6/7] Linking store-probe
Build complete! (15.13s)

$ /usr/bin/swift build -c release --package-path /private/tmp/ds572-rollback-1/probe-candidate --cache-path /private/tmp/ds572-rollback-1/cache --config-path /private/tmp/ds572-rollback-1/config --security-path /private/tmp/ds572-rollback-1/security --disable-sandbox --jobs 3
Building for production...
[0/5] Write sources
[2/5] Write swift-version--58304C5D6DBC2206.txt
[4/6] Compiling DiskStewardCore TaskImpactCorrelation.swift
[5/7] Compiling store_probe main.swift
[5/7] Write Objects.LinkFileList
[6/7] Linking store-probe
Build complete! (17.92s)

$ /private/tmp/ds572-rollback-1/probe-baseline/.build/release/store-probe create /private/tmp/ds572-rollback-1/fixture/evidence.sqlite --seed 300
{"command":"create","currentFileCount":0,"database":"\/private\/tmp\/ds572-rollback-1\/fixture\/evidence.sqlite","eventCount":300,"integrity":"ok","journalMode":"wal","ok":true,"retentionRunCount":0,"schemaVersion":6,"snapshotCount":0,"storageBytes":473616}

$ /private/tmp/ds572-rollback-1/probe-baseline/.build/release/store-probe backup /private/tmp/ds572-rollback-1/fixture/evidence.sqlite --destination /private/tmp/ds572-rollback-1/backup/evidence.sqlite
{"command":"backup","currentFileCount":0,"database":"\/private\/tmp\/ds572-rollback-1\/fixture\/evidence.sqlite","eventCount":300,"integrity":"ok","journalMode":"wal","ok":true,"retentionRunCount":0,"schemaVersion":6,"snapshotCount":0,"storageBytes":385024}

$ /private/tmp/ds572-rollback-1/probe-candidate/.build/release/store-probe open /private/tmp/ds572-rollback-1/work-after-consistent-copy/evidence.sqlite --interrupt after-consistent-copy
{"command":"open","database":"\/private\/tmp\/ds572-rollback-1\/work-after-consistent-copy\/evidence.sqlite","interruptedAt":"after-consistent-copy","ok":false}

$ /private/tmp/ds572-rollback-1/probe-candidate/.build/release/store-probe open /private/tmp/ds572-rollback-1/work-after-consistent-copy/evidence.sqlite
{"command":"open","currentFileCount":0,"database":"\/private\/tmp\/ds572-rollback-1\/work-after-consistent-copy\/evidence.sqlite","eventCount":300,"integrity":"ok","journalMode":"wal","ok":true,"retentionRunCount":0,"schemaVersion":14,"snapshotCount":0,"storageBytes":434176}

$ /private/tmp/ds572-rollback-1/probe-candidate/.build/release/store-probe open /private/tmp/ds572-rollback-1/work-after-shadow-validation/evidence.sqlite --interrupt after-shadow-validation
{"command":"open","database":"\/private\/tmp\/ds572-rollback-1\/work-after-shadow-validation\/evidence.sqlite","interruptedAt":"after-shadow-validation","ok":false}

$ /private/tmp/ds572-rollback-1/probe-candidate/.build/release/store-probe open /private/tmp/ds572-rollback-1/work-after-shadow-validation/evidence.sqlite
{"command":"open","currentFileCount":0,"database":"\/private\/tmp\/ds572-rollback-1\/work-after-shadow-validation\/evidence.sqlite","eventCount":300,"integrity":"ok","journalMode":"wal","ok":true,"retentionRunCount":0,"schemaVersion":14,"snapshotCount":0,"storageBytes":434176}

$ /private/tmp/ds572-rollback-1/probe-candidate/.build/release/store-probe open /private/tmp/ds572-rollback-1/work-before-atomic-switch/evidence.sqlite --interrupt before-atomic-switch
{"command":"open","database":"\/private\/tmp\/ds572-rollback-1\/work-before-atomic-switch\/evidence.sqlite","interruptedAt":"before-atomic-switch","ok":false}

$ /private/tmp/ds572-rollback-1/probe-candidate/.build/release/store-probe open /private/tmp/ds572-rollback-1/work-before-atomic-switch/evidence.sqlite
{"command":"open","currentFileCount":0,"database":"\/private\/tmp\/ds572-rollback-1\/work-before-atomic-switch\/evidence.sqlite","eventCount":300,"integrity":"ok","journalMode":"wal","ok":true,"retentionRunCount":0,"schemaVersion":14,"snapshotCount":0,"storageBytes":434176}

$ /private/tmp/ds572-rollback-1/probe-candidate/.build/release/store-probe open /private/tmp/ds572-rollback-1/work-after-atomic-switch/evidence.sqlite --interrupt after-atomic-switch
{"command":"open","database":"\/private\/tmp\/ds572-rollback-1\/work-after-atomic-switch\/evidence.sqlite","interruptedAt":"after-atomic-switch","ok":false}

$ /private/tmp/ds572-rollback-1/probe-candidate/.build/release/store-probe open /private/tmp/ds572-rollback-1/work-after-atomic-switch/evidence.sqlite
{"command":"open","currentFileCount":0,"database":"\/private\/tmp\/ds572-rollback-1\/work-after-atomic-switch\/evidence.sqlite","eventCount":300,"integrity":"ok","journalMode":"wal","ok":true,"retentionRunCount":0,"schemaVersion":14,"snapshotCount":0,"storageBytes":434176}

$ /private/tmp/ds572-rollback-1/probe-candidate/.build/release/store-probe open /private/tmp/ds572-rollback-1/work-uninterrupted/evidence.sqlite
{"command":"open","currentFileCount":0,"database":"\/private\/tmp\/ds572-rollback-1\/work-uninterrupted\/evidence.sqlite","eventCount":300,"integrity":"ok","journalMode":"wal","ok":true,"retentionRunCount":0,"schemaVersion":14,"snapshotCount":0,"storageBytes":434176}

$ /private/tmp/ds572-rollback-1/probe-baseline/.build/release/store-probe open /private/tmp/ds572-rollback-1/scratch-newer/evidence.sqlite
{"command":"open","database":"\/private\/tmp\/ds572-rollback-1\/scratch-newer\/evidence.sqlite","error":"sqlite(code: 20, message: \"Database schema is newer than this application\")","ok":false,"refusedNewerSchema":true}

$ /private/tmp/ds572-rollback-1/probe-baseline/.build/release/store-probe open /private/tmp/ds572-rollback-1/restore/evidence.sqlite
{"command":"open","currentFileCount":0,"database":"\/private\/tmp\/ds572-rollback-1\/restore\/evidence.sqlite","eventCount":300,"integrity":"ok","journalMode":"wal","ok":true,"retentionRunCount":0,"schemaVersion":6,"snapshotCount":0,"storageBytes":385024}

$ /private/tmp/ds572-rollback-1/probe-candidate/.build/release/store-probe open /private/tmp/ds572-rollback-1/restore/evidence.sqlite
{"command":"open","currentFileCount":0,"database":"\/private\/tmp\/ds572-rollback-1\/restore\/evidence.sqlite","eventCount":300,"integrity":"ok","journalMode":"wal","ok":true,"retentionRunCount":0,"schemaVersion":14,"snapshotCount":0,"storageBytes":434176}

