warning: /Users/merdankiji/Library/org.swift.swiftpm/configuration is not accessible or not writable, disabling user-level cache features.
warning: /Users/merdankiji/Library/org.swift.swiftpm/security is not accessible or not writable, disabling user-level cache features.
warning: /Users/merdankiji/Library/Caches/org.swift.swiftpm is not accessible or not writable, disabling user-level cache features.
warning: 'disk-steward-522-lifecycle-dev.9cyz1t': failed storing manifest for 'disk-steward-522-lifecycle-dev.9cyz1t' in cache: attempt to write a readonly database
[0/1] Planning build
Building for debugging...
[0/7] Write sources
[1/7] Write swift-version--58304C5D6DBC2206.txt
[3/5] Compiling DiskStewardCoreTests MonitoringTests.swift
[4/5] Emitting module DiskStewardCoreTests
[4/6] Write Objects.LinkFileList
[5/6] Linking DiskStewardPackageTests
Build complete! (1.15s)
Test Suite 'Selected tests' started at 2026-09-17 16:22:50.866.
Test Suite 'DiskStewardPackageTests.xctest' started at 2026-09-17 16:22:50.866.
Test Suite 'MonitoringTests' started at 2026-09-17 16:22:50.866.
Test Case '-[DiskStewardCoreTests.MonitoringTests testFSEventsInterpreterFiltersExclusionsAndPreservesGapEvidence]' started.
Test Case '-[DiskStewardCoreTests.MonitoringTests testFSEventsInterpreterFiltersExclusionsAndPreservesGapEvidence]' passed (0.002 seconds).
Test Case '-[DiskStewardCoreTests.MonitoringTests testFSEventsMalformedBatchCannotSilentlyLoseCoverage]' started.
/private/tmp/disk-steward-522-lifecycle-dev.9CYz1T/Tests/DiskStewardCoreTests/Monitoring/MonitoringTests.swift:178: error: -[DiskStewardCoreTests.MonitoringTests testFSEventsMalformedBatchCannotSilentlyLoseCoverage] : XCTAssertTrue failed
/private/tmp/disk-steward-522-lifecycle-dev.9CYz1T/Tests/DiskStewardCoreTests/Monitoring/MonitoringTests.swift:179: error: -[DiskStewardCoreTests.MonitoringTests testFSEventsMalformedBatchCannotSilentlyLoseCoverage] : XCTAssertEqual failed: ("nil") is not equal to ("Optional(0)")
Test Case '-[DiskStewardCoreTests.MonitoringTests testFSEventsMalformedBatchCannotSilentlyLoseCoverage]' failed (0.064 seconds).
Test Case '-[DiskStewardCoreTests.MonitoringTests testFSEventsOverflowBecomesOneGapInsteadOfRetainedHints]' started.
/private/tmp/disk-steward-522-lifecycle-dev.9CYz1T/Tests/DiskStewardCoreTests/Monitoring/MonitoringTests.swift:165: error: -[DiskStewardCoreTests.MonitoringTests testFSEventsOverflowBecomesOneGapInsteadOfRetainedHints] : XCTAssertEqual failed: ("Optional(10000)") is not equal to ("Optional(0)")
/private/tmp/disk-steward-522-lifecycle-dev.9CYz1T/Tests/DiskStewardCoreTests/Monitoring/MonitoringTests.swift:166: error: -[DiskStewardCoreTests.MonitoringTests testFSEventsOverflowBecomesOneGapInsteadOfRetainedHints] : XCTAssertTrue failed
/private/tmp/disk-steward-522-lifecycle-dev.9CYz1T/Tests/DiskStewardCoreTests/Monitoring/MonitoringTests.swift:167: error: -[DiskStewardCoreTests.MonitoringTests testFSEventsOverflowBecomesOneGapInsteadOfRetainedHints] : XCTAssertEqual failed: ("Optional(0)") is not equal to ("Optional(1)")
Test Case '-[DiskStewardCoreTests.MonitoringTests testFSEventsOverflowBecomesOneGapInsteadOfRetainedHints]' failed (0.333 seconds).
Test Case '-[DiskStewardCoreTests.MonitoringTests testFSEventsOversizedPathBecomesGapWithoutRetainingPath]' started.
/private/tmp/disk-steward-522-lifecycle-dev.9CYz1T/Tests/DiskStewardCoreTests/Monitoring/MonitoringTests.swift:190: error: -[DiskStewardCoreTests.MonitoringTests testFSEventsOversizedPathBecomesGapWithoutRetainingPath] : XCTAssertTrue failed
/private/tmp/disk-steward-522-lifecycle-dev.9CYz1T/Tests/DiskStewardCoreTests/Monitoring/MonitoringTests.swift:191: error: -[DiskStewardCoreTests.MonitoringTests testFSEventsOversizedPathBecomesGapWithoutRetainingPath] : XCTAssertEqual failed: ("Optional(1)") is not equal to ("Optional(0)")
Test Case '-[DiskStewardCoreTests.MonitoringTests testFSEventsOversizedPathBecomesGapWithoutRetainingPath]' failed (0.002 seconds).
Test Suite 'MonitoringTests' failed at 2026-09-17 16:22:51.268.
	 Executed 4 tests, with 7 failures (0 unexpected) in 0.401 (0.402) seconds
Test Suite 'DiskStewardPackageTests.xctest' failed at 2026-09-17 16:22:51.268.
	 Executed 4 tests, with 7 failures (0 unexpected) in 0.401 (0.402) seconds
Test Suite 'Selected tests' failed at 2026-09-17 16:22:51.268.
	 Executed 4 tests, with 7 failures (0 unexpected) in 0.401 (0.402) seconds
◇ Test run started.
↳ Testing Library Version: 1501
↳ Target Platform: arm64e-apple-macos14.0
✔ Test run with 0 tests in 0 suites passed after 0.001 seconds.
