Building for debugging...
[0/7] Write sources
[1/7] Write swift-version--58304C5D6DBC2206.txt
[3/5] Emitting module DiskStewardAppTests
[4/5] Compiling DiskStewardAppTests MonitoringReceiptTests.swift
/private/tmp/disk-steward-522-lifecycle-dev.9CYz1T/Tests/DiskStewardAppTests/Lifecycle/MonitoringReceiptTests.swift:191:15: warning: result of call to 'releaseDrainWakeIfClean()' is unused [#no-usage]
189 |         let independent = try XCTUnwrap(before.roots.first { $0.rootPath == other.path })
190 |         XCTAssertGreaterThan(independent.observedFileCount, 0, "The independent root must have actual staged progress")
191 |         inbox.releaseDrainWakeIfClean()
    |               `- warning: result of call to 'releaseDrainWakeIfClean()' is unused [#no-usage]
192 |         XCTAssertTrue(inbox.receive(hint(fixture.root.appending(path: "A").path), stream: stream, at: receiptDate))
193 |         try await probe.persistPendingChanges()

/private/tmp/disk-steward-522-lifecycle-dev.9CYz1T/Tests/DiskStewardAppTests/Lifecycle/MonitoringReceiptTests.swift:222:15: warning: result of call to 'receive(_:stream:at:)' is unused [#no-usage]
220 |         XCTAssertGreaterThan(staged.stagedFileCount, 0)
221 |         try FileManager.default.removeItem(at: fixture.root.appending(path: "A"))
222 |         inbox.receive(hint(fixture.root.appending(path: "A").path), stream: stream, at: receiptDate)
    |               `- warning: result of call to 'receive(_:stream:at:)' is unused [#no-usage]
223 |         // Deliberately do not persist/acknowledge the receipt before closing.
224 |         await store.close()
[4/6] Write Objects.LinkFileList
[5/6] Linking DiskStewardPackageTests
Build complete! (1.22s)
Test Suite 'Selected tests' started at 2026-09-17 16:56:03.716.
Test Suite 'DiskStewardPackageTests.xctest' started at 2026-09-17 16:56:03.717.
Test Suite 'MonitoringReceiptTests' started at 2026-09-17 16:56:03.717.
Test Case '-[DiskStewardAppTests.MonitoringReceiptTests testReceiptDrainDoesNotAcknowledgePreviousCrashWithoutUserResume]' started.
/private/tmp/disk-steward-522-lifecycle-dev.9CYz1T/Tests/DiskStewardAppTests/Lifecycle/MonitoringReceiptTests.swift:289: error: -[DiskStewardAppTests.MonitoringReceiptTests testReceiptDrainDoesNotAcknowledgePreviousCrashWithoutUserResume] : XCTAssertTrue failed - Persisting a receipt must not acknowledge an interrupted sample from a previous launch
/private/tmp/disk-steward-522-lifecycle-dev.9CYz1T/Tests/DiskStewardAppTests/Lifecycle/MonitoringReceiptTests.swift:291: error: -[DiskStewardAppTests.MonitoringReceiptTests testReceiptDrainDoesNotAcknowledgePreviousCrashWithoutUserResume] : XCTAssertEqual failed: ("Paused") is not equal to ("Safety Pause")
Test Case '-[DiskStewardAppTests.MonitoringReceiptTests testReceiptDrainDoesNotAcknowledgePreviousCrashWithoutUserResume]' failed (0.140 seconds).
Test Suite 'MonitoringReceiptTests' failed at 2026-09-17 16:56:03.856.
	 Executed 1 test, with 2 failures (0 unexpected) in 0.140 (0.140) seconds
Test Suite 'DiskStewardPackageTests.xctest' failed at 2026-09-17 16:56:03.856.
	 Executed 1 test, with 2 failures (0 unexpected) in 0.140 (0.140) seconds
Test Suite 'Selected tests' failed at 2026-09-17 16:56:03.856.
	 Executed 1 test, with 2 failures (0 unexpected) in 0.140 (0.140) seconds
◇ Test run started.
↳ Testing Library Version: 1501
↳ Target Platform: arm64e-apple-macos14.0
✔ Test run with 0 tests in 0 suites passed after 0.001 seconds.
