[0/1] Planning build
Building for debugging...
[0/7] Write sources
[1/7] Write swift-version--58304C5D6DBC2206.txt
[3/5] Emitting module DiskStewardAppTests
[4/5] Compiling DiskStewardAppTests MonitoringReceiptTests.swift
[4/6] Write Objects.LinkFileList
[5/6] Linking DiskStewardPackageTests
Build complete! (1.40s)
Test Suite 'Selected tests' started at 2026-09-17 17:04:11.688.
Test Suite 'DiskStewardPackageTests.xctest' started at 2026-09-17 17:04:11.688.
Test Suite 'MonitoringReceiptTests' started at 2026-09-17 17:04:11.688.
Test Case '-[DiskStewardAppTests.MonitoringReceiptTests testMailboxCoalescesBurstAndAcknowledgesOnlyCumulativeLatestReceipt]' started.
Test Case '-[DiskStewardAppTests.MonitoringReceiptTests testMailboxCoalescesBurstAndAcknowledgesOnlyCumulativeLatestReceipt]' passed (0.073 seconds).
Test Case '-[DiskStewardAppTests.MonitoringReceiptTests testMailboxStreamIdentityAndOverflowRemainExplicitUncertainty]' started.
Test Case '-[DiskStewardAppTests.MonitoringReceiptTests testMailboxStreamIdentityAndOverflowRemainExplicitUncertainty]' passed (0.000 seconds).
Test Case '-[DiskStewardAppTests.MonitoringReceiptTests testNewProbeInvalidatesStagingAfterUnpersistedReceiptAndStoreReopen]' started.
Test Case '-[DiskStewardAppTests.MonitoringReceiptTests testNewProbeInvalidatesStagingAfterUnpersistedReceiptAndStoreReopen]' passed (0.394 seconds).
Test Case '-[DiskStewardAppTests.MonitoringReceiptTests testNewReceiptDuringActualPersistenceCannotBeClearedByOldCompletion]' started.
Test Case '-[DiskStewardAppTests.MonitoringReceiptTests testNewReceiptDuringActualPersistenceCannotBeClearedByOldCompletion]' passed (0.010 seconds).
Test Case '-[DiskStewardAppTests.MonitoringReceiptTests testOrdinaryControllerReceiptBeforeStoreAdmissionRejectsStalePublication]' started.
Test Case '-[DiskStewardAppTests.MonitoringReceiptTests testOrdinaryControllerReceiptBeforeStoreAdmissionRejectsStalePublication]' passed (0.018 seconds).
Test Case '-[DiskStewardAppTests.MonitoringReceiptTests testOrdinaryControllerReceiptDuringStorePreparationRejectsStalePublication]' started.
Test Case '-[DiskStewardAppTests.MonitoringReceiptTests testOrdinaryControllerReceiptDuringStorePreparationRejectsStalePublication]' passed (0.018 seconds).
Test Case '-[DiskStewardAppTests.MonitoringReceiptTests testOrdinaryProbeReceiptPreservesIndependentRootProgress]' started.
Test Case '-[DiskStewardAppTests.MonitoringReceiptTests testOrdinaryProbeReceiptPreservesIndependentRootProgress]' passed (0.140 seconds).
Test Case '-[DiskStewardAppTests.MonitoringReceiptTests testPauseAndSleepPersistPendingReceiptsAndIgnoreOldCallbacksAfterResume]' started.
Test Case '-[DiskStewardAppTests.MonitoringReceiptTests testPauseAndSleepPersistPendingReceiptsAndIgnoreOldCallbacksAfterResume]' passed (0.026 seconds).
Test Case '-[DiskStewardAppTests.MonitoringReceiptTests testPersistenceFailureFencesSamplingRetainsMarkerAndRetries]' started.
Test Case '-[DiskStewardAppTests.MonitoringReceiptTests testPersistenceFailureFencesSamplingRetainsMarkerAndRetries]' passed (0.014 seconds).
Test Case '-[DiskStewardAppTests.MonitoringReceiptTests testQuitWithUnpersistableReceiptReportsUndrainedAndKeepsSafetyMarker]' started.
Test Case '-[DiskStewardAppTests.MonitoringReceiptTests testQuitWithUnpersistableReceiptReportsUndrainedAndKeepsSafetyMarker]' passed (0.013 seconds).
Test Case '-[DiskStewardAppTests.MonitoringReceiptTests testReceiptDrainDoesNotAcknowledgePreviousCrashWithoutUserResume]' started.
Test Case '-[DiskStewardAppTests.MonitoringReceiptTests testReceiptDrainDoesNotAcknowledgePreviousCrashWithoutUserResume]' passed (0.007 seconds).
Test Case '-[DiskStewardAppTests.MonitoringReceiptTests testUserResumePreservesMarkerForReceiptPersistenceStillInFlight]' started.
Test Case '-[DiskStewardAppTests.MonitoringReceiptTests testUserResumePreservesMarkerForReceiptPersistenceStillInFlight]' passed (1.007 seconds).
Test Suite 'MonitoringReceiptTests' passed at 2026-09-17 17:04:13.410.
	 Executed 12 tests, with 0 failures (0 unexpected) in 1.721 (1.722) seconds
Test Suite 'DiskStewardPackageTests.xctest' passed at 2026-09-17 17:04:13.410.
	 Executed 12 tests, with 0 failures (0 unexpected) in 1.721 (1.722) seconds
Test Suite 'Selected tests' passed at 2026-09-17 17:04:13.410.
	 Executed 12 tests, with 0 failures (0 unexpected) in 1.721 (1.723) seconds
◇ Test run started.
↳ Testing Library Version: 1501
↳ Target Platform: arm64e-apple-macos14.0
✔ Test run with 0 tests in 0 suites passed after 0.001 seconds.
