[0/1] Planning build
Building for production...
[0/5] Write sources
[1/5] Write swift-version--58304C5D6DBC2206.txt
[3/4] Compiling DiskStewardAppTests AgentIntegrationContractTests.swift
[4/6] Compiling DiskStewardPackageTests runner.swift
[4/6] Write Objects.LinkFileList
[5/6] Linking DiskStewardPackageTests
Build complete! (6.45s)
Test Suite 'Selected tests' started at 2026-09-17 17:06:52.312.
Test Suite 'DiskStewardPackageTests.xctest' started at 2026-09-17 17:06:52.313.
Test Suite 'MonitoringLifecycleTests' started at 2026-09-17 17:06:52.313.
Test Case '-[DiskStewardAppTests.MonitoringLifecycleTests testActiveSampleKeepsItsSafetyMarkerThroughPauseResumeAndQuit]' started.
Test Case '-[DiskStewardAppTests.MonitoringLifecycleTests testActiveSampleKeepsItsSafetyMarkerThroughPauseResumeAndQuit]' passed (0.002 seconds).
Test Case '-[DiskStewardAppTests.MonitoringLifecycleTests testBusyFollowUpCannotRunDuringPauseOrSleep]' started.
Test Case '-[DiskStewardAppTests.MonitoringLifecycleTests testBusyFollowUpCannotRunDuringPauseOrSleep]' passed (0.001 seconds).
Test Case '-[DiskStewardAppTests.MonitoringLifecycleTests testConcurrentSampleRequestsAreSingleFlightAndCoalesced]' started.
Test Case '-[DiskStewardAppTests.MonitoringLifecycleTests testConcurrentSampleRequestsAreSingleFlightAndCoalesced]' passed (0.000 seconds).
Test Case '-[DiskStewardAppTests.MonitoringLifecycleTests testConfiguredDatabaseLimitIsTheMonitoringSourceOfTruth]' started.
Test Case '-[DiskStewardAppTests.MonitoringLifecycleTests testConfiguredDatabaseLimitIsTheMonitoringSourceOfTruth]' passed (0.045 seconds).
Test Case '-[DiskStewardAppTests.MonitoringLifecycleTests testDatabasePressureRunsStartupRecoveryBeforeCircuitBreaker]' started.
Test Case '-[DiskStewardAppTests.MonitoringLifecycleTests testDatabasePressureRunsStartupRecoveryBeforeCircuitBreaker]' passed (0.017 seconds).
Test Case '-[DiskStewardAppTests.MonitoringLifecycleTests testDegradedSampleRecoversAndHistoryExplainsBothStates]' started.
Test Case '-[DiskStewardAppTests.MonitoringLifecycleTests testDegradedSampleRecoversAndHistoryExplainsBothStates]' passed (0.001 seconds).
Test Case '-[DiskStewardAppTests.MonitoringLifecycleTests testIncomingPauseSettingDoesNotLeaveCompletedLoopBlockingResume]' started.
Test Case '-[DiskStewardAppTests.MonitoringLifecycleTests testIncomingPauseSettingDoesNotLeaveCompletedLoopBlockingResume]' passed (0.001 seconds).
Test Case '-[DiskStewardAppTests.MonitoringLifecycleTests testInterruptedSampleStartsInSafetyPauseUntilUserResumes]' started.
Test Case '-[DiskStewardAppTests.MonitoringLifecycleTests testInterruptedSampleStartsInSafetyPauseUntilUserResumes]' passed (0.000 seconds).
Test Case '-[DiskStewardAppTests.MonitoringLifecycleTests testLateCompletionCannotUndoPauseSleepOrQuit]' started.
Test Case '-[DiskStewardAppTests.MonitoringLifecycleTests testLateCompletionCannotUndoPauseSleepOrQuit]' passed (0.001 seconds).
Test Case '-[DiskStewardAppTests.MonitoringLifecycleTests testPauseAndResumePersistUserChoice]' started.
Test Case '-[DiskStewardAppTests.MonitoringLifecycleTests testPauseAndResumePersistUserChoice]' passed (0.000 seconds).
Test Case '-[DiskStewardAppTests.MonitoringLifecycleTests testPersistentProbeCapsOneSafetySliceToARepresentableBatch]' started.
Test Case '-[DiskStewardAppTests.MonitoringLifecycleTests testPersistentProbeCapsOneSafetySliceToARepresentableBatch]' passed (0.130 seconds).
Test Case '-[DiskStewardAppTests.MonitoringLifecycleTests testPersistentProbeStoresScheduledSnapshotAndDetailedDelta]' started.
Test Case '-[DiskStewardAppTests.MonitoringLifecycleTests testPersistentProbeStoresScheduledSnapshotAndDetailedDelta]' passed (0.027 seconds).
Test Case '-[DiskStewardAppTests.MonitoringLifecycleTests testQueuedSettingsRestartUsesLatestIntentDuringPeriodicSleep]' started.
Test Case '-[DiskStewardAppTests.MonitoringLifecycleTests testQueuedSettingsRestartUsesLatestIntentDuringPeriodicSleep]' passed (0.001 seconds).
Test Case '-[DiskStewardAppTests.MonitoringLifecycleTests testResourceCircuitBreakerStopsBeforeFilesystemTraversalAndHistoryIsBounded]' started.
Test Case '-[DiskStewardAppTests.MonitoringLifecycleTests testResourceCircuitBreakerStopsBeforeFilesystemTraversalAndHistoryIsBounded]' passed (0.008 seconds).
Test Case '-[DiskStewardAppTests.MonitoringLifecycleTests testResumeWaitsForOldSampleThenStartsFreshOwnedWork]' started.
Test Case '-[DiskStewardAppTests.MonitoringLifecycleTests testResumeWaitsForOldSampleThenStartsFreshOwnedWork]' passed (0.000 seconds).
Test Case '-[DiskStewardAppTests.MonitoringLifecycleTests testSettingsPublisherUsesIncomingScopeAndDoesNotRestartPausedCollector]' started.
Test Case '-[DiskStewardAppTests.MonitoringLifecycleTests testSettingsPublisherUsesIncomingScopeAndDoesNotRestartPausedCollector]' passed (0.000 seconds).
Test Case '-[DiskStewardAppTests.MonitoringLifecycleTests testShutdownDeadlinePreservesUnfinishedMarkerForNextLaunch]' started.
Test Case '-[DiskStewardAppTests.MonitoringLifecycleTests testShutdownDeadlinePreservesUnfinishedMarkerForNextLaunch]' passed (0.000 seconds).
Test Case '-[DiskStewardAppTests.MonitoringLifecycleTests testShutdownDrainsBeforeDeadlineAndSharesOneWaiter]' started.
Test Case '-[DiskStewardAppTests.MonitoringLifecycleTests testShutdownDrainsBeforeDeadlineAndSharesOneWaiter]' passed (0.000 seconds).
Test Case '-[DiskStewardAppTests.MonitoringLifecycleTests testShutdownIsTerminalForQueuedPowerAndUserCallbacks]' started.
Test Case '-[DiskStewardAppTests.MonitoringLifecycleTests testShutdownIsTerminalForQueuedPowerAndUserCallbacks]' passed (0.000 seconds).
Test Case '-[DiskStewardAppTests.MonitoringLifecycleTests testStopCancelsTheOwnedSampleRegardlessOfItsCaller]' started.
Test Case '-[DiskStewardAppTests.MonitoringLifecycleTests testStopCancelsTheOwnedSampleRegardlessOfItsCaller]' passed (0.001 seconds).
Test Case '-[DiskStewardAppTests.MonitoringLifecycleTests testSystemSleepSuspendsWithoutChangingUserChoiceAndWakeRefreshes]' started.
Test Case '-[DiskStewardAppTests.MonitoringLifecycleTests testSystemSleepSuspendsWithoutChangingUserChoiceAndWakeRefreshes]' passed (0.000 seconds).
Test Case '-[DiskStewardAppTests.MonitoringLifecycleTests testZeroShutdownDeadlineAndCompletionRaceLeaveNoUnownedMarker]' started.
Test Case '-[DiskStewardAppTests.MonitoringLifecycleTests testZeroShutdownDeadlineAndCompletionRaceLeaveNoUnownedMarker]' passed (0.001 seconds).
Test Suite 'MonitoringLifecycleTests' passed at 2026-09-17 17:06:52.552.
	 Executed 22 tests, with 0 failures (0 unexpected) in 0.237 (0.239) seconds
Test Suite 'MonitoringProbeCancellationTests' started at 2026-09-17 17:06:52.552.
Test Case '-[DiskStewardAppTests.MonitoringProbeCancellationTests testAlreadyCancelledSampleDoesNotStartResourceOrStoreWork]' started.
Test Case '-[DiskStewardAppTests.MonitoringProbeCancellationTests testAlreadyCancelledSampleDoesNotStartResourceOrStoreWork]' passed (0.007 seconds).
Test Case '-[DiskStewardAppTests.MonitoringProbeCancellationTests testCancellationAfterTraversalDoesNotSubmitItsComputedSlice]' started.
Test Case '-[DiskStewardAppTests.MonitoringProbeCancellationTests testCancellationAfterTraversalDoesNotSubmitItsComputedSlice]' passed (0.028 seconds).
Test Case '-[DiskStewardAppTests.MonitoringProbeCancellationTests testCommittedCancelledSampleStillAdvancesTheNextVolumeBaseline]' started.
Test Case '-[DiskStewardAppTests.MonitoringProbeCancellationTests testCommittedCancelledSampleStillAdvancesTheNextVolumeBaseline]' passed (0.030 seconds).
Test Case '-[DiskStewardAppTests.MonitoringProbeCancellationTests testPartialAndFailedProbeResultsHaveHonestLifecyclePresentation]' started.
Test Case '-[DiskStewardAppTests.MonitoringProbeCancellationTests testPartialAndFailedProbeResultsHaveHonestLifecyclePresentation]' passed (0.124 seconds).
Test Suite 'MonitoringProbeCancellationTests' passed at 2026-09-17 17:06:52.741.
	 Executed 4 tests, with 0 failures (0 unexpected) in 0.189 (0.189) seconds
Test Suite 'MonitoringReceiptTests' started at 2026-09-17 17:06:52.741.
Test Case '-[DiskStewardAppTests.MonitoringReceiptTests testMailboxCoalescesBurstAndAcknowledgesOnlyCumulativeLatestReceipt]' started.
Test Case '-[DiskStewardAppTests.MonitoringReceiptTests testMailboxCoalescesBurstAndAcknowledgesOnlyCumulativeLatestReceipt]' passed (0.045 seconds).
Test Case '-[DiskStewardAppTests.MonitoringReceiptTests testMailboxStreamIdentityAndOverflowRemainExplicitUncertainty]' started.
Test Case '-[DiskStewardAppTests.MonitoringReceiptTests testMailboxStreamIdentityAndOverflowRemainExplicitUncertainty]' passed (0.000 seconds).
Test Case '-[DiskStewardAppTests.MonitoringReceiptTests testNewProbeInvalidatesStagingAfterUnpersistedReceiptAndStoreReopen]' started.
Test Case '-[DiskStewardAppTests.MonitoringReceiptTests testNewProbeInvalidatesStagingAfterUnpersistedReceiptAndStoreReopen]' passed (0.367 seconds).
Test Case '-[DiskStewardAppTests.MonitoringReceiptTests testNewReceiptDuringActualPersistenceCannotBeClearedByOldCompletion]' started.
Test Case '-[DiskStewardAppTests.MonitoringReceiptTests testNewReceiptDuringActualPersistenceCannotBeClearedByOldCompletion]' passed (0.010 seconds).
Test Case '-[DiskStewardAppTests.MonitoringReceiptTests testOrdinaryControllerReceiptBeforeStoreAdmissionRejectsStalePublication]' started.
Test Case '-[DiskStewardAppTests.MonitoringReceiptTests testOrdinaryControllerReceiptBeforeStoreAdmissionRejectsStalePublication]' passed (0.017 seconds).
Test Case '-[DiskStewardAppTests.MonitoringReceiptTests testOrdinaryControllerReceiptDuringStorePreparationRejectsStalePublication]' started.
Test Case '-[DiskStewardAppTests.MonitoringReceiptTests testOrdinaryControllerReceiptDuringStorePreparationRejectsStalePublication]' passed (0.017 seconds).
Test Case '-[DiskStewardAppTests.MonitoringReceiptTests testOrdinaryProbeReceiptPreservesIndependentRootProgress]' started.
Test Case '-[DiskStewardAppTests.MonitoringReceiptTests testOrdinaryProbeReceiptPreservesIndependentRootProgress]' passed (0.140 seconds).
Test Case '-[DiskStewardAppTests.MonitoringReceiptTests testPauseAndSleepPersistPendingReceiptsAndIgnoreOldCallbacksAfterResume]' started.
Test Case '-[DiskStewardAppTests.MonitoringReceiptTests testPauseAndSleepPersistPendingReceiptsAndIgnoreOldCallbacksAfterResume]' passed (0.025 seconds).
Test Case '-[DiskStewardAppTests.MonitoringReceiptTests testPersistenceFailureFencesSamplingRetainsMarkerAndRetries]' started.
Test Case '-[DiskStewardAppTests.MonitoringReceiptTests testPersistenceFailureFencesSamplingRetainsMarkerAndRetries]' passed (0.014 seconds).
Test Case '-[DiskStewardAppTests.MonitoringReceiptTests testQuitWithUnpersistableReceiptReportsUndrainedAndKeepsSafetyMarker]' started.
Test Case '-[DiskStewardAppTests.MonitoringReceiptTests testQuitWithUnpersistableReceiptReportsUndrainedAndKeepsSafetyMarker]' passed (0.012 seconds).
Test Case '-[DiskStewardAppTests.MonitoringReceiptTests testReceiptDrainDoesNotAcknowledgePreviousCrashWithoutUserResume]' started.
Test Case '-[DiskStewardAppTests.MonitoringReceiptTests testReceiptDrainDoesNotAcknowledgePreviousCrashWithoutUserResume]' passed (0.007 seconds).
Test Case '-[DiskStewardAppTests.MonitoringReceiptTests testUserResumePreservesMarkerForReceiptPersistenceStillInFlight]' started.
Test Case '-[DiskStewardAppTests.MonitoringReceiptTests testUserResumePreservesMarkerForReceiptPersistenceStillInFlight]' passed (1.007 seconds).
Test Suite 'MonitoringReceiptTests' passed at 2026-09-17 17:06:54.403.
	 Executed 12 tests, with 0 failures (0 unexpected) in 1.661 (1.662) seconds
Test Suite 'MonitoringTests' started at 2026-09-17 17:06:54.403.
Test Case '-[DiskStewardCoreTests.MonitoringTests testFSEventsInterpreterFiltersExclusionsAndPreservesGapEvidence]' started.
Test Case '-[DiskStewardCoreTests.MonitoringTests testFSEventsInterpreterFiltersExclusionsAndPreservesGapEvidence]' passed (0.001 seconds).
Test Case '-[DiskStewardCoreTests.MonitoringTests testFSEventsMalformedBatchCannotSilentlyLoseCoverage]' started.
Test Case '-[DiskStewardCoreTests.MonitoringTests testFSEventsMalformedBatchCannotSilentlyLoseCoverage]' passed (0.000 seconds).
Test Case '-[DiskStewardCoreTests.MonitoringTests testFSEventsNativeAdapterPreservesBoundedEventsAndRejectsMalformedPaths]' started.
Test Case '-[DiskStewardCoreTests.MonitoringTests testFSEventsNativeAdapterPreservesBoundedEventsAndRejectsMalformedPaths]' passed (0.001 seconds).
Test Case '-[DiskStewardCoreTests.MonitoringTests testFSEventsOverflowBecomesOneGapInsteadOfRetainedHints]' started.
Test Case '-[DiskStewardCoreTests.MonitoringTests testFSEventsOverflowBecomesOneGapInsteadOfRetainedHints]' passed (0.001 seconds).
Test Case '-[DiskStewardCoreTests.MonitoringTests testFSEventsOversizedPathBecomesGapWithoutRetainingPath]' started.
Test Case '-[DiskStewardCoreTests.MonitoringTests testFSEventsOversizedPathBecomesGapWithoutRetainingPath]' passed (0.001 seconds).
Test Case '-[DiskStewardCoreTests.MonitoringTests testFSEventsRejectsHugeCountBeforeAccessingAnyNativeEvent]' started.
Test Case '-[DiskStewardCoreTests.MonitoringTests testFSEventsRejectsHugeCountBeforeAccessingAnyNativeEvent]' passed (0.000 seconds).
Test Case '-[DiskStewardCoreTests.MonitoringTests testGrowthInsideAndOutsideWatchedRootBecomesDetailedAndUnexplained]' started.
Test Case '-[DiskStewardCoreTests.MonitoringTests testGrowthInsideAndOutsideWatchedRootBecomesDetailedAndUnexplained]' passed (0.001 seconds).
Test Case '-[DiskStewardCoreTests.MonitoringTests testMetadataScannerDerivesBoundedChangesWithoutReadingContents]' started.
Test Case '-[DiskStewardCoreTests.MonitoringTests testMetadataScannerDerivesBoundedChangesWithoutReadingContents]' passed (0.001 seconds).
Test Case '-[DiskStewardCoreTests.MonitoringTests testMetadataScannerPreservesSharedIdentityAndLinkCountForHardLinks]' started.
Test Case '-[DiskStewardCoreTests.MonitoringTests testMetadataScannerPreservesSharedIdentityAndLinkCountForHardLinks]' passed (0.001 seconds).
Test Case '-[DiskStewardCoreTests.MonitoringTests testMetadataScannerReportsUnavailableAndEntryLimit]' started.
Test Case '-[DiskStewardCoreTests.MonitoringTests testMetadataScannerReportsUnavailableAndEntryLimit]' passed (0.001 seconds).
Test Case '-[DiskStewardCoreTests.MonitoringTests testNativeFSEventsCollectorEmitsRescanHintForWatchedRoot]' started.
Test Case '-[DiskStewardCoreTests.MonitoringTests testNativeFSEventsCollectorEmitsRescanHintForWatchedRoot]' passed (0.004 seconds).
Test Case '-[DiskStewardCoreTests.MonitoringTests testNativeFSEventsContextOwnsHandlerUntilStreamStops]' started.
Test Case '-[DiskStewardCoreTests.MonitoringTests testNativeFSEventsContextOwnsHandlerUntilStreamStops]' passed (0.013 seconds).
Test Case '-[DiskStewardCoreTests.MonitoringTests testPolicyCombinesStableRegisteredAndActiveInvestigationRoots]' started.
Test Case '-[DiskStewardCoreTests.MonitoringTests testPolicyCombinesStableRegisteredAndActiveInvestigationRoots]' passed (0.001 seconds).
Test Case '-[DiskStewardCoreTests.MonitoringTests testWholeVolumeSamplerReturnsMountedVolumeMetrics]' started.
Test Case '-[DiskStewardCoreTests.MonitoringTests testWholeVolumeSamplerReturnsMountedVolumeMetrics]' passed (0.007 seconds).
Test Case '-[DiskStewardCoreTests.MonitoringTests testWriteCoalescerMergesOnlyMatchingPathAndOperationInWindow]' started.
Test Case '-[DiskStewardCoreTests.MonitoringTests testWriteCoalescerMergesOnlyMatchingPathAndOperationInWindow]' passed (0.000 seconds).
Test Suite 'MonitoringTests' passed at 2026-09-17 17:06:54.435.
	 Executed 15 tests, with 0 failures (0 unexpected) in 0.031 (0.032) seconds
Test Suite 'NotificationDeliveryTests' started at 2026-09-17 17:06:54.435.
Test Case '-[DiskStewardAppTests.NotificationDeliveryTests testAlreadyCancelledDeliveryDoesNotContactCenter]' started.
Test Case '-[DiskStewardAppTests.NotificationDeliveryTests testAlreadyCancelledDeliveryDoesNotContactCenter]' passed (0.000 seconds).
Test Case '-[DiskStewardAppTests.NotificationDeliveryTests testAuthorizedProvisionalAndNewlyGrantedDeliveryPreservePayload]' started.
Test Case '-[DiskStewardAppTests.NotificationDeliveryTests testAuthorizedProvisionalAndNewlyGrantedDeliveryPreservePayload]' passed (0.000 seconds).
Test Case '-[DiskStewardAppTests.NotificationDeliveryTests testDeniedRefusedAndFailedAuthorizationDoNotSubmit]' started.
Test Case '-[DiskStewardAppTests.NotificationDeliveryTests testDeniedRefusedAndFailedAuthorizationDoNotSubmit]' passed (0.000 seconds).
Test Case '-[DiskStewardAppTests.NotificationDeliveryTests testQuitDeadlineDoesNotClaimAnUnfinishedSubmissionDrained]' started.
Test Case '-[DiskStewardAppTests.NotificationDeliveryTests testQuitDeadlineDoesNotClaimAnUnfinishedSubmissionDrained]' passed (0.001 seconds).
Test Case '-[DiskStewardAppTests.NotificationDeliveryTests testStopDuringAuthorizationPreventsSubmission]' started.
Test Case '-[DiskStewardAppTests.NotificationDeliveryTests testStopDuringAuthorizationPreventsSubmission]' passed (0.001 seconds).
Test Case '-[DiskStewardAppTests.NotificationDeliveryTests testStopDuringSettingsReadPreventsPromptAndSubmission]' started.
Test Case '-[DiskStewardAppTests.NotificationDeliveryTests testStopDuringSettingsReadPreventsPromptAndSubmission]' passed (0.002 seconds).
Test Case '-[DiskStewardAppTests.NotificationDeliveryTests testSubmittedAlertCanCompleteButCancellationStopsTheNextAlert]' started.
Test Case '-[DiskStewardAppTests.NotificationDeliveryTests testSubmittedAlertCanCompleteButCancellationStopsTheNextAlert]' passed (0.001 seconds).
Test Suite 'NotificationDeliveryTests' passed at 2026-09-17 17:06:54.442.
	 Executed 7 tests, with 0 failures (0 unexpected) in 0.006 (0.006) seconds
Test Suite 'ScanPublicationFenceTests' started at 2026-09-17 17:06:54.442.
Test Case '-[DiskStewardCoreTests.ScanPublicationFenceTests testCancellationInsideGuardedCommitPreservesErrorAndConnectionRecovery]' started.
Test Case '-[DiskStewardCoreTests.ScanPublicationFenceTests testCancellationInsideGuardedCommitPreservesErrorAndConnectionRecovery]' passed (0.001 seconds).
Test Case '-[DiskStewardCoreTests.ScanPublicationFenceTests testGuardedCommitDoesNotWaitForAConflictingSQLiteReader]' started.
Test Case '-[DiskStewardCoreTests.ScanPublicationFenceTests testGuardedCommitDoesNotWaitForAConflictingSQLiteReader]' passed (0.001 seconds).
Test Case '-[DiskStewardCoreTests.ScanPublicationFenceTests testPendingAndNewerReceiptsCannotBeAcknowledgedByAnOlderCompletion]' started.
Test Case '-[DiskStewardCoreTests.ScanPublicationFenceTests testPendingAndNewerReceiptsCannotBeAcknowledgedByAnOlderCompletion]' passed (0.000 seconds).
Test Case '-[DiskStewardCoreTests.ScanPublicationFenceTests testReceiptAfterPublicationDoesNotRetroactivelyUndoTheCommittedObservation]' started.
Test Case '-[DiskStewardCoreTests.ScanPublicationFenceTests testReceiptAfterPublicationDoesNotRetroactivelyUndoTheCommittedObservation]' passed (0.010 seconds).
Test Case '-[DiskStewardCoreTests.ScanPublicationFenceTests testReceiptBeforeStoreAdmissionRejectsWithoutStartingStaging]' started.
Test Case '-[DiskStewardCoreTests.ScanPublicationFenceTests testReceiptBeforeStoreAdmissionRejectsWithoutStartingStaging]' passed (0.007 seconds).
Test Case '-[DiskStewardCoreTests.ScanPublicationFenceTests testReceiptDuringPreparedPublicationRollsBackCurrentStateAndRecovers]' started.
Test Case '-[DiskStewardCoreTests.ScanPublicationFenceTests testReceiptDuringPreparedPublicationRollsBackCurrentStateAndRecovers]' passed (0.042 seconds).
Test Case '-[DiskStewardCoreTests.ScanPublicationFenceTests testSupersededCommitRollsBackAndLeavesConnectionReusable]' started.
Test Case '-[DiskStewardCoreTests.ScanPublicationFenceTests testSupersededCommitRollsBackAndLeavesConnectionReusable]' passed (0.001 seconds).
Test Suite 'ScanPublicationFenceTests' passed at 2026-09-17 17:06:54.504.
	 Executed 7 tests, with 0 failures (0 unexpected) in 0.062 (0.063) seconds
Test Suite 'DiskStewardPackageTests.xctest' passed at 2026-09-17 17:06:54.504.
	 Executed 67 tests, with 0 failures (0 unexpected) in 2.186 (2.191) seconds
Test Suite 'Selected tests' passed at 2026-09-17 17:06:54.504.
	 Executed 67 tests, with 0 failures (0 unexpected) in 2.186 (2.192) seconds
◇ Test run started.
↳ Testing Library Version: 1501
↳ Target Platform: arm64e-apple-macos14.0
✔ Test run with 0 tests in 0 suites passed after 0.001 seconds.
