warning: /Users/merdankiji/Library/org.swift.swiftpm/configuration is not accessible or not writable, disabling user-level cache features.
warning: /Users/merdankiji/Library/org.swift.swiftpm/security is not accessible or not writable, disabling user-level cache features.
warning: /Users/merdankiji/Library/Caches/org.swift.swiftpm is not accessible or not writable, disabling user-level cache features.
warning: 'disk-steward-522-lifecycle-dev.9cyz1t': failed storing manifest for 'disk-steward-522-lifecycle-dev.9cyz1t' in cache: attempt to write a readonly database
Building for debugging...
[0/8] Write sources
[2/8] Write swift-version--58304C5D6DBC2206.txt
[4/8] Emitting module DiskStewardApp
[5/8] Compiling DiskStewardApp PersistentMonitoringProbe.swift
[5/10] Write Objects.LinkFileList
[6/10] Linking DiskStewardApp
[7/10] Applying DiskStewardApp
[9/12] Emitting module DiskStewardAppTests
[10/12] Compiling DiskStewardAppTests MonitoringLifecycleTests.swift
/private/tmp/disk-steward-522-lifecycle-dev.9CYz1T/Tests/DiskStewardAppTests/Lifecycle/MonitoringLifecycleTests.swift:359:70: error: cannot find 'probe' in scope
357 |             safetyState: safety
358 |         )
359 |         addTeardownBlock { @MainActor in lifecycle.shutdown(); await probe.finish() }
    |                                                                      `- error: cannot find 'probe' in scope
360 | 
361 |         XCTAssertEqual(lifecycle.status.kind, .degraded)
error: fatalError
