warning: /Users/merdankiji/Library/org.swift.swiftpm/configuration is not accessible or not writable, disabling user-level cache features.
warning: /Users/merdankiji/Library/org.swift.swiftpm/security is not accessible or not writable, disabling user-level cache features.
warning: /Users/merdankiji/Library/Caches/org.swift.swiftpm is not accessible or not writable, disabling user-level cache features.
warning: 'disk-steward-522-lifecycle-dev.9cyz1t': failed storing manifest for 'disk-steward-522-lifecycle-dev.9cyz1t' in cache: attempt to write a readonly database
Building for debugging...
[0/7] Write sources
[1/7] Write swift-version--58304C5D6DBC2206.txt
[3/7] Compiling DiskStewardApp UserNotificationDelivery.swift
[4/7] Emitting module DiskStewardApp
[4/8] Write Objects.LinkFileList
[5/8] Linking DiskStewardApp
[6/8] Applying DiskStewardApp
[8/9] Emitting module DiskStewardAppTests
[8/10] Write Objects.LinkFileList
[9/10] Linking DiskStewardPackageTests
Build complete! (1.82s)
Test Suite 'Selected tests' started at 2026-09-17 15:56:31.104.
Test Suite 'DiskStewardPackageTests.xctest' started at 2026-09-17 15:56:31.104.
Test Suite 'MonitoringLifecycleTests' started at 2026-09-17 15:56:31.104.
Test Case '-[DiskStewardAppTests.MonitoringLifecycleTests testActiveSampleKeepsItsSafetyMarkerThroughPauseResumeAndQuit]' started.
Test Case '-[DiskStewardAppTests.MonitoringLifecycleTests testActiveSampleKeepsItsSafetyMarkerThroughPauseResumeAndQuit]' passed (0.002 seconds).
Test Case '-[DiskStewardAppTests.MonitoringLifecycleTests testBusyFollowUpCannotRunDuringPauseOrSleep]' started.
Test Case '-[DiskStewardAppTests.MonitoringLifecycleTests testBusyFollowUpCannotRunDuringPauseOrSleep]' passed (0.001 seconds).
Test Case '-[DiskStewardAppTests.MonitoringLifecycleTests testConcurrentSampleRequestsAreSingleFlightAndCoalesced]' started.
Test Case '-[DiskStewardAppTests.MonitoringLifecycleTests testConcurrentSampleRequestsAreSingleFlightAndCoalesced]' passed (0.001 seconds).
Test Case '-[DiskStewardAppTests.MonitoringLifecycleTests testConfiguredDatabaseLimitIsTheMonitoringSourceOfTruth]' started.
Test Case '-[DiskStewardAppTests.MonitoringLifecycleTests testConfiguredDatabaseLimitIsTheMonitoringSourceOfTruth]' passed (0.045 seconds).
Test Case '-[DiskStewardAppTests.MonitoringLifecycleTests testDatabasePressureRunsStartupRecoveryBeforeCircuitBreaker]' started.
Test Case '-[DiskStewardAppTests.MonitoringLifecycleTests testDatabasePressureRunsStartupRecoveryBeforeCircuitBreaker]' passed (0.024 seconds).
Test Case '-[DiskStewardAppTests.MonitoringLifecycleTests testDegradedSampleRecoversAndHistoryExplainsBothStates]' started.
Test Case '-[DiskStewardAppTests.MonitoringLifecycleTests testDegradedSampleRecoversAndHistoryExplainsBothStates]' passed (0.005 seconds).
Test Case '-[DiskStewardAppTests.MonitoringLifecycleTests testIncomingPauseSettingDoesNotLeaveCompletedLoopBlockingResume]' started.
Test Case '-[DiskStewardAppTests.MonitoringLifecycleTests testIncomingPauseSettingDoesNotLeaveCompletedLoopBlockingResume]' passed (0.001 seconds).
Test Case '-[DiskStewardAppTests.MonitoringLifecycleTests testInterruptedSampleStartsInSafetyPauseUntilUserResumes]' started.
Test Case '-[DiskStewardAppTests.MonitoringLifecycleTests testInterruptedSampleStartsInSafetyPauseUntilUserResumes]' passed (0.000 seconds).
Test Case '-[DiskStewardAppTests.MonitoringLifecycleTests testLateCompletionCannotUndoPauseSleepOrQuit]' started.
Test Case '-[DiskStewardAppTests.MonitoringLifecycleTests testLateCompletionCannotUndoPauseSleepOrQuit]' passed (0.001 seconds).
Test Case '-[DiskStewardAppTests.MonitoringLifecycleTests testPauseAndResumePersistUserChoice]' started.
Test Case '-[DiskStewardAppTests.MonitoringLifecycleTests testPauseAndResumePersistUserChoice]' passed (0.000 seconds).
Test Case '-[DiskStewardAppTests.MonitoringLifecycleTests testPersistentProbeCapsOneSafetySliceToARepresentableBatch]' started.
Test Case '-[DiskStewardAppTests.MonitoringLifecycleTests testPersistentProbeCapsOneSafetySliceToARepresentableBatch]' passed (0.438 seconds).
Test Case '-[DiskStewardAppTests.MonitoringLifecycleTests testPersistentProbeStoresScheduledSnapshotAndDetailedDelta]' started.
Test Case '-[DiskStewardAppTests.MonitoringLifecycleTests testPersistentProbeStoresScheduledSnapshotAndDetailedDelta]' passed (0.051 seconds).
Test Case '-[DiskStewardAppTests.MonitoringLifecycleTests testQueuedSettingsRestartUsesLatestIntentDuringPeriodicSleep]' started.
Test Case '-[DiskStewardAppTests.MonitoringLifecycleTests testQueuedSettingsRestartUsesLatestIntentDuringPeriodicSleep]' passed (0.002 seconds).
Test Case '-[DiskStewardAppTests.MonitoringLifecycleTests testResourceCircuitBreakerStopsBeforeFilesystemTraversalAndHistoryIsBounded]' started.
Test Case '-[DiskStewardAppTests.MonitoringLifecycleTests testResourceCircuitBreakerStopsBeforeFilesystemTraversalAndHistoryIsBounded]' passed (0.016 seconds).
Test Case '-[DiskStewardAppTests.MonitoringLifecycleTests testResumeWaitsForOldSampleThenStartsFreshOwnedWork]' started.
Test Case '-[DiskStewardAppTests.MonitoringLifecycleTests testResumeWaitsForOldSampleThenStartsFreshOwnedWork]' passed (0.001 seconds).
Test Case '-[DiskStewardAppTests.MonitoringLifecycleTests testSettingsPublisherUsesIncomingScopeAndDoesNotRestartPausedCollector]' started.
Test Case '-[DiskStewardAppTests.MonitoringLifecycleTests testSettingsPublisherUsesIncomingScopeAndDoesNotRestartPausedCollector]' passed (0.000 seconds).
Test Case '-[DiskStewardAppTests.MonitoringLifecycleTests testShutdownDeadlinePreservesUnfinishedMarkerForNextLaunch]' started.
Test Case '-[DiskStewardAppTests.MonitoringLifecycleTests testShutdownDeadlinePreservesUnfinishedMarkerForNextLaunch]' passed (0.001 seconds).
Test Case '-[DiskStewardAppTests.MonitoringLifecycleTests testShutdownDrainsBeforeDeadlineAndSharesOneWaiter]' started.
Test Case '-[DiskStewardAppTests.MonitoringLifecycleTests testShutdownDrainsBeforeDeadlineAndSharesOneWaiter]' passed (0.000 seconds).
Test Case '-[DiskStewardAppTests.MonitoringLifecycleTests testShutdownIsTerminalForQueuedPowerAndUserCallbacks]' started.
Test Case '-[DiskStewardAppTests.MonitoringLifecycleTests testShutdownIsTerminalForQueuedPowerAndUserCallbacks]' passed (0.001 seconds).
Test Case '-[DiskStewardAppTests.MonitoringLifecycleTests testStopCancelsTheOwnedSampleRegardlessOfItsCaller]' started.
Test Case '-[DiskStewardAppTests.MonitoringLifecycleTests testStopCancelsTheOwnedSampleRegardlessOfItsCaller]' passed (0.001 seconds).
Test Case '-[DiskStewardAppTests.MonitoringLifecycleTests testSystemSleepSuspendsWithoutChangingUserChoiceAndWakeRefreshes]' started.
Test Case '-[DiskStewardAppTests.MonitoringLifecycleTests testSystemSleepSuspendsWithoutChangingUserChoiceAndWakeRefreshes]' passed (0.000 seconds).
Test Case '-[DiskStewardAppTests.MonitoringLifecycleTests testZeroShutdownDeadlineAndCompletionRaceLeaveNoUnownedMarker]' started.
Test Case '-[DiskStewardAppTests.MonitoringLifecycleTests testZeroShutdownDeadlineAndCompletionRaceLeaveNoUnownedMarker]' passed (0.001 seconds).
Test Suite 'MonitoringLifecycleTests' passed at 2026-09-17 15:56:31.697.
	 Executed 22 tests, with 0 failures (0 unexpected) in 0.591 (0.593) seconds
Test Suite 'MonitoringProbeCancellationTests' started at 2026-09-17 15:56:31.697.
Test Case '-[DiskStewardAppTests.MonitoringProbeCancellationTests testAlreadyCancelledSampleDoesNotStartResourceOrStoreWork]' started.
Test Case '-[DiskStewardAppTests.MonitoringProbeCancellationTests testAlreadyCancelledSampleDoesNotStartResourceOrStoreWork]' passed (0.014 seconds).
Test Case '-[DiskStewardAppTests.MonitoringProbeCancellationTests testCancellationAfterTraversalDoesNotSubmitItsComputedSlice]' started.
Test Case '-[DiskStewardAppTests.MonitoringProbeCancellationTests testCancellationAfterTraversalDoesNotSubmitItsComputedSlice]' passed (0.044 seconds).
Test Case '-[DiskStewardAppTests.MonitoringProbeCancellationTests testCommittedCancelledSampleStillAdvancesTheNextVolumeBaseline]' started.
Test Case '-[DiskStewardAppTests.MonitoringProbeCancellationTests testCommittedCancelledSampleStillAdvancesTheNextVolumeBaseline]' passed (0.068 seconds).
Test Case '-[DiskStewardAppTests.MonitoringProbeCancellationTests testPartialAndFailedProbeResultsHaveHonestLifecyclePresentation]' started.
Test Case '-[DiskStewardAppTests.MonitoringProbeCancellationTests testPartialAndFailedProbeResultsHaveHonestLifecyclePresentation]' passed (0.221 seconds).
Test Suite 'MonitoringProbeCancellationTests' passed at 2026-09-17 15:56:32.045.
	 Executed 4 tests, with 0 failures (0 unexpected) in 0.347 (0.348) seconds
Test Suite 'NotificationDeliveryTests' started at 2026-09-17 15:56:32.045.
Test Case '-[DiskStewardAppTests.NotificationDeliveryTests testAlreadyCancelledDeliveryDoesNotContactCenter]' started.
Test Case '-[DiskStewardAppTests.NotificationDeliveryTests testAlreadyCancelledDeliveryDoesNotContactCenter]' passed (0.000 seconds).
Test Case '-[DiskStewardAppTests.NotificationDeliveryTests testAuthorizedProvisionalAndNewlyGrantedDeliveryPreservePayload]' started.
Test Case '-[DiskStewardAppTests.NotificationDeliveryTests testAuthorizedProvisionalAndNewlyGrantedDeliveryPreservePayload]' passed (0.000 seconds).
Test Case '-[DiskStewardAppTests.NotificationDeliveryTests testDeniedRefusedAndFailedAuthorizationDoNotSubmit]' started.
Test Case '-[DiskStewardAppTests.NotificationDeliveryTests testDeniedRefusedAndFailedAuthorizationDoNotSubmit]' passed (0.000 seconds).
Test Case '-[DiskStewardAppTests.NotificationDeliveryTests testQuitDeadlineDoesNotClaimAnUnfinishedSubmissionDrained]' started.
Test Case '-[DiskStewardAppTests.NotificationDeliveryTests testQuitDeadlineDoesNotClaimAnUnfinishedSubmissionDrained]' passed (0.001 seconds).
Test Case '-[DiskStewardAppTests.NotificationDeliveryTests testStopDuringAuthorizationPreventsSubmission]' started.
Test Case '-[DiskStewardAppTests.NotificationDeliveryTests testStopDuringAuthorizationPreventsSubmission]' passed (0.002 seconds).
Test Case '-[DiskStewardAppTests.NotificationDeliveryTests testStopDuringSettingsReadPreventsPromptAndSubmission]' started.
Test Case '-[DiskStewardAppTests.NotificationDeliveryTests testStopDuringSettingsReadPreventsPromptAndSubmission]' passed (0.003 seconds).
Test Case '-[DiskStewardAppTests.NotificationDeliveryTests testSubmittedAlertCanCompleteButCancellationStopsTheNextAlert]' started.
Test Case '-[DiskStewardAppTests.NotificationDeliveryTests testSubmittedAlertCanCompleteButCancellationStopsTheNextAlert]' passed (0.001 seconds).
Test Suite 'NotificationDeliveryTests' passed at 2026-09-17 15:56:32.053.
	 Executed 7 tests, with 0 failures (0 unexpected) in 0.007 (0.008) seconds
Test Suite 'DiskStewardPackageTests.xctest' passed at 2026-09-17 15:56:32.053.
	 Executed 33 tests, with 0 failures (0 unexpected) in 0.946 (0.948) seconds
Test Suite 'Selected tests' passed at 2026-09-17 15:56:32.053.
	 Executed 33 tests, with 0 failures (0 unexpected) in 0.946 (0.949) seconds
◇ Test run started.
↳ Testing Library Version: 1501
↳ Target Platform: arm64e-apple-macos14.0
✔ Test run with 0 tests in 0 suites passed after 0.001 seconds.
