warning: /Users/merdankiji/Library/org.swift.swiftpm/configuration is not accessible or not writable, disabling user-level cache features.
warning: /Users/merdankiji/Library/org.swift.swiftpm/security is not accessible or not writable, disabling user-level cache features.
warning: /Users/merdankiji/Library/Caches/org.swift.swiftpm is not accessible or not writable, disabling user-level cache features.
warning: 'disk-steward-522-lifecycle-dev.9cyz1t': failed storing manifest for 'disk-steward-522-lifecycle-dev.9cyz1t' in cache: attempt to write a readonly database
[0/1] Planning build
Building for debugging...
[0/9] Write sources
[2/9] Write swift-version--58304C5D6DBC2206.txt
[4/9] Emitting module DiskStewardApp
[5/9] Compiling DiskStewardApp UserNotificationDelivery.swift
[6/14] Compiling DiskStewardApp StatusBoardView.swift
[7/14] Compiling DiskStewardApp StatusItemController.swift
[8/14] Compiling DiskStewardApp StatusBoardViewModel.swift
[9/14] Compiling DiskStewardApp MonitoringLifecycleController.swift
[10/14] Compiling DiskStewardApp MonitoringSettingsView.swift
[10/15] Write Objects.LinkFileList
[11/15] Linking DiskStewardApp
[12/15] Applying DiskStewardApp
[14/46] Compiling SafetyTests SafetyTests.swift
[15/46] Emitting module SafetyTests
[16/46] Compiling DiskStewardAppTests ThresholdNotificationPolicyTests.swift
[17/47] Compiling DiskStewardAppTests RetentionScheduleTests.swift
[18/47] Compiling DiskStewardAppTests StatusBoardEvidenceExportTests.swift
[19/47] Compiling IncrementTests AgentQueryableEvidenceIncrementTests.swift
[20/47] Compiling IncrementTests PersistentRecorderIncrementTests.swift
[21/47] Compiling IncrementTests SnapshotIncrementTests.swift
[22/47] Compiling IncrementTests FinalProductIncrementTests.swift
[23/47] Emitting module IncrementTests
[24/47] Compiling DiskStewardAppTests StatusBoardPresentationTests.swift
[25/47] Compiling DiskStewardAppTests AppEvidenceIPCIntegrationTests.swift
[26/47] Compiling DiskStewardAppTests BackendIsolationTests.swift
[27/47] Compiling DiskStewardAppTests MonitoringProbeCancellationTests.swift
[28/47] Compiling DiskStewardAppTests MonitoringSettingsTests.swift
[29/47] Compiling DiskStewardAppTests RemainingClientsAdapterTests.swift
[30/47] Compiling DiskStewardAppTests DiskStewardAppTests.swift
[31/47] Compiling DiskStewardAppTests AgentIntegrationContractTests.swift
[32/47] Compiling DiskStewardAppTests AgentIntegrationHardeningTests.swift
[33/47] Compiling DiskStewardAppTests CommandRunnerRegressionTests.swift
[34/47] Compiling DiskStewardAppTests NativeClientLifecycleTests.swift
[35/47] Compiling DiskStewardAppTests AgentIntegrationsPresentationTests.swift
[36/47] Compiling DiskStewardAppTests CodexAndClaudeCodeAdapterTests.swift
[37/47] Compiling DiskStewardAppTests MonitoringLifecycleTests.swift
[38/47] Compiling DiskStewardAppTests MCPAccessTests.swift
[39/47] Compiling DiskStewardAppTests NotificationDeliveryTests.swift
[40/47] Compiling DiskStewardAppTests AuthoritativeMCPReadModelTests.swift
[41/47] Compiling DiskStewardAppTests VerificationIsolationTests.swift
[42/47] Compiling DiskStewardAppTests LaunchAtLoginControllerTests.swift
[43/47] Compiling DiskStewardAppTests RequestCancellationTests.swift
[44/47] Compiling DiskStewardAppTests SocketOwnershipRegressionTests.swift
[45/47] Emitting module DiskStewardAppTests
[45/47] Write Objects.LinkFileList
[46/47] Linking DiskStewardPackageTests
Build complete! (3.35s)
Test Suite 'Selected tests' started at 2026-09-17 15:55:49.458.
Test Suite 'DiskStewardPackageTests.xctest' started at 2026-09-17 15:55:49.458.
Test Suite 'NotificationDeliveryTests' started at 2026-09-17 15:55:49.458.
Test Case '-[DiskStewardAppTests.NotificationDeliveryTests testAlreadyCancelledDeliveryDoesNotContactCenter]' started.
/private/tmp/disk-steward-522-lifecycle-dev.9CYz1T/Tests/DiskStewardAppTests/Lifecycle/NotificationDeliveryTests.swift:53: error: -[DiskStewardAppTests.NotificationDeliveryTests testAlreadyCancelledDeliveryDoesNotContactCenter] : XCTAssertEqual failed: ("1") is not equal to ("0")
/private/tmp/disk-steward-522-lifecycle-dev.9CYz1T/Tests/DiskStewardAppTests/Lifecycle/NotificationDeliveryTests.swift:54: error: -[DiskStewardAppTests.NotificationDeliveryTests testAlreadyCancelledDeliveryDoesNotContactCenter] : XCTAssertEqual failed: ("1") is not equal to ("0")
/private/tmp/disk-steward-522-lifecycle-dev.9CYz1T/Tests/DiskStewardAppTests/Lifecycle/NotificationDeliveryTests.swift:55: error: -[DiskStewardAppTests.NotificationDeliveryTests testAlreadyCancelledDeliveryDoesNotContactCenter] : XCTAssertTrue failed
Test Case '-[DiskStewardAppTests.NotificationDeliveryTests testAlreadyCancelledDeliveryDoesNotContactCenter]' failed (0.068 seconds).
Test Case '-[DiskStewardAppTests.NotificationDeliveryTests testAuthorizedProvisionalAndNewlyGrantedDeliveryPreservePayload]' started.
Test Case '-[DiskStewardAppTests.NotificationDeliveryTests testAuthorizedProvisionalAndNewlyGrantedDeliveryPreservePayload]' passed (0.000 seconds).
Test Case '-[DiskStewardAppTests.NotificationDeliveryTests testDeniedRefusedAndFailedAuthorizationDoNotSubmit]' started.
/private/tmp/disk-steward-522-lifecycle-dev.9CYz1T/Tests/DiskStewardAppTests/Lifecycle/NotificationDeliveryTests.swift:65: error: -[DiskStewardAppTests.NotificationDeliveryTests testDeniedRefusedAndFailedAuthorizationDoNotSubmit] : XCTAssertTrue failed - denied
/private/tmp/disk-steward-522-lifecycle-dev.9CYz1T/Tests/DiskStewardAppTests/Lifecycle/NotificationDeliveryTests.swift:65: error: -[DiskStewardAppTests.NotificationDeliveryTests testDeniedRefusedAndFailedAuthorizationDoNotSubmit] : XCTAssertTrue failed - refused
/private/tmp/disk-steward-522-lifecycle-dev.9CYz1T/Tests/DiskStewardAppTests/Lifecycle/NotificationDeliveryTests.swift:65: error: -[DiskStewardAppTests.NotificationDeliveryTests testDeniedRefusedAndFailedAuthorizationDoNotSubmit] : XCTAssertTrue failed - error
Test Case '-[DiskStewardAppTests.NotificationDeliveryTests testDeniedRefusedAndFailedAuthorizationDoNotSubmit]' failed (0.000 seconds).
Test Case '-[DiskStewardAppTests.NotificationDeliveryTests testQuitDeadlineDoesNotClaimAnUnfinishedSubmissionDrained]' started.
Test Case '-[DiskStewardAppTests.NotificationDeliveryTests testQuitDeadlineDoesNotClaimAnUnfinishedSubmissionDrained]' passed (0.002 seconds).
Test Case '-[DiskStewardAppTests.NotificationDeliveryTests testStopDuringAuthorizationPreventsSubmission]' started.
/private/tmp/disk-steward-522-lifecycle-dev.9CYz1T/Tests/DiskStewardAppTests/Lifecycle/NotificationDeliveryTests.swift:40: error: -[DiskStewardAppTests.NotificationDeliveryTests testStopDuringAuthorizationPreventsSubmission] : XCTAssertTrue failed - pause
/private/tmp/disk-steward-522-lifecycle-dev.9CYz1T/Tests/DiskStewardAppTests/Lifecycle/NotificationDeliveryTests.swift:40: error: -[DiskStewardAppTests.NotificationDeliveryTests testStopDuringAuthorizationPreventsSubmission] : XCTAssertTrue failed - sleep
/private/tmp/disk-steward-522-lifecycle-dev.9CYz1T/Tests/DiskStewardAppTests/Lifecycle/NotificationDeliveryTests.swift:40: error: -[DiskStewardAppTests.NotificationDeliveryTests testStopDuringAuthorizationPreventsSubmission] : XCTAssertTrue failed - quit
/private/tmp/disk-steward-522-lifecycle-dev.9CYz1T/Tests/DiskStewardAppTests/Lifecycle/NotificationDeliveryTests.swift:40: error: -[DiskStewardAppTests.NotificationDeliveryTests testStopDuringAuthorizationPreventsSubmission] : XCTAssertTrue failed - settingsPause
/private/tmp/disk-steward-522-lifecycle-dev.9CYz1T/Tests/DiskStewardAppTests/Lifecycle/NotificationDeliveryTests.swift:40: error: -[DiskStewardAppTests.NotificationDeliveryTests testStopDuringAuthorizationPreventsSubmission] : XCTAssertTrue failed - settingsChange
Test Case '-[DiskStewardAppTests.NotificationDeliveryTests testStopDuringAuthorizationPreventsSubmission]' failed (0.002 seconds).
Test Case '-[DiskStewardAppTests.NotificationDeliveryTests testStopDuringSettingsReadPreventsPromptAndSubmission]' started.
/private/tmp/disk-steward-522-lifecycle-dev.9CYz1T/Tests/DiskStewardAppTests/Lifecycle/NotificationDeliveryTests.swift:22: error: -[DiskStewardAppTests.NotificationDeliveryTests testStopDuringSettingsReadPreventsPromptAndSubmission] : XCTAssertTrue failed - pause, UNAuthorizationStatus(rawValue: 2)
/private/tmp/disk-steward-522-lifecycle-dev.9CYz1T/Tests/DiskStewardAppTests/Lifecycle/NotificationDeliveryTests.swift:21: error: -[DiskStewardAppTests.NotificationDeliveryTests testStopDuringSettingsReadPreventsPromptAndSubmission] : XCTAssertEqual failed: ("1") is not equal to ("0") - pause, UNAuthorizationStatus(rawValue: 0)
/private/tmp/disk-steward-522-lifecycle-dev.9CYz1T/Tests/DiskStewardAppTests/Lifecycle/NotificationDeliveryTests.swift:22: error: -[DiskStewardAppTests.NotificationDeliveryTests testStopDuringSettingsReadPreventsPromptAndSubmission] : XCTAssertTrue failed - pause, UNAuthorizationStatus(rawValue: 0)
/private/tmp/disk-steward-522-lifecycle-dev.9CYz1T/Tests/DiskStewardAppTests/Lifecycle/NotificationDeliveryTests.swift:22: error: -[DiskStewardAppTests.NotificationDeliveryTests testStopDuringSettingsReadPreventsPromptAndSubmission] : XCTAssertTrue failed - sleep, UNAuthorizationStatus(rawValue: 2)
/private/tmp/disk-steward-522-lifecycle-dev.9CYz1T/Tests/DiskStewardAppTests/Lifecycle/NotificationDeliveryTests.swift:21: error: -[DiskStewardAppTests.NotificationDeliveryTests testStopDuringSettingsReadPreventsPromptAndSubmission] : XCTAssertEqual failed: ("1") is not equal to ("0") - sleep, UNAuthorizationStatus(rawValue: 0)
/private/tmp/disk-steward-522-lifecycle-dev.9CYz1T/Tests/DiskStewardAppTests/Lifecycle/NotificationDeliveryTests.swift:22: error: -[DiskStewardAppTests.NotificationDeliveryTests testStopDuringSettingsReadPreventsPromptAndSubmission] : XCTAssertTrue failed - sleep, UNAuthorizationStatus(rawValue: 0)
/private/tmp/disk-steward-522-lifecycle-dev.9CYz1T/Tests/DiskStewardAppTests/Lifecycle/NotificationDeliveryTests.swift:22: error: -[DiskStewardAppTests.NotificationDeliveryTests testStopDuringSettingsReadPreventsPromptAndSubmission] : XCTAssertTrue failed - quit, UNAuthorizationStatus(rawValue: 2)
/private/tmp/disk-steward-522-lifecycle-dev.9CYz1T/Tests/DiskStewardAppTests/Lifecycle/NotificationDeliveryTests.swift:21: error: -[DiskStewardAppTests.NotificationDeliveryTests testStopDuringSettingsReadPreventsPromptAndSubmission] : XCTAssertEqual failed: ("1") is not equal to ("0") - quit, UNAuthorizationStatus(rawValue: 0)
/private/tmp/disk-steward-522-lifecycle-dev.9CYz1T/Tests/DiskStewardAppTests/Lifecycle/NotificationDeliveryTests.swift:22: error: -[DiskStewardAppTests.NotificationDeliveryTests testStopDuringSettingsReadPreventsPromptAndSubmission] : XCTAssertTrue failed - quit, UNAuthorizationStatus(rawValue: 0)
/private/tmp/disk-steward-522-lifecycle-dev.9CYz1T/Tests/DiskStewardAppTests/Lifecycle/NotificationDeliveryTests.swift:22: error: -[DiskStewardAppTests.NotificationDeliveryTests testStopDuringSettingsReadPreventsPromptAndSubmission] : XCTAssertTrue failed - settingsPause, UNAuthorizationStatus(rawValue: 2)
/private/tmp/disk-steward-522-lifecycle-dev.9CYz1T/Tests/DiskStewardAppTests/Lifecycle/NotificationDeliveryTests.swift:21: error: -[DiskStewardAppTests.NotificationDeliveryTests testStopDuringSettingsReadPreventsPromptAndSubmission] : XCTAssertEqual failed: ("1") is not equal to ("0") - settingsPause, UNAuthorizationStatus(rawValue: 0)
/private/tmp/disk-steward-522-lifecycle-dev.9CYz1T/Tests/DiskStewardAppTests/Lifecycle/NotificationDeliveryTests.swift:22: error: -[DiskStewardAppTests.NotificationDeliveryTests testStopDuringSettingsReadPreventsPromptAndSubmission] : XCTAssertTrue failed - settingsPause, UNAuthorizationStatus(rawValue: 0)
/private/tmp/disk-steward-522-lifecycle-dev.9CYz1T/Tests/DiskStewardAppTests/Lifecycle/NotificationDeliveryTests.swift:22: error: -[DiskStewardAppTests.NotificationDeliveryTests testStopDuringSettingsReadPreventsPromptAndSubmission] : XCTAssertTrue failed - settingsChange, UNAuthorizationStatus(rawValue: 2)
/private/tmp/disk-steward-522-lifecycle-dev.9CYz1T/Tests/DiskStewardAppTests/Lifecycle/NotificationDeliveryTests.swift:21: error: -[DiskStewardAppTests.NotificationDeliveryTests testStopDuringSettingsReadPreventsPromptAndSubmission] : XCTAssertEqual failed: ("1") is not equal to ("0") - settingsChange, UNAuthorizationStatus(rawValue: 0)
/private/tmp/disk-steward-522-lifecycle-dev.9CYz1T/Tests/DiskStewardAppTests/Lifecycle/NotificationDeliveryTests.swift:22: error: -[DiskStewardAppTests.NotificationDeliveryTests testStopDuringSettingsReadPreventsPromptAndSubmission] : XCTAssertTrue failed - settingsChange, UNAuthorizationStatus(rawValue: 0)
Test Case '-[DiskStewardAppTests.NotificationDeliveryTests testStopDuringSettingsReadPreventsPromptAndSubmission]' failed (0.005 seconds).
Test Case '-[DiskStewardAppTests.NotificationDeliveryTests testSubmittedAlertCanCompleteButCancellationStopsTheNextAlert]' started.
Test Case '-[DiskStewardAppTests.NotificationDeliveryTests testSubmittedAlertCanCompleteButCancellationStopsTheNextAlert]' passed (0.002 seconds).
Test Suite 'NotificationDeliveryTests' failed at 2026-09-17 15:55:49.540.
	 Executed 7 tests, with 26 failures (0 unexpected) in 0.081 (0.081) seconds
Test Suite 'DiskStewardPackageTests.xctest' failed at 2026-09-17 15:55:49.540.
	 Executed 7 tests, with 26 failures (0 unexpected) in 0.081 (0.081) seconds
Test Suite 'Selected tests' failed at 2026-09-17 15:55:49.540.
	 Executed 7 tests, with 26 failures (0 unexpected) in 0.081 (0.082) seconds
◇ Test run started.
↳ Testing Library Version: 1501
↳ Target Platform: arm64e-apple-macos14.0
✔ Test run with 0 tests in 0 suites passed after 0.001 seconds.
