warning: /Users/merdankiji/Library/org.swift.swiftpm/configuration is not accessible or not writable, disabling user-level cache features.
warning: /Users/merdankiji/Library/org.swift.swiftpm/security is not accessible or not writable, disabling user-level cache features.
warning: /Users/merdankiji/Library/Caches/org.swift.swiftpm is not accessible or not writable, disabling user-level cache features.
warning: 'disk-steward-522-lifecycle-dev.9cyz1t': failed storing manifest for 'disk-steward-522-lifecycle-dev.9cyz1t' in cache: attempt to write a readonly database
[0/1] Planning build
Building for debugging...
[0/7] Write sources
[1/7] Write swift-version--58304C5D6DBC2206.txt
[3/5] Emitting module DiskStewardAppTests
[4/5] Compiling DiskStewardAppTests MonitoringLifecycleTests.swift
[4/6] Write Objects.LinkFileList
[5/6] Linking DiskStewardPackageTests
Build complete! (1.18s)
Test Suite 'Selected tests' started at 2026-09-17 15:13:24.712.
Test Suite 'DiskStewardPackageTests.xctest' started at 2026-09-17 15:13:24.713.
Test Suite 'MonitoringLifecycleTests' started at 2026-09-17 15:13:24.713.
Test Case '-[DiskStewardAppTests.MonitoringLifecycleTests testActiveSampleKeepsItsSafetyMarkerThroughPauseResumeAndQuit]' started.
/private/tmp/disk-steward-522-lifecycle-dev.9CYz1T/Tests/DiskStewardAppTests/Lifecycle/MonitoringLifecycleTests.swift:20: error: -[DiskStewardAppTests.MonitoringLifecycleTests testActiveSampleKeepsItsSafetyMarkerThroughPauseResumeAndQuit] : XCTAssertTrue failed - Resume may acknowledge a previous-launch interruption, not clear a live sample's marker
/private/tmp/disk-steward-522-lifecycle-dev.9CYz1T/Tests/DiskStewardAppTests/Lifecycle/MonitoringLifecycleTests.swift:22: error: -[DiskStewardAppTests.MonitoringLifecycleTests testActiveSampleKeepsItsSafetyMarkerThroughPauseResumeAndQuit] : XCTAssertTrue failed - Quit must not pretend the pending sample has drained
Test Case '-[DiskStewardAppTests.MonitoringLifecycleTests testActiveSampleKeepsItsSafetyMarkerThroughPauseResumeAndQuit]' failed (0.062 seconds).
Test Case '-[DiskStewardAppTests.MonitoringLifecycleTests testShutdownIsTerminalForQueuedPowerAndUserCallbacks]' started.
/private/tmp/disk-steward-522-lifecycle-dev.9CYz1T/Tests/DiskStewardAppTests/Lifecycle/MonitoringLifecycleTests.swift:47: error: -[DiskStewardAppTests.MonitoringLifecycleTests testShutdownIsTerminalForQueuedPowerAndUserCallbacks] : XCTAssertEqual failed: ("MonitoringStatus(kind: DiskStewardApp.MonitoringStateKind.active, title: "Waking", detail: "Refreshing disk evidence after system wake.", changedAt: 2026-09-17 06:13:24 +0000)") is not equal to ("MonitoringStatus(kind: DiskStewardApp.MonitoringStateKind.active, title: "Starting", detail: "Preparing the first disk sample.", changedAt: 2026-09-17 06:13:24 +0000)") - wake
/private/tmp/disk-steward-522-lifecycle-dev.9CYz1T/Tests/DiskStewardAppTests/Lifecycle/MonitoringLifecycleTests.swift:48: error: -[DiskStewardAppTests.MonitoringLifecycleTests testShutdownIsTerminalForQueuedPowerAndUserCallbacks] : XCTAssertEqual failed: ("[DiskStewardApp.MonitoringStatus(kind: DiskStewardApp.MonitoringStateKind.active, title: "Waking", detail: "Refreshing disk evidence after system wake.", changedAt: 2026-09-17 06:13:24 +0000)]") is not equal to ("[]") - wake
/private/tmp/disk-steward-522-lifecycle-dev.9CYz1T/Tests/DiskStewardAppTests/Lifecycle/MonitoringLifecycleTests.swift:47: error: -[DiskStewardAppTests.MonitoringLifecycleTests testShutdownIsTerminalForQueuedPowerAndUserCallbacks] : XCTAssertEqual failed: ("MonitoringStatus(kind: DiskStewardApp.MonitoringStateKind.active, title: "Starting", detail: "Preparing a fresh disk sample.", changedAt: 2026-09-17 06:13:24 +0000)") is not equal to ("MonitoringStatus(kind: DiskStewardApp.MonitoringStateKind.active, title: "Starting", detail: "Preparing the first disk sample.", changedAt: 2026-09-17 06:13:24 +0000)") - resume
/private/tmp/disk-steward-522-lifecycle-dev.9CYz1T/Tests/DiskStewardAppTests/Lifecycle/MonitoringLifecycleTests.swift:48: error: -[DiskStewardAppTests.MonitoringLifecycleTests testShutdownIsTerminalForQueuedPowerAndUserCallbacks] : XCTAssertEqual failed: ("[DiskStewardApp.MonitoringStatus(kind: DiskStewardApp.MonitoringStateKind.active, title: "Starting", detail: "Preparing a fresh disk sample.", changedAt: 2026-09-17 06:13:24 +0000)]") is not equal to ("[]") - resume
/private/tmp/disk-steward-522-lifecycle-dev.9CYz1T/Tests/DiskStewardAppTests/Lifecycle/MonitoringLifecycleTests.swift:47: error: -[DiskStewardAppTests.MonitoringLifecycleTests testShutdownIsTerminalForQueuedPowerAndUserCallbacks] : XCTAssertEqual failed: ("MonitoringStatus(kind: DiskStewardApp.MonitoringStateKind.paused, title: "Sleeping", detail: "Disk sampling is suspended while this Mac sleeps. It will refresh after wake.", changedAt: 2026-09-17 06:13:24 +0000)") is not equal to ("MonitoringStatus(kind: DiskStewardApp.MonitoringStateKind.active, title: "Starting", detail: "Preparing the first disk sample.", changedAt: 2026-09-17 06:13:24 +0000)") - sleep
/private/tmp/disk-steward-522-lifecycle-dev.9CYz1T/Tests/DiskStewardAppTests/Lifecycle/MonitoringLifecycleTests.swift:48: error: -[DiskStewardAppTests.MonitoringLifecycleTests testShutdownIsTerminalForQueuedPowerAndUserCallbacks] : XCTAssertEqual failed: ("[DiskStewardApp.MonitoringStatus(kind: DiskStewardApp.MonitoringStateKind.paused, title: "Sleeping", detail: "Disk sampling is suspended while this Mac sleeps. It will refresh after wake.", changedAt: 2026-09-17 06:13:24 +0000)]") is not equal to ("[]") - sleep
/private/tmp/disk-steward-522-lifecycle-dev.9CYz1T/Tests/DiskStewardAppTests/Lifecycle/MonitoringLifecycleTests.swift:47: error: -[DiskStewardAppTests.MonitoringLifecycleTests testShutdownIsTerminalForQueuedPowerAndUserCallbacks] : XCTAssertEqual failed: ("MonitoringStatus(kind: DiskStewardApp.MonitoringStateKind.paused, title: "Paused", detail: "Disk sampling is paused by the user.", changedAt: 2026-09-17 06:13:24 +0000)") is not equal to ("MonitoringStatus(kind: DiskStewardApp.MonitoringStateKind.active, title: "Starting", detail: "Preparing the first disk sample.", changedAt: 2026-09-17 06:13:24 +0000)") - pause
/private/tmp/disk-steward-522-lifecycle-dev.9CYz1T/Tests/DiskStewardAppTests/Lifecycle/MonitoringLifecycleTests.swift:48: error: -[DiskStewardAppTests.MonitoringLifecycleTests testShutdownIsTerminalForQueuedPowerAndUserCallbacks] : XCTAssertEqual failed: ("[DiskStewardApp.MonitoringStatus(kind: DiskStewardApp.MonitoringStateKind.paused, title: "Paused", detail: "Disk sampling is paused by the user.", changedAt: 2026-09-17 06:13:24 +0000)]") is not equal to ("[]") - pause
/private/tmp/disk-steward-522-lifecycle-dev.9CYz1T/Tests/DiskStewardAppTests/Lifecycle/MonitoringLifecycleTests.swift:49: error: -[DiskStewardAppTests.MonitoringLifecycleTests testShutdownIsTerminalForQueuedPowerAndUserCallbacks] : XCTAssertEqual failed: ("true") is not equal to ("false") - pause
Test Case '-[DiskStewardAppTests.MonitoringLifecycleTests testShutdownIsTerminalForQueuedPowerAndUserCallbacks]' failed (0.003 seconds).
Test Case '-[DiskStewardAppTests.MonitoringLifecycleTests testStopCancelsTheOwnedSampleRegardlessOfItsCaller]' started.
/private/tmp/disk-steward-522-lifecycle-dev.9CYz1T/Tests/DiskStewardAppTests/Lifecycle/MonitoringLifecycleTests.swift:71: error: -[DiskStewardAppTests.MonitoringLifecycleTests testStopCancelsTheOwnedSampleRegardlessOfItsCaller] : XCTAssertEqual failed: ("[false]") is not equal to ("[true]") - pause
/private/tmp/disk-steward-522-lifecycle-dev.9CYz1T/Tests/DiskStewardAppTests/Lifecycle/MonitoringLifecycleTests.swift:71: error: -[DiskStewardAppTests.MonitoringLifecycleTests testStopCancelsTheOwnedSampleRegardlessOfItsCaller] : XCTAssertEqual failed: ("[false]") is not equal to ("[true]") - sleep
/private/tmp/disk-steward-522-lifecycle-dev.9CYz1T/Tests/DiskStewardAppTests/Lifecycle/MonitoringLifecycleTests.swift:71: error: -[DiskStewardAppTests.MonitoringLifecycleTests testStopCancelsTheOwnedSampleRegardlessOfItsCaller] : XCTAssertEqual failed: ("[false]") is not equal to ("[true]") - quit
Test Case '-[DiskStewardAppTests.MonitoringLifecycleTests testStopCancelsTheOwnedSampleRegardlessOfItsCaller]' failed (0.001 seconds).
Test Suite 'MonitoringLifecycleTests' failed at 2026-09-17 15:13:24.779.
	 Executed 3 tests, with 14 failures (0 unexpected) in 0.066 (0.066) seconds
Test Suite 'DiskStewardPackageTests.xctest' failed at 2026-09-17 15:13:24.779.
	 Executed 3 tests, with 14 failures (0 unexpected) in 0.066 (0.066) seconds
Test Suite 'Selected tests' failed at 2026-09-17 15:13:24.779.
	 Executed 3 tests, with 14 failures (0 unexpected) in 0.066 (0.067) seconds
◇ Test run started.
↳ Testing Library Version: 1501
↳ Target Platform: arm64e-apple-macos14.0
✔ Test run with 0 tests in 0 suites passed after 0.001 seconds.
