warning: /Users/merdankiji/Library/org.swift.swiftpm/configuration is not accessible or not writable, disabling user-level cache features.
warning: /Users/merdankiji/Library/org.swift.swiftpm/security is not accessible or not writable, disabling user-level cache features.
warning: /Users/merdankiji/Library/Caches/org.swift.swiftpm is not accessible or not writable, disabling user-level cache features.
warning: 'disk-steward-522-lifecycle-dev.9cyz1t': failed storing manifest for 'disk-steward-522-lifecycle-dev.9cyz1t' in cache: attempt to write a readonly database
[0/1] Planning build
Building for debugging...
[0/9] Write sources
[2/9] Write swift-version--58304C5D6DBC2206.txt
[4/10] Compiling DiskStewardApp PersistentMonitoringProbe.swift
[5/10] Compiling DiskStewardApp MonitoringLifecycleController.swift
[6/10] Emitting module DiskStewardApp
[7/15] Compiling DiskStewardApp StatusItemController.swift
[8/15] Compiling DiskStewardApp StatusBoardView.swift
[9/15] Compiling DiskStewardApp StatusBoardViewModel.swift
[10/15] Compiling DiskStewardApp MonitoringSettingsView.swift
[11/15] Compiling DiskStewardApp ApplicationDelegate.swift
[11/16] Write Objects.LinkFileList
[12/16] Linking DiskStewardApp
[13/16] Applying DiskStewardApp
[15/23] Compiling IncrementTests SnapshotIncrementTests.swift
[16/23] Emitting module IncrementTests
[17/23] Compiling IncrementTests PersistentRecorderIncrementTests.swift
[18/23] Emitting module DiskStewardAppTests
[19/23] Compiling DiskStewardAppTests MonitoringProbeCancellationTests.swift
[20/23] Compiling DiskStewardAppTests MonitoringLifecycleTests.swift
[21/23] Compiling DiskStewardAppTests StatusBoardPresentationTests.swift
[21/23] Write Objects.LinkFileList
[22/23] Linking DiskStewardPackageTests
Build complete! (2.75s)
Test Suite 'Selected tests' started at 2026-09-17 15:20:51.086.
Test Suite 'DiskStewardPackageTests.xctest' started at 2026-09-17 15:20:51.087.
Test Suite 'MonitoringProbeCancellationTests' started at 2026-09-17 15:20:51.087.
Test Case '-[DiskStewardAppTests.MonitoringProbeCancellationTests testAlreadyCancelledSampleDoesNotStartResourceOrStoreWork]' started.
/private/tmp/disk-steward-522-lifecycle-dev.9CYz1T/Tests/DiskStewardAppTests/Lifecycle/MonitoringProbeCancellationTests.swift:22: error: -[DiskStewardAppTests.MonitoringProbeCancellationTests testAlreadyCancelledSampleDoesNotStartResourceOrStoreWork] : XCTAssertEqual failed: ("1") is not equal to ("0")
Test Case '-[DiskStewardAppTests.MonitoringProbeCancellationTests testAlreadyCancelledSampleDoesNotStartResourceOrStoreWork]' failed (0.091 seconds).
Test Case '-[DiskStewardAppTests.MonitoringProbeCancellationTests testCancellationAfterTraversalDoesNotSubmitItsComputedSlice]' started.
Test Case '-[DiskStewardAppTests.MonitoringProbeCancellationTests testCancellationAfterTraversalDoesNotSubmitItsComputedSlice]' passed (0.044 seconds).
Test Suite 'MonitoringProbeCancellationTests' failed at 2026-09-17 15:20:51.222.
	 Executed 2 tests, with 1 failure (0 unexpected) in 0.135 (0.135) seconds
Test Suite 'DiskStewardPackageTests.xctest' failed at 2026-09-17 15:20:51.222.
	 Executed 2 tests, with 1 failure (0 unexpected) in 0.135 (0.135) seconds
Test Suite 'Selected tests' failed at 2026-09-17 15:20:51.222.
	 Executed 2 tests, with 1 failure (0 unexpected) in 0.135 (0.136) seconds
◇ Test run started.
↳ Testing Library Version: 1501
↳ Target Platform: arm64e-apple-macos14.0
✔ Test run with 0 tests in 0 suites passed after 0.001 seconds.
