warning: /Users/merdankiji/Library/org.swift.swiftpm/configuration is not accessible or not writable, disabling user-level cache features.
warning: /Users/merdankiji/Library/org.swift.swiftpm/security is not accessible or not writable, disabling user-level cache features.
warning: /Users/merdankiji/Library/Caches/org.swift.swiftpm is not accessible or not writable, disabling user-level cache features.
warning: 'disk-steward-522-lifecycle-dev.9cyz1t': failed storing manifest for 'disk-steward-522-lifecycle-dev.9cyz1t' in cache: attempt to write a readonly database
Building for debugging...
[0/7] Write sources
[1/7] Write swift-version--58304C5D6DBC2206.txt
[3/5] Compiling DiskStewardAppTests MonitoringLifecycleTests.swift
[4/5] Emitting module DiskStewardAppTests
[4/6] Write Objects.LinkFileList
[5/6] Linking DiskStewardPackageTests
Build complete! (1.29s)
Test Suite 'Selected tests' started at 2026-09-17 15:36:06.157.
Test Suite 'DiskStewardPackageTests.xctest' started at 2026-09-17 15:36:06.157.
Test Suite 'MonitoringLifecycleTests' started at 2026-09-17 15:36:06.157.
Test Case '-[DiskStewardAppTests.MonitoringLifecycleTests testQueuedSettingsRestartUsesLatestIntentDuringPeriodicSleep]' started.
/private/tmp/disk-steward-522-lifecycle-dev.9CYz1T/Tests/DiskStewardAppTests/Lifecycle/MonitoringLifecycleTests.swift:696: error: -[DiskStewardAppTests.MonitoringLifecycleTests testQueuedSettingsRestartUsesLatestIntentDuringPeriodicSleep] : failed: caught error: "FixtureError()"
Test Case '-[DiskStewardAppTests.MonitoringLifecycleTests testQueuedSettingsRestartUsesLatestIntentDuringPeriodicSleep]' failed (0.294 seconds).
Test Suite 'MonitoringLifecycleTests' failed at 2026-09-17 15:36:06.452.
	 Executed 1 test, with 1 failure (1 unexpected) in 0.294 (0.294) seconds
Test Suite 'DiskStewardPackageTests.xctest' failed at 2026-09-17 15:36:06.452.
	 Executed 1 test, with 1 failure (1 unexpected) in 0.294 (0.295) seconds
Test Suite 'Selected tests' failed at 2026-09-17 15:36:06.452.
	 Executed 1 test, with 1 failure (1 unexpected) in 0.294 (0.295) seconds
◇ Test run started.
↳ Testing Library Version: 1501
↳ Target Platform: arm64e-apple-macos14.0
✔ Test run with 0 tests in 0 suites passed after 0.001 seconds.
