warning: /Users/merdankiji/Library/org.swift.swiftpm/configuration is not accessible or not writable, disabling user-level cache features.
warning: /Users/merdankiji/Library/org.swift.swiftpm/security is not accessible or not writable, disabling user-level cache features.
warning: /Users/merdankiji/Library/Caches/org.swift.swiftpm is not accessible or not writable, disabling user-level cache features.
warning: 'disk-steward-522-lifecycle-dev.9cyz1t': failed storing manifest for 'disk-steward-522-lifecycle-dev.9cyz1t' in cache: attempt to write a readonly database
[0/1] Planning build
Building for debugging...
[0/8] Write sources
[2/8] Write swift-version--58304C5D6DBC2206.txt
[4/8] Compiling DiskStewardApp PersistentMonitoringProbe.swift
[5/8] Emitting module DiskStewardApp
[6/9] Compiling DiskStewardApp StatusItemController.swift
[6/11] Write Objects.LinkFileList
[7/11] Linking DiskStewardApp
[8/11] Applying DiskStewardApp
[10/16] Emitting module IncrementTests
[11/16] Compiling IncrementTests PersistentRecorderIncrementTests.swift
[12/16] Emitting module DiskStewardAppTests
[13/16] Compiling DiskStewardAppTests MonitoringProbeCancellationTests.swift
[14/16] Compiling DiskStewardAppTests MonitoringLifecycleTests.swift
[14/16] Write Objects.LinkFileList
[15/16] Linking DiskStewardPackageTests
Build complete! (2.53s)
Test Suite 'Selected tests' started at 2026-09-17 15:27:16.257.
Test Suite 'DiskStewardPackageTests.xctest' started at 2026-09-17 15:27:16.258.
Test Suite 'MonitoringLifecycleTests' started at 2026-09-17 15:27:16.258.
Test Case '-[DiskStewardAppTests.MonitoringLifecycleTests testIncomingPauseSettingDoesNotLeaveCompletedLoopBlockingResume]' started.
/private/tmp/disk-steward-522-lifecycle-dev.9CYz1T/Tests/DiskStewardAppTests/Lifecycle/MonitoringLifecycleTests.swift:25: error: -[DiskStewardAppTests.MonitoringLifecycleTests testIncomingPauseSettingDoesNotLeaveCompletedLoopBlockingResume] : XCTAssertEqual failed: ("1") is not equal to ("2") - A completed timer task must not block Resume
Test Case '-[DiskStewardAppTests.MonitoringLifecycleTests testIncomingPauseSettingDoesNotLeaveCompletedLoopBlockingResume]' failed (0.364 seconds).
Test Suite 'MonitoringLifecycleTests' failed at 2026-09-17 15:27:16.622.
	 Executed 1 test, with 1 failure (0 unexpected) in 0.364 (0.364) seconds
Test Suite 'MonitoringProbeCancellationTests' started at 2026-09-17 15:27:16.622.
Test Case '-[DiskStewardAppTests.MonitoringProbeCancellationTests testCommittedCancelledSampleStillAdvancesTheNextVolumeBaseline]' started.
/private/tmp/disk-steward-522-lifecycle-dev.9CYz1T/Tests/DiskStewardAppTests/Lifecycle/MonitoringProbeCancellationTests.swift:29: error: -[DiskStewardAppTests.MonitoringProbeCancellationTests testCommittedCancelledSampleStillAdvancesTheNextVolumeBaseline] : XCTAssertEqual failed: ("Optional("none")") is not equal to ("Optional("volume-1")") - The next volume interval must match the already-committed detailed baseline
/private/tmp/disk-steward-522-lifecycle-dev.9CYz1T/Tests/DiskStewardAppTests/Lifecycle/MonitoringProbeCancellationTests.swift:30: error: -[DiskStewardAppTests.MonitoringProbeCancellationTests testCommittedCancelledSampleStillAdvancesTheNextVolumeBaseline] : XCTAssertEqual failed: ("0") is not equal to ("100")
/private/tmp/disk-steward-522-lifecycle-dev.9CYz1T/Tests/DiskStewardAppTests/Lifecycle/MonitoringProbeCancellationTests.swift:29: error: -[DiskStewardAppTests.MonitoringProbeCancellationTests testCommittedCancelledSampleStillAdvancesTheNextVolumeBaseline] : XCTAssertEqual failed: ("Optional("volume-1")") is not equal to ("Optional("volume-2")") - The next volume interval must match the already-committed detailed baseline
/private/tmp/disk-steward-522-lifecycle-dev.9CYz1T/Tests/DiskStewardAppTests/Lifecycle/MonitoringProbeCancellationTests.swift:30: error: -[DiskStewardAppTests.MonitoringProbeCancellationTests testCommittedCancelledSampleStillAdvancesTheNextVolumeBaseline] : XCTAssertEqual failed: ("200") is not equal to ("100")
Test Case '-[DiskStewardAppTests.MonitoringProbeCancellationTests testCommittedCancelledSampleStillAdvancesTheNextVolumeBaseline]' failed (0.067 seconds).
Test Suite 'MonitoringProbeCancellationTests' failed at 2026-09-17 15:27:16.689.
	 Executed 1 test, with 4 failures (0 unexpected) in 0.067 (0.067) seconds
Test Suite 'DiskStewardPackageTests.xctest' failed at 2026-09-17 15:27:16.689.
	 Executed 2 tests, with 5 failures (0 unexpected) in 0.430 (0.431) seconds
Test Suite 'Selected tests' failed at 2026-09-17 15:27:16.689.
	 Executed 2 tests, with 5 failures (0 unexpected) in 0.430 (0.431) seconds
◇ Test run started.
↳ Testing Library Version: 1501
↳ Target Platform: arm64e-apple-macos14.0
✔ Test run with 0 tests in 0 suites passed after 0.001 seconds.
