warning: /Users/merdankiji/Library/org.swift.swiftpm/configuration is not accessible or not writable, disabling user-level cache features.
warning: /Users/merdankiji/Library/org.swift.swiftpm/security is not accessible or not writable, disabling user-level cache features.
warning: /Users/merdankiji/Library/Caches/org.swift.swiftpm is not accessible or not writable, disabling user-level cache features.
warning: 'disk-steward-522-lifecycle-dev.9cyz1t': failed storing manifest for 'disk-steward-522-lifecycle-dev.9cyz1t' in cache: attempt to write a readonly database
Building for debugging...
[0/8] Write sources
[2/8] Write swift-version--58304C5D6DBC2206.txt
[4/9] Compiling DiskStewardApp PersistentMonitoringProbe.swift
[5/9] Emitting module DiskStewardApp
[6/9] Compiling DiskStewardApp MonitoringLifecycleController.swift
[7/14] Compiling DiskStewardApp StatusBoardViewModel.swift
[8/14] Compiling DiskStewardApp StatusBoardView.swift
[9/14] Compiling DiskStewardApp MonitoringSettingsView.swift
[10/14] Compiling DiskStewardApp ApplicationDelegate.swift
[11/14] Compiling DiskStewardApp StatusItemController.swift
[11/16] Write Objects.LinkFileList
[12/16] Linking DiskStewardApp
[13/16] Applying DiskStewardApp
[15/23] Compiling DiskStewardAppTests StatusBoardPresentationTests.swift
[16/23] Compiling IncrementTests PersistentRecorderIncrementTests.swift
[17/23] Compiling IncrementTests SnapshotIncrementTests.swift
[18/23] Emitting module IncrementTests
[19/23] Compiling DiskStewardAppTests MonitoringProbeCancellationTests.swift
[20/23] Emitting module DiskStewardAppTests
[21/23] Compiling DiskStewardAppTests MonitoringLifecycleTests.swift
[22/24] Compiling DiskStewardAppTests RequestCancellationTests.swift
[22/24] Write Objects.LinkFileList
[23/24] Linking DiskStewardPackageTests
Build complete! (2.78s)
Test Suite 'Selected tests' started at 2026-09-17 15:29:02.906.
Test Suite 'DiskStewardPackageTests.xctest' started at 2026-09-17 15:29:02.907.
Test Suite 'MonitoringLifecycleTests' started at 2026-09-17 15:29:02.907.
Test Case '-[DiskStewardAppTests.MonitoringLifecycleTests testActiveSampleKeepsItsSafetyMarkerThroughPauseResumeAndQuit]' started.
Test Case '-[DiskStewardAppTests.MonitoringLifecycleTests testActiveSampleKeepsItsSafetyMarkerThroughPauseResumeAndQuit]' passed (0.002 seconds).
Test Case '-[DiskStewardAppTests.MonitoringLifecycleTests testBusyFollowUpCannotRunDuringPauseOrSleep]' started.
Test Case '-[DiskStewardAppTests.MonitoringLifecycleTests testBusyFollowUpCannotRunDuringPauseOrSleep]' passed (0.001 seconds).
Test Case '-[DiskStewardAppTests.MonitoringLifecycleTests testConcurrentSampleRequestsAreSingleFlightAndCoalesced]' started.
Test Case '-[DiskStewardAppTests.MonitoringLifecycleTests testConcurrentSampleRequestsAreSingleFlightAndCoalesced]' passed (0.001 seconds).
Test Case '-[DiskStewardAppTests.MonitoringLifecycleTests testConfiguredDatabaseLimitIsTheMonitoringSourceOfTruth]' started.
Test Case '-[DiskStewardAppTests.MonitoringLifecycleTests testConfiguredDatabaseLimitIsTheMonitoringSourceOfTruth]' passed (0.042 seconds).
Test Case '-[DiskStewardAppTests.MonitoringLifecycleTests testDatabasePressureRunsStartupRecoveryBeforeCircuitBreaker]' started.
Test Case '-[DiskStewardAppTests.MonitoringLifecycleTests testDatabasePressureRunsStartupRecoveryBeforeCircuitBreaker]' passed (0.021 seconds).
Test Case '-[DiskStewardAppTests.MonitoringLifecycleTests testDegradedSampleRecoversAndHistoryExplainsBothStates]' started.
Test Case '-[DiskStewardAppTests.MonitoringLifecycleTests testDegradedSampleRecoversAndHistoryExplainsBothStates]' passed (0.001 seconds).
Test Case '-[DiskStewardAppTests.MonitoringLifecycleTests testIncomingPauseSettingDoesNotLeaveCompletedLoopBlockingResume]' started.
Test Case '-[DiskStewardAppTests.MonitoringLifecycleTests testIncomingPauseSettingDoesNotLeaveCompletedLoopBlockingResume]' passed (0.001 seconds).
Test Case '-[DiskStewardAppTests.MonitoringLifecycleTests testInterruptedSampleStartsInSafetyPauseUntilUserResumes]' started.
Test Case '-[DiskStewardAppTests.MonitoringLifecycleTests testInterruptedSampleStartsInSafetyPauseUntilUserResumes]' passed (0.000 seconds).
Test Case '-[DiskStewardAppTests.MonitoringLifecycleTests testLateCompletionCannotUndoPauseSleepOrQuit]' started.
Test Case '-[DiskStewardAppTests.MonitoringLifecycleTests testLateCompletionCannotUndoPauseSleepOrQuit]' passed (0.001 seconds).
Test Case '-[DiskStewardAppTests.MonitoringLifecycleTests testPauseAndResumePersistUserChoice]' started.
Test Case '-[DiskStewardAppTests.MonitoringLifecycleTests testPauseAndResumePersistUserChoice]' passed (0.000 seconds).
Test Case '-[DiskStewardAppTests.MonitoringLifecycleTests testPersistentProbeCapsOneSafetySliceToARepresentableBatch]' started.
Test Case '-[DiskStewardAppTests.MonitoringLifecycleTests testPersistentProbeCapsOneSafetySliceToARepresentableBatch]' passed (0.318 seconds).
Test Case '-[DiskStewardAppTests.MonitoringLifecycleTests testPersistentProbeStoresScheduledSnapshotAndDetailedDelta]' started.
Test Case '-[DiskStewardAppTests.MonitoringLifecycleTests testPersistentProbeStoresScheduledSnapshotAndDetailedDelta]' passed (0.032 seconds).
Test Case '-[DiskStewardAppTests.MonitoringLifecycleTests testResourceCircuitBreakerStopsBeforeFilesystemTraversalAndHistoryIsBounded]' started.
Test Case '-[DiskStewardAppTests.MonitoringLifecycleTests testResourceCircuitBreakerStopsBeforeFilesystemTraversalAndHistoryIsBounded]' passed (0.010 seconds).
Test Case '-[DiskStewardAppTests.MonitoringLifecycleTests testResumeWaitsForOldSampleThenStartsFreshOwnedWork]' started.
Test Case '-[DiskStewardAppTests.MonitoringLifecycleTests testResumeWaitsForOldSampleThenStartsFreshOwnedWork]' passed (0.001 seconds).
Test Case '-[DiskStewardAppTests.MonitoringLifecycleTests testSettingsPublisherUsesIncomingScopeAndDoesNotRestartPausedCollector]' started.
Test Case '-[DiskStewardAppTests.MonitoringLifecycleTests testSettingsPublisherUsesIncomingScopeAndDoesNotRestartPausedCollector]' passed (0.000 seconds).
Test Case '-[DiskStewardAppTests.MonitoringLifecycleTests testShutdownDeadlinePreservesUnfinishedMarkerForNextLaunch]' started.
Test Case '-[DiskStewardAppTests.MonitoringLifecycleTests testShutdownDeadlinePreservesUnfinishedMarkerForNextLaunch]' passed (0.001 seconds).
Test Case '-[DiskStewardAppTests.MonitoringLifecycleTests testShutdownDrainsBeforeDeadlineAndSharesOneWaiter]' started.
Test Case '-[DiskStewardAppTests.MonitoringLifecycleTests testShutdownDrainsBeforeDeadlineAndSharesOneWaiter]' passed (0.000 seconds).
Test Case '-[DiskStewardAppTests.MonitoringLifecycleTests testShutdownIsTerminalForQueuedPowerAndUserCallbacks]' started.
Test Case '-[DiskStewardAppTests.MonitoringLifecycleTests testShutdownIsTerminalForQueuedPowerAndUserCallbacks]' passed (0.001 seconds).
Test Case '-[DiskStewardAppTests.MonitoringLifecycleTests testStopCancelsTheOwnedSampleRegardlessOfItsCaller]' started.
Test Case '-[DiskStewardAppTests.MonitoringLifecycleTests testStopCancelsTheOwnedSampleRegardlessOfItsCaller]' passed (0.001 seconds).
Test Case '-[DiskStewardAppTests.MonitoringLifecycleTests testSystemSleepSuspendsWithoutChangingUserChoiceAndWakeRefreshes]' started.
Test Case '-[DiskStewardAppTests.MonitoringLifecycleTests testSystemSleepSuspendsWithoutChangingUserChoiceAndWakeRefreshes]' passed (0.000 seconds).
Test Suite 'MonitoringLifecycleTests' passed at 2026-09-17 15:29:03.343.
	 Executed 20 tests, with 0 failures (0 unexpected) in 0.434 (0.435) seconds
Test Suite 'MonitoringProbeCancellationTests' started at 2026-09-17 15:29:03.343.
Test Case '-[DiskStewardAppTests.MonitoringProbeCancellationTests testAlreadyCancelledSampleDoesNotStartResourceOrStoreWork]' started.
Test Case '-[DiskStewardAppTests.MonitoringProbeCancellationTests testAlreadyCancelledSampleDoesNotStartResourceOrStoreWork]' passed (0.010 seconds).
Test Case '-[DiskStewardAppTests.MonitoringProbeCancellationTests testCancellationAfterTraversalDoesNotSubmitItsComputedSlice]' started.
Test Case '-[DiskStewardAppTests.MonitoringProbeCancellationTests testCancellationAfterTraversalDoesNotSubmitItsComputedSlice]' passed (0.030 seconds).
Test Case '-[DiskStewardAppTests.MonitoringProbeCancellationTests testCommittedCancelledSampleStillAdvancesTheNextVolumeBaseline]' started.
Test Case '-[DiskStewardAppTests.MonitoringProbeCancellationTests testCommittedCancelledSampleStillAdvancesTheNextVolumeBaseline]' passed (0.042 seconds).
Test Case '-[DiskStewardAppTests.MonitoringProbeCancellationTests testPartialAndFailedProbeResultsHaveHonestLifecyclePresentation]' started.
Test Case '-[DiskStewardAppTests.MonitoringProbeCancellationTests testPartialAndFailedProbeResultsHaveHonestLifecyclePresentation]' passed (0.130 seconds).
Test Suite 'MonitoringProbeCancellationTests' passed at 2026-09-17 15:29:03.555.
	 Executed 4 tests, with 0 failures (0 unexpected) in 0.212 (0.212) seconds
Test Suite 'DiskStewardPackageTests.xctest' passed at 2026-09-17 15:29:03.555.
	 Executed 24 tests, with 0 failures (0 unexpected) in 0.646 (0.648) seconds
Test Suite 'Selected tests' passed at 2026-09-17 15:29:03.555.
	 Executed 24 tests, with 0 failures (0 unexpected) in 0.646 (0.648) seconds
◇ Test run started.
↳ Testing Library Version: 1501
↳ Target Platform: arm64e-apple-macos14.0
✔ Test run with 0 tests in 0 suites passed after 0.001 seconds.
