warning: /Users/merdankiji/Library/org.swift.swiftpm/configuration is not accessible or not writable, disabling user-level cache features.
warning: /Users/merdankiji/Library/org.swift.swiftpm/security is not accessible or not writable, disabling user-level cache features.
warning: /Users/merdankiji/Library/Caches/org.swift.swiftpm is not accessible or not writable, disabling user-level cache features.
warning: 'disk-steward-522-lifecycle-dev.9cyz1t': failed storing manifest for 'disk-steward-522-lifecycle-dev.9cyz1t' in cache: attempt to write a readonly database
Building for debugging...
[0/8] Write sources
[2/8] Write swift-version--58304C5D6DBC2206.txt
[4/8] Compiling DiskStewardApp MonitoringLifecycleController.swift
[5/8] Emitting module DiskStewardApp
[6/13] Compiling DiskStewardApp StatusItemController.swift
[7/13] Compiling DiskStewardApp StatusBoardView.swift
[8/13] Compiling DiskStewardApp StatusBoardViewModel.swift
[9/13] Compiling DiskStewardApp ApplicationDelegate.swift
[10/13] Compiling DiskStewardApp MonitoringSettingsView.swift
[10/15] Write Objects.LinkFileList
[11/15] Linking DiskStewardApp
[12/15] Applying DiskStewardApp
[14/44] Emitting module SafetyTests
[15/44] Compiling SafetyTests SafetyTests.swift
[16/44] Compiling DiskStewardAppTests AgentIntegrationContractTests.swift
[17/44] Compiling DiskStewardAppTests AgentIntegrationHardeningTests.swift
[18/45] Compiling IncrementTests PersistentRecorderIncrementTests.swift
[19/45] Compiling IncrementTests SnapshotIncrementTests.swift
[20/45] Compiling IncrementTests AgentQueryableEvidenceIncrementTests.swift
[21/45] Emitting module IncrementTests
[22/45] Compiling IncrementTests FinalProductIncrementTests.swift
[23/45] Compiling DiskStewardAppTests AppEvidenceIPCIntegrationTests.swift
[24/45] Compiling DiskStewardAppTests BackendIsolationTests.swift
[25/45] Compiling DiskStewardAppTests LaunchAtLoginControllerTests.swift
[26/45] Compiling DiskStewardAppTests VerificationIsolationTests.swift
[27/45] Compiling DiskStewardAppTests AgentIntegrationsPresentationTests.swift
[28/45] Compiling DiskStewardAppTests CodexAndClaudeCodeAdapterTests.swift
[29/45] Compiling DiskStewardAppTests RemainingClientsAdapterTests.swift
[30/45] Compiling DiskStewardAppTests DiskStewardAppTests.swift
[31/45] Emitting module DiskStewardAppTests
[32/45] Compiling DiskStewardAppTests CommandRunnerRegressionTests.swift
[33/45] Compiling DiskStewardAppTests NativeClientLifecycleTests.swift
[34/45] Compiling DiskStewardAppTests MCPAccessTests.swift
[35/45] Compiling DiskStewardAppTests SocketOwnershipRegressionTests.swift
[36/45] Compiling DiskStewardAppTests ThresholdNotificationPolicyTests.swift
[37/45] Compiling DiskStewardAppTests RetentionScheduleTests.swift
[38/45] Compiling DiskStewardAppTests StatusBoardEvidenceExportTests.swift
[39/45] Compiling DiskStewardAppTests MonitoringLifecycleTests.swift
[40/45] Compiling DiskStewardAppTests MonitoringSettingsTests.swift
[41/45] Compiling DiskStewardAppTests AuthoritativeMCPReadModelTests.swift
[42/45] Compiling DiskStewardAppTests RequestCancellationTests.swift
[43/45] Compiling DiskStewardAppTests StatusBoardPresentationTests.swift
[43/45] Write Objects.LinkFileList
[44/45] Linking DiskStewardPackageTests
Build complete! (2.82s)
Test Suite 'Selected tests' started at 2026-09-17 15:18:33.888.
Test Suite 'DiskStewardPackageTests.xctest' started at 2026-09-17 15:18:33.889.
Test Suite 'MonitoringLifecycleTests' started at 2026-09-17 15:18:33.889.
Test Case '-[DiskStewardAppTests.MonitoringLifecycleTests testSettingsPublisherUsesIncomingScopeAndDoesNotRestartPausedCollector]' started.
/private/tmp/disk-steward-522-lifecycle-dev.9CYz1T/Tests/DiskStewardAppTests/Lifecycle/MonitoringLifecycleTests.swift:15: error: -[DiskStewardAppTests.MonitoringLifecycleTests testSettingsPublisherUsesIncomingScopeAndDoesNotRestartPausedCollector] : XCTAssertEqual failed: ("Optional(["/fixture/first"])") is not equal to ("Optional(["/fixture/first", "/fixture/second"])")
/private/tmp/disk-steward-522-lifecycle-dev.9CYz1T/Tests/DiskStewardAppTests/Lifecycle/MonitoringLifecycleTests.swift:17: error: -[DiskStewardAppTests.MonitoringLifecycleTests testSettingsPublisherUsesIncomingScopeAndDoesNotRestartPausedCollector] : XCTAssertFalse failed - @Published emits before settings are stored; Pause must not restart the old policy
Test Case '-[DiskStewardAppTests.MonitoringLifecycleTests testSettingsPublisherUsesIncomingScopeAndDoesNotRestartPausedCollector]' failed (0.082 seconds).
Test Suite 'MonitoringLifecycleTests' failed at 2026-09-17 15:18:33.971.
	 Executed 1 test, with 2 failures (0 unexpected) in 0.082 (0.083) seconds
Test Suite 'DiskStewardPackageTests.xctest' failed at 2026-09-17 15:18:33.971.
	 Executed 1 test, with 2 failures (0 unexpected) in 0.082 (0.083) seconds
Test Suite 'Selected tests' failed at 2026-09-17 15:18:33.971.
	 Executed 1 test, with 2 failures (0 unexpected) in 0.082 (0.083) seconds
◇ Test run started.
↳ Testing Library Version: 1501
↳ Target Platform: arm64e-apple-macos14.0
✔ Test run with 0 tests in 0 suites passed after 0.001 seconds.
