warning: /Users/merdankiji/Library/org.swift.swiftpm/configuration is not accessible or not writable, disabling user-level cache features.
warning: /Users/merdankiji/Library/org.swift.swiftpm/security is not accessible or not writable, disabling user-level cache features.
warning: /Users/merdankiji/Library/Caches/org.swift.swiftpm is not accessible or not writable, disabling user-level cache features.
warning: 'disk-steward-522-lifecycle-dev.9cyz1t': failed storing manifest for 'disk-steward-522-lifecycle-dev.9cyz1t' in cache: attempt to write a readonly database
[0/1] Planning build
Building for debugging...
[0/7] Write sources
[1/7] Write swift-version--58304C5D6DBC2206.txt
[3/5] Emitting module DiskStewardAppTests
[4/5] Compiling DiskStewardAppTests MonitoringLifecycleTests.swift
[4/6] Write Objects.LinkFileList
[5/6] Linking DiskStewardPackageTests
Build complete! (1.32s)
Test Suite 'Selected tests' started at 2026-09-17 15:34:38.676.
Test Suite 'DiskStewardPackageTests.xctest' started at 2026-09-17 15:34:38.676.
Test Suite 'MonitoringLifecycleTests' started at 2026-09-17 15:34:38.676.
Test Case '-[DiskStewardAppTests.MonitoringLifecycleTests testIncomingPauseSettingDoesNotLeaveCompletedLoopBlockingResume]' started.
/private/tmp/disk-steward-522-lifecycle-dev.9CYz1T/Tests/DiskStewardAppTests/Lifecycle/MonitoringLifecycleTests.swift:59: error: -[DiskStewardAppTests.MonitoringLifecycleTests testIncomingPauseSettingDoesNotLeaveCompletedLoopBlockingResume] : XCTAssertEqual failed: ("1") is not equal to ("2") - A completed timer task must not block Resume
Test Case '-[DiskStewardAppTests.MonitoringLifecycleTests testIncomingPauseSettingDoesNotLeaveCompletedLoopBlockingResume]' failed (0.362 seconds).
Test Suite 'MonitoringLifecycleTests' failed at 2026-09-17 15:34:39.039.
	 Executed 1 test, with 1 failure (0 unexpected) in 0.362 (0.362) seconds
Test Suite 'DiskStewardPackageTests.xctest' failed at 2026-09-17 15:34:39.039.
	 Executed 1 test, with 1 failure (0 unexpected) in 0.362 (0.362) seconds
Test Suite 'Selected tests' failed at 2026-09-17 15:34:39.039.
	 Executed 1 test, with 1 failure (0 unexpected) in 0.362 (0.363) seconds
◇ Test run started.
↳ Testing Library Version: 1501
↳ Target Platform: arm64e-apple-macos14.0
✔ Test run with 0 tests in 0 suites passed after 0.001 seconds.
