Test Suite 'Selected tests' started at 2026-09-17 11:29:13.271.
Test Suite 'DiskStewardPackageTests.xctest' started at 2026-09-17 11:29:13.272.
Test Suite 'CommandRunnerRegressionTests' started at 2026-09-17 11:29:13.272.
Test Case '-[DiskStewardAppTests.CommandRunnerRegressionTests testCancellationAtBothSpawnBoundariesHasOneCompletionAndReapsOwnedLeader]' started.
Test Case '-[DiskStewardAppTests.CommandRunnerRegressionTests testCancellationAtBothSpawnBoundariesHasOneCompletionAndReapsOwnedLeader]' passed (0.177 seconds).
Test Case '-[DiskStewardAppTests.CommandRunnerRegressionTests testCancellationStopsTermIgnoringChildAndItsDescendantBeforeReturning]' started.
Test Case '-[DiskStewardAppTests.CommandRunnerRegressionTests testCancellationStopsTermIgnoringChildAndItsDescendantBeforeReturning]' passed (0.219 seconds).
Test Case '-[DiskStewardAppTests.CommandRunnerRegressionTests testDrainsMoreThanPipeCapacityWithoutDeadlock]' started.
Test Case '-[DiskStewardAppTests.CommandRunnerRegressionTests testDrainsMoreThanPipeCapacityWithoutDeadlock]' passed (0.046 seconds).
Test Case '-[DiskStewardAppTests.CommandRunnerRegressionTests testDrainsOneMiBFromEachPipeAndPreservesFastExitStatus]' started.
Test Case '-[DiskStewardAppTests.CommandRunnerRegressionTests testDrainsOneMiBFromEachPipeAndPreservesFastExitStatus]' passed (0.013 seconds).
Test Case '-[DiskStewardAppTests.CommandRunnerRegressionTests testEnvironmentWorkingDirectoryStdinAndDelayedOutputArePreserved]' started.
Test Case '-[DiskStewardAppTests.CommandRunnerRegressionTests testEnvironmentWorkingDirectoryStdinAndDelayedOutputArePreserved]' passed (0.096 seconds).
Test Case '-[DiskStewardAppTests.CommandRunnerRegressionTests testFourOwnedCommandsAreCountedUntilCleanupAndRefuseAFifth]' started.
Test Case '-[DiskStewardAppTests.CommandRunnerRegressionTests testFourOwnedCommandsAreCountedUntilCleanupAndRefuseAFifth]' passed (0.849 seconds).
Test Case '-[DiskStewardAppTests.CommandRunnerRegressionTests testHugeOutputAndNeverExitStopAndReapTheOwnedProcessGroup]' started.
Test Case '-[DiskStewardAppTests.CommandRunnerRegressionTests testHugeOutputAndNeverExitStopAndReapTheOwnedProcessGroup]' passed (0.336 seconds).
Test Case '-[DiskStewardAppTests.CommandRunnerRegressionTests testParentExitAlsoStopsDescendantWithClosedOutputPipes]' started.
Test Case '-[DiskStewardAppTests.CommandRunnerRegressionTests testParentExitAlsoStopsDescendantWithClosedOutputPipes]' passed (0.203 seconds).
Test Case '-[DiskStewardAppTests.CommandRunnerRegressionTests testParentExitDoesNotLeaveAnInheritedPipeChildAlive]' started.
Test Case '-[DiskStewardAppTests.CommandRunnerRegressionTests testParentExitDoesNotLeaveAnInheritedPipeChildAlive]' passed (0.019 seconds).
Test Case '-[DiskStewardAppTests.CommandRunnerRegressionTests testRepeatedSuccessAndSpawnFailuresDoNotLeakDescriptorsOrZombies]' started.
Test Case '-[DiskStewardAppTests.CommandRunnerRegressionTests testRepeatedSuccessAndSpawnFailuresDoNotLeakDescriptorsOrZombies]' passed (0.229 seconds).
Test Case '-[DiskStewardAppTests.CommandRunnerRegressionTests testSpawnDelayIsIncludedInOverallDeadlineAndDoesNotLaunchAfterExpiry]' started.
Test Case '-[DiskStewardAppTests.CommandRunnerRegressionTests testSpawnDelayIsIncludedInOverallDeadlineAndDoesNotLaunchAfterExpiry]' passed (0.847 seconds).
Test Case '-[DiskStewardAppTests.CommandRunnerRegressionTests testSpawnFailureAndAlreadyCancelledCallRecover]' started.
Test Case '-[DiskStewardAppTests.CommandRunnerRegressionTests testSpawnFailureAndAlreadyCancelledCallRecover]' passed (0.046 seconds).
Test Case '-[DiskStewardAppTests.CommandRunnerRegressionTests testTimeoutAndOutputLimitsAreEnforced]' started.
Test Case '-[DiskStewardAppTests.CommandRunnerRegressionTests testTimeoutAndOutputLimitsAreEnforced]' passed (0.170 seconds).
Test Suite 'CommandRunnerRegressionTests' passed at 2026-09-17 11:29:16.524.
	 Executed 13 tests, with 0 failures (0 unexpected) in 3.250 (3.253) seconds
Test Suite 'DiskStewardPackageTests.xctest' passed at 2026-09-17 11:29:16.525.
	 Executed 13 tests, with 0 failures (0 unexpected) in 3.250 (3.253) seconds
Test Suite 'Selected tests' passed at 2026-09-17 11:29:16.525.
	 Executed 13 tests, with 0 failures (0 unexpected) in 3.250 (3.253) seconds
◇ Test run started.
↳ Testing Library Version: 1501
↳ Target Platform: arm64e-apple-macos14.0
✔ Test run with 0 tests in 0 suites passed after 0.001 seconds.
