Test Suite 'Selected tests' started at 2026-09-17 11:29:06.024.
Test Suite 'DiskStewardPackageTests.xctest' started at 2026-09-17 11:29:06.025.
Test Suite 'CommandRunnerRegressionTests' started at 2026-09-17 11:29:06.025.
Test Case '-[DiskStewardAppTests.CommandRunnerRegressionTests testCancellationAtBothSpawnBoundariesHasOneCompletionAndReapsOwnedLeader]' started.
Test Case '-[DiskStewardAppTests.CommandRunnerRegressionTests testCancellationAtBothSpawnBoundariesHasOneCompletionAndReapsOwnedLeader]' passed (0.181 seconds).
Test Case '-[DiskStewardAppTests.CommandRunnerRegressionTests testCancellationStopsTermIgnoringChildAndItsDescendantBeforeReturning]' started.
Test Case '-[DiskStewardAppTests.CommandRunnerRegressionTests testCancellationStopsTermIgnoringChildAndItsDescendantBeforeReturning]' passed (0.198 seconds).
Test Case '-[DiskStewardAppTests.CommandRunnerRegressionTests testDrainsMoreThanPipeCapacityWithoutDeadlock]' started.
Test Case '-[DiskStewardAppTests.CommandRunnerRegressionTests testDrainsMoreThanPipeCapacityWithoutDeadlock]' passed (0.032 seconds).
Test Case '-[DiskStewardAppTests.CommandRunnerRegressionTests testDrainsOneMiBFromEachPipeAndPreservesFastExitStatus]' started.
Test Case '-[DiskStewardAppTests.CommandRunnerRegressionTests testDrainsOneMiBFromEachPipeAndPreservesFastExitStatus]' passed (0.041 seconds).
Test Case '-[DiskStewardAppTests.CommandRunnerRegressionTests testEnvironmentWorkingDirectoryStdinAndDelayedOutputArePreserved]' started.
Test Case '-[DiskStewardAppTests.CommandRunnerRegressionTests testEnvironmentWorkingDirectoryStdinAndDelayedOutputArePreserved]' passed (0.084 seconds).
Test Case '-[DiskStewardAppTests.CommandRunnerRegressionTests testFourOwnedCommandsAreCountedUntilCleanupAndRefuseAFifth]' started.
Test Case '-[DiskStewardAppTests.CommandRunnerRegressionTests testFourOwnedCommandsAreCountedUntilCleanupAndRefuseAFifth]' passed (0.815 seconds).
Test Case '-[DiskStewardAppTests.CommandRunnerRegressionTests testHugeOutputAndNeverExitStopAndReapTheOwnedProcessGroup]' started.
Test Case '-[DiskStewardAppTests.CommandRunnerRegressionTests testHugeOutputAndNeverExitStopAndReapTheOwnedProcessGroup]' passed (0.343 seconds).
Test Case '-[DiskStewardAppTests.CommandRunnerRegressionTests testParentExitAlsoStopsDescendantWithClosedOutputPipes]' started.
Test Case '-[DiskStewardAppTests.CommandRunnerRegressionTests testParentExitAlsoStopsDescendantWithClosedOutputPipes]' passed (0.209 seconds).
Test Case '-[DiskStewardAppTests.CommandRunnerRegressionTests testParentExitDoesNotLeaveAnInheritedPipeChildAlive]' started.
Test Case '-[DiskStewardAppTests.CommandRunnerRegressionTests testParentExitDoesNotLeaveAnInheritedPipeChildAlive]' passed (0.033 seconds).
Test Case '-[DiskStewardAppTests.CommandRunnerRegressionTests testRepeatedSuccessAndSpawnFailuresDoNotLeakDescriptorsOrZombies]' started.
Test Case '-[DiskStewardAppTests.CommandRunnerRegressionTests testRepeatedSuccessAndSpawnFailuresDoNotLeakDescriptorsOrZombies]' passed (0.260 seconds).
Test Case '-[DiskStewardAppTests.CommandRunnerRegressionTests testSpawnDelayIsIncludedInOverallDeadlineAndDoesNotLaunchAfterExpiry]' started.
Test Case '-[DiskStewardAppTests.CommandRunnerRegressionTests testSpawnDelayIsIncludedInOverallDeadlineAndDoesNotLaunchAfterExpiry]' passed (0.835 seconds).
Test Case '-[DiskStewardAppTests.CommandRunnerRegressionTests testSpawnFailureAndAlreadyCancelledCallRecover]' started.
Test Case '-[DiskStewardAppTests.CommandRunnerRegressionTests testSpawnFailureAndAlreadyCancelledCallRecover]' passed (0.072 seconds).
Test Case '-[DiskStewardAppTests.CommandRunnerRegressionTests testTimeoutAndOutputLimitsAreEnforced]' started.
Test Case '-[DiskStewardAppTests.CommandRunnerRegressionTests testTimeoutAndOutputLimitsAreEnforced]' passed (0.095 seconds).
Test Suite 'CommandRunnerRegressionTests' passed at 2026-09-17 11:29:09.225.
	 Executed 13 tests, with 0 failures (0 unexpected) in 3.197 (3.200) seconds
Test Suite 'DiskStewardPackageTests.xctest' passed at 2026-09-17 11:29:09.225.
	 Executed 13 tests, with 0 failures (0 unexpected) in 3.197 (3.200) seconds
Test Suite 'Selected tests' passed at 2026-09-17 11:29:09.225.
	 Executed 13 tests, with 0 failures (0 unexpected) in 3.197 (3.201) seconds
◇ Test run started.
↳ Testing Library Version: 1501
↳ Target Platform: arm64e-apple-macos14.0
✔ Test run with 0 tests in 0 suites passed after 0.001 seconds.
