Building for debugging...
[0/7] Write sources
[1/7] Write swift-version--58304C5D6DBC2206.txt
[3/5] Compiling DiskStewardCoreTests ConvergentScanGenerationTests.swift
[4/5] Emitting module DiskStewardCoreTests
[4/6] Write Objects.LinkFileList
[5/6] Linking DiskStewardPackageTests
Build complete! (1.74s)
Test Suite 'Selected tests' started at 2026-09-17 13:21:26.521.
Test Suite 'DiskStewardPackageTests.xctest' started at 2026-09-17 13:21:26.522.
Test Suite 'DirectoryMetadataScannerConvergentScanGenerationTests' started at 2026-09-17 13:21:26.522.
Test Case '-[DiskStewardCoreTests.DirectoryMetadataScannerConvergentScanGenerationTests testReplacingOneHardLinkPreservesOtherHealthyPathInBothObjectOrders]' started.
/private/tmp/disk-steward-521-membership-dev.JSfp7F/Tests/DiskStewardCoreTests/Monitoring/ConvergentScanGenerationTests.swift:249: error: -[DiskStewardCoreTests.DirectoryMetadataScannerConvergentScanGenerationTests testReplacingOneHardLinkPreservesOtherHealthyPathInBothObjectOrders] : XCTAssertEqual failed: ("/var/folders/n7/l0kdrhmn7lz3vt69sj82m8rm0000gn/T/06FDAB46-C73F-4140-851A-BA6510B0BE6B/watch/A") is not equal to ("/var/folders/n7/l0kdrhmn7lz3vt69sj82m8rm0000gn/T/06FDAB46-C73F-4140-851A-BA6510B0BE6B/watch/B") - Replacement provenance must name the replaced binding, not the old object's surviving canonical alias.
/private/tmp/disk-steward-521-membership-dev.JSfp7F/Tests/DiskStewardCoreTests/Monitoring/ConvergentScanGenerationTests.swift:249: error: -[DiskStewardCoreTests.DirectoryMetadataScannerConvergentScanGenerationTests testReplacingOneHardLinkPreservesOtherHealthyPathInBothObjectOrders] : XCTAssertEqual failed: ("/var/folders/n7/l0kdrhmn7lz3vt69sj82m8rm0000gn/T/4496635F-3639-4E36-B284-16DE7BF17FC1/watch/A") is not equal to ("/var/folders/n7/l0kdrhmn7lz3vt69sj82m8rm0000gn/T/4496635F-3639-4E36-B284-16DE7BF17FC1/watch/B") - Replacement provenance must name the replaced binding, not the old object's surviving canonical alias.
Test Case '-[DiskStewardCoreTests.DirectoryMetadataScannerConvergentScanGenerationTests testReplacingOneHardLinkPreservesOtherHealthyPathInBothObjectOrders]' failed (0.161 seconds).
Test Suite 'DirectoryMetadataScannerConvergentScanGenerationTests' failed at 2026-09-17 13:21:26.683.
	 Executed 1 test, with 2 failures (0 unexpected) in 0.161 (0.161) seconds
Test Suite 'DiskStewardPackageTests.xctest' failed at 2026-09-17 13:21:26.683.
	 Executed 1 test, with 2 failures (0 unexpected) in 0.161 (0.161) seconds
Test Suite 'Selected tests' failed at 2026-09-17 13:21:26.683.
	 Executed 1 test, with 2 failures (0 unexpected) in 0.161 (0.162) seconds
◇ Test run started.
↳ Testing Library Version: 1501
↳ Target Platform: arm64e-apple-macos14.0
✔ Test run with 0 tests in 0 suites passed after 0.001 seconds.
