Building for debugging...
[0/7] Write sources
[1/7] Write swift-version--58304C5D6DBC2206.txt
[3/6] Compiling DiskStewardCoreTests EvidenceObjectLifecycleTests.swift
[4/6] Compiling DiskStewardCoreTests HistoricalMigrationTests.swift
[5/6] Emitting module DiskStewardCoreTests
[5/7] Write Objects.LinkFileList
[6/7] Linking DiskStewardPackageTests
Build complete! (1.50s)
Test Suite 'Selected tests' started at 2026-09-17 14:29:32.004.
Test Suite 'DiskStewardPackageTests.xctest' started at 2026-09-17 14:29:32.005.
Test Suite 'EvidenceObjectLifecycleTests' started at 2026-09-17 14:29:32.005.
Test Case '-[DiskStewardCoreTests.EvidenceObjectLifecycleTests testContradictorySampleChronologyCannotOverwriteCurrentTruth]' started.
/private/tmp/disk-steward-521-interval-dev.BVNWug/Tests/DiskStewardCoreTests/EvidenceStore/EvidenceObjectLifecycleTests.swift:42: error: -[DiskStewardCoreTests.EvidenceObjectLifecycleTests testContradictorySampleChronologyCannotOverwriteCurrentTruth] : failed - A sample before the prior state or after publication must not publish.
/private/tmp/disk-steward-521-interval-dev.BVNWug/Tests/DiskStewardCoreTests/EvidenceStore/EvidenceObjectLifecycleTests.swift:45: error: -[DiskStewardCoreTests.EvidenceObjectLifecycleTests testContradictorySampleChronologyCannotOverwriteCurrentTruth] : XCTAssertEqual failed: ("[DiskStewardCore.CurrentFileStateRecord(objectID: "same", identityMethod: DiskStewardCore.FileIdentityMethod.pathTemporal, path: "/watch/B", rootPath: "/watch", scopeVersionID: "scope-watch", logicalBytes: 8, allocatedBytes: 8, modifiedAt: nil, presence: DiskStewardCore.CurrentFilePresence.present, stateAsOfObservationID: "O2", observedAt: 2033-05-18 03:33:50 +0000, actionable: true)]") is not equal to ("[DiskStewardCore.CurrentFileStateRecord(objectID: "same", identityMethod: DiskStewardCore.FileIdentityMethod.volumeFileGeneration, path: "/watch/A", rootPath: "/watch", scopeVersionID: "scope-watch", logicalBytes: 3, allocatedBytes: 3, modifiedAt: Optional(2033-05-18 03:33:23 +0000), presence: DiskStewardCore.CurrentFilePresence.present, stateAsOfObservationID: "O1", observedAt: 2033-05-18 03:34:00 +0000, actionable: true)]")
/private/tmp/disk-steward-521-interval-dev.BVNWug/Tests/DiskStewardCoreTests/EvidenceStore/EvidenceObjectLifecycleTests.swift:47: error: -[DiskStewardCoreTests.EvidenceObjectLifecycleTests testContradictorySampleChronologyCannotOverwriteCurrentTruth] : XCTAssertEqual failed: ("1") is not equal to ("0")
/private/tmp/disk-steward-521-interval-dev.BVNWug/Tests/DiskStewardCoreTests/EvidenceStore/EvidenceObjectLifecycleTests.swift:48: error: -[DiskStewardCoreTests.EvidenceObjectLifecycleTests testContradictorySampleChronologyCannotOverwriteCurrentTruth] : XCTAssertEqual failed: ("1") is not equal to ("0")
/private/tmp/disk-steward-521-interval-dev.BVNWug/Tests/DiskStewardCoreTests/EvidenceStore/EvidenceObjectLifecycleTests.swift:42: error: -[DiskStewardCoreTests.EvidenceObjectLifecycleTests testContradictorySampleChronologyCannotOverwriteCurrentTruth] : failed - A sample before the prior state or after publication must not publish.
/private/tmp/disk-steward-521-interval-dev.BVNWug/Tests/DiskStewardCoreTests/EvidenceStore/EvidenceObjectLifecycleTests.swift:45: error: -[DiskStewardCoreTests.EvidenceObjectLifecycleTests testContradictorySampleChronologyCannotOverwriteCurrentTruth] : XCTAssertEqual failed: ("[DiskStewardCore.CurrentFileStateRecord(objectID: "same", identityMethod: DiskStewardCore.FileIdentityMethod.pathTemporal, path: "/watch/B", rootPath: "/watch", scopeVersionID: "scope-watch", logicalBytes: 8, allocatedBytes: 8, modifiedAt: nil, presence: DiskStewardCore.CurrentFilePresence.present, stateAsOfObservationID: "O2", observedAt: 2033-05-18 03:34:20 +0000, actionable: true)]") is not equal to ("[DiskStewardCore.CurrentFileStateRecord(objectID: "same", identityMethod: DiskStewardCore.FileIdentityMethod.volumeFileGeneration, path: "/watch/A", rootPath: "/watch", scopeVersionID: "scope-watch", logicalBytes: 3, allocatedBytes: 3, modifiedAt: Optional(2033-05-18 03:33:23 +0000), presence: DiskStewardCore.CurrentFilePresence.present, stateAsOfObservationID: "O1", observedAt: 2033-05-18 03:34:00 +0000, actionable: true)]")
/private/tmp/disk-steward-521-interval-dev.BVNWug/Tests/DiskStewardCoreTests/EvidenceStore/EvidenceObjectLifecycleTests.swift:47: error: -[DiskStewardCoreTests.EvidenceObjectLifecycleTests testContradictorySampleChronologyCannotOverwriteCurrentTruth] : XCTAssertEqual failed: ("1") is not equal to ("0")
Test Case '-[DiskStewardCoreTests.EvidenceObjectLifecycleTests testContradictorySampleChronologyCannotOverwriteCurrentTruth]' failed (1.028 seconds).
Test Case '-[DiskStewardCoreTests.EvidenceObjectLifecycleTests testFirstObservationHasUnknownOccurrenceStartAndMeasuredUpperBound]' started.
/private/tmp/disk-steward-521-interval-dev.BVNWug/Tests/DiskStewardCoreTests/EvidenceStore/EvidenceObjectLifecycleTests.swift:21: error: -[DiskStewardCoreTests.EvidenceObjectLifecycleTests testFirstObservationHasUnknownOccurrenceStartAndMeasuredUpperBound] : XCTAssertEqual failed: ("0") is not equal to ("1")
/private/tmp/disk-steward-521-interval-dev.BVNWug/Tests/DiskStewardCoreTests/EvidenceStore/EvidenceObjectLifecycleTests.swift:21: error: -[DiskStewardCoreTests.EvidenceObjectLifecycleTests testFirstObservationHasUnknownOccurrenceStartAndMeasuredUpperBound] : XCTAssertEqual failed: ("0") is not equal to ("1")
Test Case '-[DiskStewardCoreTests.EvidenceObjectLifecycleTests testFirstObservationHasUnknownOccurrenceStartAndMeasuredUpperBound]' failed (0.020 seconds).
Test Case '-[DiskStewardCoreTests.EvidenceObjectLifecycleTests testReplacementOfAliasUsesItsBindingEvidenceNotAnotherAliasSampleTime]' started.
/private/tmp/disk-steward-521-interval-dev.BVNWug/Tests/DiskStewardCoreTests/EvidenceStore/EvidenceObjectLifecycleTests.swift:74: error: -[DiskStewardCoreTests.EvidenceObjectLifecycleTests testReplacementOfAliasUsesItsBindingEvidenceNotAnotherAliasSampleTime] : XCTAssertEqual failed: ("2000000100") is not equal to ("2000000010")
Test Case '-[DiskStewardCoreTests.EvidenceObjectLifecycleTests testReplacementOfAliasUsesItsBindingEvidenceNotAnotherAliasSampleTime]' failed (0.009 seconds).
Test Suite 'EvidenceObjectLifecycleTests' failed at 2026-09-17 14:29:33.063.
	 Executed 3 tests, with 10 failures (0 unexpected) in 1.058 (1.058) seconds
Test Suite 'HistoricalMigrationTests' started at 2026-09-17 14:29:33.063.
Test Case '-[DiskStewardCoreTests.HistoricalMigrationTests testHistoricalOccurrenceBoundsMigrateWithoutInventingLowerEvidence]' started.
/private/tmp/disk-steward-521-interval-dev.BVNWug/Tests/DiskStewardCoreTests/EvidenceStore/HistoricalMigrationTests.swift:21: error: -[DiskStewardCoreTests.HistoricalMigrationTests testHistoricalOccurrenceBoundsMigrateWithoutInventingLowerEvidence] : XCTAssertEqual failed: ("0") is not equal to ("2")
/private/tmp/disk-steward-521-interval-dev.BVNWug/Tests/DiskStewardCoreTests/EvidenceStore/HistoricalMigrationTests.swift:28: error: -[DiskStewardCoreTests.HistoricalMigrationTests testHistoricalOccurrenceBoundsMigrateWithoutInventingLowerEvidence] : XCTAssertThrowsError failed: did not throw an error
/private/tmp/disk-steward-521-interval-dev.BVNWug/Tests/DiskStewardCoreTests/EvidenceStore/HistoricalMigrationTests.swift:21: error: -[DiskStewardCoreTests.HistoricalMigrationTests testHistoricalOccurrenceBoundsMigrateWithoutInventingLowerEvidence] : XCTAssertEqual failed: ("0") is not equal to ("2")
/private/tmp/disk-steward-521-interval-dev.BVNWug/Tests/DiskStewardCoreTests/EvidenceStore/HistoricalMigrationTests.swift:22: error: -[DiskStewardCoreTests.HistoricalMigrationTests testHistoricalOccurrenceBoundsMigrateWithoutInventingLowerEvidence] : XCTAssertEqual failed: ("2000") is not equal to ("1000")
/private/tmp/disk-steward-521-interval-dev.BVNWug/Tests/DiskStewardCoreTests/EvidenceStore/HistoricalMigrationTests.swift:28: error: -[DiskStewardCoreTests.HistoricalMigrationTests testHistoricalOccurrenceBoundsMigrateWithoutInventingLowerEvidence] : XCTAssertThrowsError failed: did not throw an error
/private/tmp/disk-steward-521-interval-dev.BVNWug/Tests/DiskStewardCoreTests/EvidenceStore/HistoricalMigrationTests.swift:21: error: -[DiskStewardCoreTests.HistoricalMigrationTests testHistoricalOccurrenceBoundsMigrateWithoutInventingLowerEvidence] : XCTAssertEqual failed: ("0") is not equal to ("2")
/private/tmp/disk-steward-521-interval-dev.BVNWug/Tests/DiskStewardCoreTests/EvidenceStore/HistoricalMigrationTests.swift:28: error: -[DiskStewardCoreTests.HistoricalMigrationTests testHistoricalOccurrenceBoundsMigrateWithoutInventingLowerEvidence] : XCTAssertThrowsError failed: did not throw an error
/private/tmp/disk-steward-521-interval-dev.BVNWug/Tests/DiskStewardCoreTests/EvidenceStore/HistoricalMigrationTests.swift:21: error: -[DiskStewardCoreTests.HistoricalMigrationTests testHistoricalOccurrenceBoundsMigrateWithoutInventingLowerEvidence] : XCTAssertEqual failed: ("0") is not equal to ("2")
/private/tmp/disk-steward-521-interval-dev.BVNWug/Tests/DiskStewardCoreTests/EvidenceStore/HistoricalMigrationTests.swift:22: error: -[DiskStewardCoreTests.HistoricalMigrationTests testHistoricalOccurrenceBoundsMigrateWithoutInventingLowerEvidence] : XCTAssertEqual failed: ("2000") is not equal to ("1000")
/private/tmp/disk-steward-521-interval-dev.BVNWug/Tests/DiskStewardCoreTests/EvidenceStore/HistoricalMigrationTests.swift:28: error: -[DiskStewardCoreTests.HistoricalMigrationTests testHistoricalOccurrenceBoundsMigrateWithoutInventingLowerEvidence] : XCTAssertThrowsError failed: did not throw an error
Test Case '-[DiskStewardCoreTests.HistoricalMigrationTests testHistoricalOccurrenceBoundsMigrateWithoutInventingLowerEvidence]' failed (0.084 seconds).
Test Suite 'HistoricalMigrationTests' failed at 2026-09-17 14:29:33.147.
	 Executed 1 test, with 10 failures (0 unexpected) in 0.084 (0.085) seconds
Test Suite 'DiskStewardPackageTests.xctest' failed at 2026-09-17 14:29:33.147.
	 Executed 4 tests, with 20 failures (0 unexpected) in 1.142 (1.143) seconds
Test Suite 'Selected tests' failed at 2026-09-17 14:29:33.147.
	 Executed 4 tests, with 20 failures (0 unexpected) in 1.142 (1.143) seconds
◇ Test run started.
↳ Testing Library Version: 1501
↳ Target Platform: arm64e-apple-macos14.0
✔ Test run with 0 tests in 0 suites passed after 0.001 seconds.
