Building for debugging...
[0/7] Write sources
[1/7] Write swift-version--58304C5D6DBC2206.txt
[3/5] Compiling DiskStewardCoreTests EvidenceObjectLifecycleTests.swift
[4/5] Emitting module DiskStewardCoreTests
[4/6] Write Objects.LinkFileList
[5/6] Linking DiskStewardPackageTests
Build complete! (1.34s)
Test Suite 'Selected tests' started at 2026-09-17 14:10:46.095.
Test Suite 'DiskStewardPackageTests.xctest' started at 2026-09-17 14:10:46.095.
Test Suite 'EvidenceObjectLifecycleTests' started at 2026-09-17 14:10:46.095.
Test Case '-[DiskStewardCoreTests.EvidenceObjectLifecycleTests testLegacyCompleteSnapshotCannotResolveDurableDirtyEvidence]' started.
/private/tmp/disk-steward-521-legacy-dev.zkMXCw/Tests/DiskStewardCoreTests/EvidenceStore/EvidenceObjectLifecycleTests.swift:549: error: -[DiskStewardCoreTests.EvidenceObjectLifecycleTests testLegacyCompleteSnapshotCannotResolveDurableDirtyEvidence] : XCTAssertNil failed: "2033-05-18 03:33:30 +0000"
/private/tmp/disk-steward-521-legacy-dev.zkMXCw/Tests/DiskStewardCoreTests/EvidenceStore/EvidenceObjectLifecycleTests.swift:553: error: -[DiskStewardCoreTests.EvidenceObjectLifecycleTests testLegacyCompleteSnapshotCannotResolveDurableDirtyEvidence] : XCTAssertEqual failed: ("0") is not equal to ("1")
Test Case '-[DiskStewardCoreTests.EvidenceObjectLifecycleTests testLegacyCompleteSnapshotCannotResolveDurableDirtyEvidence]' failed (0.121 seconds).
Test Case '-[DiskStewardCoreTests.EvidenceObjectLifecycleTests testLegacyExplicitSampleTimeIsNotReplacedWithSnapshotTime]' started.
/private/tmp/disk-steward-521-legacy-dev.zkMXCw/Tests/DiskStewardCoreTests/EvidenceStore/EvidenceObjectLifecycleTests.swift:116: error: -[DiskStewardCoreTests.EvidenceObjectLifecycleTests testLegacyExplicitSampleTimeIsNotReplacedWithSnapshotTime] : XCTAssertEqual failed: ("2000000100") is not equal to ("2000000000")
Test Case '-[DiskStewardCoreTests.EvidenceObjectLifecycleTests testLegacyExplicitSampleTimeIsNotReplacedWithSnapshotTime]' failed (0.009 seconds).
Test Case '-[DiskStewardCoreTests.EvidenceObjectLifecycleTests testLegacyPartialCoverageCannotCloseAnExistingEventGap]' started.
/private/tmp/disk-steward-521-legacy-dev.zkMXCw/Tests/DiskStewardCoreTests/EvidenceStore/EvidenceObjectLifecycleTests.swift:531: error: -[DiskStewardCoreTests.EvidenceObjectLifecycleTests testLegacyPartialCoverageCannotCloseAnExistingEventGap] : XCTAssertNil failed: "2033-05-18 03:33:30 +0000"
/private/tmp/disk-steward-521-legacy-dev.zkMXCw/Tests/DiskStewardCoreTests/EvidenceStore/EvidenceObjectLifecycleTests.swift:535: error: -[DiskStewardCoreTests.EvidenceObjectLifecycleTests testLegacyPartialCoverageCannotCloseAnExistingEventGap] : XCTAssertEqual failed: ("Optional(2033-05-18 03:33:30 +0000)") is not equal to ("Optional(2033-05-18 03:33:40 +0000)")
Test Case '-[DiskStewardCoreTests.EvidenceObjectLifecycleTests testLegacyPartialCoverageCannotCloseAnExistingEventGap]' failed (0.007 seconds).
Test Suite 'EvidenceObjectLifecycleTests' failed at 2026-09-17 14:10:46.232.
	 Executed 3 tests, with 5 failures (0 unexpected) in 0.137 (0.137) seconds
Test Suite 'DiskStewardPackageTests.xctest' failed at 2026-09-17 14:10:46.232.
	 Executed 3 tests, with 5 failures (0 unexpected) in 0.137 (0.137) seconds
Test Suite 'Selected tests' failed at 2026-09-17 14:10:46.232.
	 Executed 3 tests, with 5 failures (0 unexpected) in 0.137 (0.138) seconds
◇ Test run started.
↳ Testing Library Version: 1501
↳ Target Platform: arm64e-apple-macos14.0
✔ Test run with 0 tests in 0 suites passed after 0.001 seconds.
