Building for debugging...
[0/7] Write sources
[1/7] Write swift-version--58304C5D6DBC2206.txt
[3/5] Emitting module DiskStewardCoreTests
[4/5] Compiling DiskStewardCoreTests EvidenceObjectLifecycleTests.swift
[4/6] Write Objects.LinkFileList
[5/6] Linking DiskStewardPackageTests
Build complete! (1.24s)
Test Suite 'Selected tests' started at 2026-09-17 14:09:51.092.
Test Suite 'DiskStewardPackageTests.xctest' started at 2026-09-17 14:09:51.093.
Test Suite 'EvidenceObjectLifecycleTests' started at 2026-09-17 14:09:51.093.
Test Case '-[DiskStewardCoreTests.EvidenceObjectLifecycleTests testCompleteABCObservationRecordsDeletionAndReplayIsIdempotent]' started.
Test Case '-[DiskStewardCoreTests.EvidenceObjectLifecycleTests testCompleteABCObservationRecordsDeletionAndReplayIsIdempotent]' passed (0.017 seconds).
Test Case '-[DiskStewardCoreTests.EvidenceObjectLifecycleTests testDuplicateRootCoverageIsRejectedWithoutWritingAnObservation]' started.
Test Case '-[DiskStewardCoreTests.EvidenceObjectLifecycleTests testDuplicateRootCoverageIsRejectedWithoutWritingAnObservation]' passed (0.007 seconds).
Test Case '-[DiskStewardCoreTests.EvidenceObjectLifecycleTests testHardLinkedPathsRemainOnePhysicalObjectAndNeverCrashReconciliation]' started.
Test Case '-[DiskStewardCoreTests.EvidenceObjectLifecycleTests testHardLinkedPathsRemainOnePhysicalObjectAndNeverCrashReconciliation]' passed (0.009 seconds).
Test Case '-[DiskStewardCoreTests.EvidenceObjectLifecycleTests testLegacyExplicitSampleTimeIsNotReplacedWithSnapshotTime]' started.
Test Case '-[DiskStewardCoreTests.EvidenceObjectLifecycleTests testLegacyExplicitSampleTimeIsNotReplacedWithSnapshotTime]' passed (0.007 seconds).
Test Case '-[DiskStewardCoreTests.EvidenceObjectLifecycleTests testLegacyMixedRootsPublishesHealthyChangesAndRetainsFailedRootUncertainty]' started.
Test Case '-[DiskStewardCoreTests.EvidenceObjectLifecycleTests testLegacyMixedRootsPublishesHealthyChangesAndRetainsFailedRootUncertainty]' passed (0.007 seconds).
Test Case '-[DiskStewardCoreTests.EvidenceObjectLifecycleTests testLegacyMovePlusGrowthRecordsBothChanges]' started.
Test Case '-[DiskStewardCoreTests.EvidenceObjectLifecycleTests testLegacyMovePlusGrowthRecordsBothChanges]' passed (0.007 seconds).
Test Case '-[DiskStewardCoreTests.EvidenceObjectLifecycleTests testLegacyMultiObjectReplacementAccountsEachPhysicalObjectOnce]' started.
Test Case '-[DiskStewardCoreTests.EvidenceObjectLifecycleTests testLegacyMultiObjectReplacementAccountsEachPhysicalObjectOnce]' passed (0.016 seconds).
Test Case '-[DiskStewardCoreTests.EvidenceObjectLifecycleTests testLegacyPartialCoverageCannotCloseAnExistingEventGap]' started.
/private/tmp/disk-steward-521-legacy-dev.zkMXCw/Tests/DiskStewardCoreTests/EvidenceStore/EvidenceObjectLifecycleTests.swift:529: error: -[DiskStewardCoreTests.EvidenceObjectLifecycleTests testLegacyPartialCoverageCannotCloseAnExistingEventGap] : XCTAssertNil failed: "2033-05-18 03:33:30 +0000"
/private/tmp/disk-steward-521-legacy-dev.zkMXCw/Tests/DiskStewardCoreTests/EvidenceStore/EvidenceObjectLifecycleTests.swift:533: error: -[DiskStewardCoreTests.EvidenceObjectLifecycleTests testLegacyPartialCoverageCannotCloseAnExistingEventGap] : XCTAssertEqual failed: ("Optional(2033-05-18 03:33:30 +0000)") is not equal to ("Optional(2033-05-18 03:33:40 +0000)")
Test Case '-[DiskStewardCoreTests.EvidenceObjectLifecycleTests testLegacyPartialCoverageCannotCloseAnExistingEventGap]' failed (0.111 seconds).
Test Case '-[DiskStewardCoreTests.EvidenceObjectLifecycleTests testLegacyPartialReplacementKeepsUnobservedAliasUnknown]' started.
Test Case '-[DiskStewardCoreTests.EvidenceObjectLifecycleTests testLegacyPartialReplacementKeepsUnobservedAliasUnknown]' passed (0.010 seconds).
Test Case '-[DiskStewardCoreTests.EvidenceObjectLifecycleTests testLegacyPathSwapDoesNotDependOnCurrentRowUpdateOrder]' started.
Test Case '-[DiskStewardCoreTests.EvidenceObjectLifecycleTests testLegacyPathSwapDoesNotDependOnCurrentRowUpdateOrder]' passed (0.009 seconds).
Test Case '-[DiskStewardCoreTests.EvidenceObjectLifecycleTests testLegacyReplacementOfNoncanonicalAliasPreservesSurvivingObjectAndBinding]' started.
Test Case '-[DiskStewardCoreTests.EvidenceObjectLifecycleTests testLegacyReplacementOfNoncanonicalAliasPreservesSurvivingObjectAndBinding]' passed (0.009 seconds).
Test Case '-[DiskStewardCoreTests.EvidenceObjectLifecycleTests testLegacyResultPreservesFullArrayContractAboveGenerationInlineLimit]' started.
Test Case '-[DiskStewardCoreTests.EvidenceObjectLifecycleTests testLegacyResultPreservesFullArrayContractAboveGenerationInlineLimit]' passed (0.396 seconds).
Test Case '-[DiskStewardCoreTests.EvidenceObjectLifecycleTests testLegacyRollbackAtEveryBoundaryPreservesPriorStateAndActiveGeneration]' started.
Test Case '-[DiskStewardCoreTests.EvidenceObjectLifecycleTests testLegacyRollbackAtEveryBoundaryPreservesPriorStateAndActiveGeneration]' passed (0.040 seconds).
Test Case '-[DiskStewardCoreTests.EvidenceObjectLifecycleTests testLegacyScopeMoveDoesNotInferRenameAndScopeExitDoesNotRepeat]' started.
Test Case '-[DiskStewardCoreTests.EvidenceObjectLifecycleTests testLegacyScopeMoveDoesNotInferRenameAndScopeExitDoesNotRepeat]' passed (0.008 seconds).
Test Case '-[DiskStewardCoreTests.EvidenceObjectLifecycleTests testModifyTruncateRenameAndReplacementHaveDistinctIdentityAwareEvents]' started.
Test Case '-[DiskStewardCoreTests.EvidenceObjectLifecycleTests testModifyTruncateRenameAndReplacementHaveDistinctIdentityAwareEvents]' passed (0.009 seconds).
Test Case '-[DiskStewardCoreTests.EvidenceObjectLifecycleTests testObservationTransactionRollsBackOnScopeMismatch]' started.
Test Case '-[DiskStewardCoreTests.EvidenceObjectLifecycleTests testObservationTransactionRollsBackOnScopeMismatch]' passed (0.006 seconds).
Test Case '-[DiskStewardCoreTests.EvidenceObjectLifecycleTests testPartialABCObservationKeepsBUnknownUntilCompleteRecovery]' started.
Test Case '-[DiskStewardCoreTests.EvidenceObjectLifecycleTests testPartialABCObservationKeepsBUnknownUntilCompleteRecovery]' passed (0.009 seconds).
Test Case '-[DiskStewardCoreTests.EvidenceObjectLifecycleTests testRestartRecordsOfflineIntervalAndStillReconcilesCompleteDeletion]' started.
Test Case '-[DiskStewardCoreTests.EvidenceObjectLifecycleTests testRestartRecordsOfflineIntervalAndStillReconcilesCompleteDeletion]' passed (0.012 seconds).
Test Case '-[DiskStewardCoreTests.EvidenceObjectLifecycleTests testScopeChangeEmitsEnterAndExitWithoutClaimingDeletion]' started.
Test Case '-[DiskStewardCoreTests.EvidenceObjectLifecycleTests testScopeChangeEmitsEnterAndExitWithoutClaimingDeletion]' passed (0.008 seconds).
Test Suite 'EvidenceObjectLifecycleTests' failed at 2026-09-17 14:09:51.792.
	 Executed 19 tests, with 2 failures (0 unexpected) in 0.697 (0.699) seconds
Test Suite 'DiskStewardPackageTests.xctest' failed at 2026-09-17 14:09:51.792.
	 Executed 19 tests, with 2 failures (0 unexpected) in 0.697 (0.699) seconds
Test Suite 'Selected tests' failed at 2026-09-17 14:09:51.792.
	 Executed 19 tests, with 2 failures (0 unexpected) in 0.697 (0.700) seconds
◇ Test run started.
↳ Testing Library Version: 1501
↳ Target Platform: arm64e-apple-macos14.0
✔ Test run with 0 tests in 0 suites passed after 0.001 seconds.
