Building for debugging...
[0/7] Write sources
[1/7] Write swift-version--58304C5D6DBC2206.txt
[3/5] Emitting module DiskStewardCoreTests
[4/5] Compiling DiskStewardCoreTests ConvergentScanGenerationTests.swift
[4/6] Write Objects.LinkFileList
[5/6] Linking DiskStewardPackageTests
Build complete! (1.60s)
Test Suite 'Selected tests' started at 2026-09-17 12:35:37.181.
Test Suite 'DiskStewardPackageTests.xctest' started at 2026-09-17 12:35:37.182.
Test Suite 'DirectoryMetadataScannerConvergentScanGenerationTests' started at 2026-09-17 12:35:37.182.
Test Case '-[DiskStewardCoreTests.DirectoryMetadataScannerConvergentScanGenerationTests testEmptyDirectoryPassOutputIsBoundedBySliceBudget]' started.
Test Case '-[DiskStewardCoreTests.DirectoryMetadataScannerConvergentScanGenerationTests testEmptyDirectoryPassOutputIsBoundedBySliceBudget]' passed (0.008 seconds).
Test Case '-[DiskStewardCoreTests.DirectoryMetadataScannerConvergentScanGenerationTests testLegacyUnpublishedGenerationIsAbandonedWithoutChangingCommittedTruth]' started.
Test Case '-[DiskStewardCoreTests.DirectoryMetadataScannerConvergentScanGenerationTests testLegacyUnpublishedGenerationIsAbandonedWithoutChangingCommittedTruth]' passed (0.026 seconds).
Test Case '-[DiskStewardCoreTests.DirectoryMetadataScannerConvergentScanGenerationTests testOverlappingRootsSharePhysicalDirectoryProofWithoutLosingCoverage]' started.
/private/tmp/disk-steward-521-pass-dev.u2NZUN/Sources/DiskStewardCore/EvidenceStore/EvidenceStore.swift:352: error: -[DiskStewardCoreTests.DirectoryMetadataScannerConvergentScanGenerationTests testOverlappingRootsSharePhysicalDirectoryProofWithoutLosingCoverage] : failed: caught error: "invalidObservation("completed root has no membership pass")"
Test Case '-[DiskStewardCoreTests.DirectoryMetadataScannerConvergentScanGenerationTests testOverlappingRootsSharePhysicalDirectoryProofWithoutLosingCoverage]' failed (0.101 seconds).
Test Case '-[DiskStewardCoreTests.DirectoryMetadataScannerConvergentScanGenerationTests testPassValidationRestartsFromTheBeginningAfterDatabaseReopen]' started.
Test Case '-[DiskStewardCoreTests.DirectoryMetadataScannerConvergentScanGenerationTests testPassValidationRestartsFromTheBeginningAfterDatabaseReopen]' passed (0.017 seconds).
Test Suite 'DirectoryMetadataScannerConvergentScanGenerationTests' failed at 2026-09-17 12:35:37.335.
	 Executed 4 tests, with 1 failure (1 unexpected) in 0.152 (0.153) seconds
Test Suite 'DiskStewardPackageTests.xctest' failed at 2026-09-17 12:35:37.335.
	 Executed 4 tests, with 1 failure (1 unexpected) in 0.152 (0.153) seconds
Test Suite 'Selected tests' failed at 2026-09-17 12:35:37.335.
	 Executed 4 tests, with 1 failure (1 unexpected) in 0.152 (0.154) seconds
◇ Test run started.
↳ Testing Library Version: 1501
↳ Target Platform: arm64e-apple-macos14.0
✔ Test run with 0 tests in 0 suites passed after 0.001 seconds.
