Building for debugging...
[0/7] Write sources
[1/7] Write swift-version--58304C5D6DBC2206.txt
[3/5] Emitting module DiskStewardCoreTests
[4/5] Compiling DiskStewardCoreTests ConvergentScanGenerationTests.swift
[4/6] Write Objects.LinkFileList
[5/6] Linking DiskStewardPackageTests
Build complete! (1.63s)
Test Suite 'Selected tests' started at 2026-09-17 13:06:09.488.
Test Suite 'DiskStewardPackageTests.xctest' started at 2026-09-17 13:06:09.489.
Test Suite 'DirectoryMetadataScannerConvergentScanGenerationTests' started at 2026-09-17 13:06:09.489.
Test Case '-[DiskStewardCoreTests.DirectoryMetadataScannerConvergentScanGenerationTests testReplacingHealthyHardLinkDoesNotDeleteObjectWithFailedRootBinding]' started.
/private/tmp/disk-steward-521-membership-dev.JSfp7F/Tests/DiskStewardCoreTests/Monitoring/ConvergentScanGenerationTests.swift:371: error: -[DiskStewardCoreTests.DirectoryMetadataScannerConvergentScanGenerationTests testReplacingHealthyHardLinkDoesNotDeleteObjectWithFailedRootBinding] : XCTAssertEqual failed: ("1") is not equal to ("2") - A replacement cannot debit an old object's bytes while its remaining binding is unavailable.
/private/tmp/disk-steward-521-membership-dev.JSfp7F/Tests/DiskStewardCoreTests/Monitoring/ConvergentScanGenerationTests.swift:371: error: -[DiskStewardCoreTests.DirectoryMetadataScannerConvergentScanGenerationTests testReplacingHealthyHardLinkDoesNotDeleteObjectWithFailedRootBinding] : XCTAssertEqual failed: ("1") is not equal to ("2") - A replacement cannot debit an old object's bytes while its remaining binding is unavailable.
Test Case '-[DiskStewardCoreTests.DirectoryMetadataScannerConvergentScanGenerationTests testReplacingHealthyHardLinkDoesNotDeleteObjectWithFailedRootBinding]' failed (0.137 seconds).
Test Case '-[DiskStewardCoreTests.DirectoryMetadataScannerConvergentScanGenerationTests testReplacingOneHardLinkPreservesOtherHealthyPathInBothObjectOrders]' started.
/private/tmp/disk-steward-521-membership-dev.JSfp7F/Tests/DiskStewardCoreTests/Monitoring/ConvergentScanGenerationTests.swift:245: error: -[DiskStewardCoreTests.DirectoryMetadataScannerConvergentScanGenerationTests testReplacingOneHardLinkPreservesOtherHealthyPathInBothObjectOrders] : XCTAssertEqual failed: ("2") is not equal to ("5") - The original object still exists through its other hard link; replacement must not subtract its bytes.
/private/tmp/disk-steward-521-membership-dev.JSfp7F/Tests/DiskStewardCoreTests/Monitoring/ConvergentScanGenerationTests.swift:245: error: -[DiskStewardCoreTests.DirectoryMetadataScannerConvergentScanGenerationTests testReplacingOneHardLinkPreservesOtherHealthyPathInBothObjectOrders] : XCTAssertEqual failed: ("2") is not equal to ("5") - The original object still exists through its other hard link; replacement must not subtract its bytes.
/private/tmp/disk-steward-521-membership-dev.JSfp7F/Tests/DiskStewardCoreTests/Monitoring/ConvergentScanGenerationTests.swift:245: error: -[DiskStewardCoreTests.DirectoryMetadataScannerConvergentScanGenerationTests testReplacingOneHardLinkPreservesOtherHealthyPathInBothObjectOrders] : XCTAssertEqual failed: ("-2") is not equal to ("3") - The original object still exists through its other hard link; replacement must not subtract its bytes.
/private/tmp/disk-steward-521-membership-dev.JSfp7F/Tests/DiskStewardCoreTests/Monitoring/ConvergentScanGenerationTests.swift:245: error: -[DiskStewardCoreTests.DirectoryMetadataScannerConvergentScanGenerationTests testReplacingOneHardLinkPreservesOtherHealthyPathInBothObjectOrders] : XCTAssertEqual failed: ("-2") is not equal to ("3") - The original object still exists through its other hard link; replacement must not subtract its bytes.
Test Case '-[DiskStewardCoreTests.DirectoryMetadataScannerConvergentScanGenerationTests testReplacingOneHardLinkPreservesOtherHealthyPathInBothObjectOrders]' failed (0.049 seconds).
Test Suite 'DirectoryMetadataScannerConvergentScanGenerationTests' failed at 2026-09-17 13:06:09.675.
	 Executed 2 tests, with 6 failures (0 unexpected) in 0.186 (0.186) seconds
Test Suite 'DiskStewardPackageTests.xctest' failed at 2026-09-17 13:06:09.675.
	 Executed 2 tests, with 6 failures (0 unexpected) in 0.186 (0.186) seconds
Test Suite 'Selected tests' failed at 2026-09-17 13:06:09.675.
	 Executed 2 tests, with 6 failures (0 unexpected) in 0.186 (0.187) seconds
◇ Test run started.
↳ Testing Library Version: 1501
↳ Target Platform: arm64e-apple-macos14.0
✔ Test run with 0 tests in 0 suites passed after 0.001 seconds.
