Building for debugging...
[0/7] Write sources
[1/7] Write swift-version--58304C5D6DBC2206.txt
[3/5] Emitting module DiskStewardCoreTests
[4/5] Compiling DiskStewardCoreTests ConvergentScanGenerationTests.swift
[4/6] Write Objects.LinkFileList
[5/6] Linking DiskStewardPackageTests
Build complete! (1.74s)
Test Suite 'Selected tests' started at 2026-09-17 13:14:32.506.
Test Suite 'DiskStewardPackageTests.xctest' started at 2026-09-17 13:14:32.507.
Test Suite 'DirectoryMetadataScannerConvergentScanGenerationTests' started at 2026-09-17 13:14:32.507.
Test Case '-[DiskStewardCoreTests.DirectoryMetadataScannerConvergentScanGenerationTests testMoveAndGrowthRetainBothIdentityAndByteChange]' started.
/private/tmp/disk-steward-521-membership-dev.JSfp7F/Tests/DiskStewardCoreTests/Monitoring/ConvergentScanGenerationTests.swift:360: error: -[DiskStewardCoreTests.DirectoryMetadataScannerConvergentScanGenerationTests testMoveAndGrowthRetainBothIdentityAndByteChange] : XCTAssertEqual failed: ("0") is not equal to ("20")
Test Case '-[DiskStewardCoreTests.DirectoryMetadataScannerConvergentScanGenerationTests testMoveAndGrowthRetainBothIdentityAndByteChange]' failed (0.118 seconds).
Test Case '-[DiskStewardCoreTests.DirectoryMetadataScannerConvergentScanGenerationTests testOneOldHardLinkedObjectReplacedByTwoObjectsIsDebitedOnlyOnce]' started.
/private/tmp/disk-steward-521-membership-dev.JSfp7F/Tests/DiskStewardCoreTests/Monitoring/ConvergentScanGenerationTests.swift:305: error: -[DiskStewardCoreTests.DirectoryMetadataScannerConvergentScanGenerationTests testOneOldHardLinkedObjectReplacedByTwoObjectsIsDebitedOnlyOnce] : XCTAssertEqual failed: ("30") is not equal to ("40") - Replacement cardinality must not multiply or omit a physical object's byte change.
/private/tmp/disk-steward-521-membership-dev.JSfp7F/Tests/DiskStewardCoreTests/Monitoring/ConvergentScanGenerationTests.swift:305: error: -[DiskStewardCoreTests.DirectoryMetadataScannerConvergentScanGenerationTests testOneOldHardLinkedObjectReplacedByTwoObjectsIsDebitedOnlyOnce] : XCTAssertEqual failed: ("30") is not equal to ("40") - Replacement cardinality must not multiply or omit a physical object's byte change.
Test Case '-[DiskStewardCoreTests.DirectoryMetadataScannerConvergentScanGenerationTests testOneOldHardLinkedObjectReplacedByTwoObjectsIsDebitedOnlyOnce]' failed (0.027 seconds).
Test Case '-[DiskStewardCoreTests.DirectoryMetadataScannerConvergentScanGenerationTests testRenameOverExistingObjectAccountsForDisplacedBytes]' started.
/private/tmp/disk-steward-521-membership-dev.JSfp7F/Tests/DiskStewardCoreTests/Monitoring/ConvergentScanGenerationTests.swift:329: error: -[DiskStewardCoreTests.DirectoryMetadataScannerConvergentScanGenerationTests testRenameOverExistingObjectAccountsForDisplacedBytes] : XCTAssertEqual failed: ("0") is not equal to ("-20")
/private/tmp/disk-steward-521-membership-dev.JSfp7F/Tests/DiskStewardCoreTests/Monitoring/ConvergentScanGenerationTests.swift:329: error: -[DiskStewardCoreTests.DirectoryMetadataScannerConvergentScanGenerationTests testRenameOverExistingObjectAccountsForDisplacedBytes] : XCTAssertEqual failed: ("0") is not equal to ("-10")
Test Case '-[DiskStewardCoreTests.DirectoryMetadataScannerConvergentScanGenerationTests testRenameOverExistingObjectAccountsForDisplacedBytes]' failed (0.021 seconds).
Test Case '-[DiskStewardCoreTests.DirectoryMetadataScannerConvergentScanGenerationTests testSurvivingHardLinkRebaseAndGrowthDoesNotLoseByteChange]' started.
/private/tmp/disk-steward-521-membership-dev.JSfp7F/Tests/DiskStewardCoreTests/Monitoring/ConvergentScanGenerationTests.swift:360: error: -[DiskStewardCoreTests.DirectoryMetadataScannerConvergentScanGenerationTests testSurvivingHardLinkRebaseAndGrowthDoesNotLoseByteChange] : XCTAssertEqual failed: ("0") is not equal to ("20")
Test Case '-[DiskStewardCoreTests.DirectoryMetadataScannerConvergentScanGenerationTests testSurvivingHardLinkRebaseAndGrowthDoesNotLoseByteChange]' failed (0.010 seconds).
Test Case '-[DiskStewardCoreTests.DirectoryMetadataScannerConvergentScanGenerationTests testTwoOldObjectsReplacedByOneHardLinkedObjectAreBothDebited]' started.
/private/tmp/disk-steward-521-membership-dev.JSfp7F/Tests/DiskStewardCoreTests/Monitoring/ConvergentScanGenerationTests.swift:305: error: -[DiskStewardCoreTests.DirectoryMetadataScannerConvergentScanGenerationTests testTwoOldObjectsReplacedByOneHardLinkedObjectAreBothDebited] : XCTAssertEqual failed: ("20") is not equal to ("0") - Replacement cardinality must not multiply or omit a physical object's byte change.
/private/tmp/disk-steward-521-membership-dev.JSfp7F/Tests/DiskStewardCoreTests/Monitoring/ConvergentScanGenerationTests.swift:305: error: -[DiskStewardCoreTests.DirectoryMetadataScannerConvergentScanGenerationTests testTwoOldObjectsReplacedByOneHardLinkedObjectAreBothDebited] : XCTAssertEqual failed: ("20") is not equal to ("0") - Replacement cardinality must not multiply or omit a physical object's byte change.
Test Case '-[DiskStewardCoreTests.DirectoryMetadataScannerConvergentScanGenerationTests testTwoOldObjectsReplacedByOneHardLinkedObjectAreBothDebited]' failed (0.022 seconds).
Test Suite 'DirectoryMetadataScannerConvergentScanGenerationTests' failed at 2026-09-17 13:14:32.705.
	 Executed 5 tests, with 8 failures (0 unexpected) in 0.198 (0.198) seconds
Test Suite 'DiskStewardPackageTests.xctest' failed at 2026-09-17 13:14:32.705.
	 Executed 5 tests, with 8 failures (0 unexpected) in 0.198 (0.198) seconds
Test Suite 'Selected tests' failed at 2026-09-17 13:14:32.705.
	 Executed 5 tests, with 8 failures (0 unexpected) in 0.198 (0.199) seconds
◇ Test run started.
↳ Testing Library Version: 1501
↳ Target Platform: arm64e-apple-macos14.0
✔ Test run with 0 tests in 0 suites passed after 0.001 seconds.
