Building for debugging...
[0/7] Write sources
[1/7] Write swift-version--58304C5D6DBC2206.txt
[3/5] Compiling DiskStewardCoreTests ConvergentScanGenerationTests.swift
[4/5] Emitting module DiskStewardCoreTests
[4/6] Write Objects.LinkFileList
[5/6] Linking DiskStewardPackageTests
Build complete! (2.64s)
Test Suite 'Selected tests' started at 2026-09-17 14:52:05.544.
Test Suite 'DiskStewardPackageTests.xctest' started at 2026-09-17 14:52:05.545.
Test Suite 'DirectoryMetadataScannerConvergentScanGenerationTests' started at 2026-09-17 14:52:05.545.
Test Case '-[DiskStewardCoreTests.DirectoryMetadataScannerConvergentScanGenerationTests testGenerationScopeReentryUsesFreshBaselineWithoutPhantomChanges]' started.
/private/tmp/disk-steward-521-interval-dev.BVNWug/Tests/DiskStewardCoreTests/Monitoring/ConvergentScanGenerationTests.swift:50: error: -[DiskStewardCoreTests.DirectoryMetadataScannerConvergentScanGenerationTests testGenerationScopeReentryUsesFreshBaselineWithoutPhantomChanges] : XCTAssertEqual failed: ("[DiskStewardCore.EvidenceStoreEvent.Operation.create]") is not equal to ("[DiskStewardCore.EvidenceStoreEvent.Operation.scopeEnter]")
/private/tmp/disk-steward-521-interval-dev.BVNWug/Tests/DiskStewardCoreTests/Monitoring/ConvergentScanGenerationTests.swift:51: error: -[DiskStewardCoreTests.DirectoryMetadataScannerConvergentScanGenerationTests testGenerationScopeReentryUsesFreshBaselineWithoutPhantomChanges] : XCTAssertEqual failed: ("3") is not equal to ("0")
Test Case '-[DiskStewardCoreTests.DirectoryMetadataScannerConvergentScanGenerationTests testGenerationScopeReentryUsesFreshBaselineWithoutPhantomChanges]' failed (0.173 seconds).
Test Suite 'DirectoryMetadataScannerConvergentScanGenerationTests' failed at 2026-09-17 14:52:05.718.
	 Executed 1 test, with 2 failures (0 unexpected) in 0.173 (0.173) seconds
Test Suite 'DiskStewardPackageTests.xctest' failed at 2026-09-17 14:52:05.718.
	 Executed 1 test, with 2 failures (0 unexpected) in 0.173 (0.173) seconds
Test Suite 'Selected tests' failed at 2026-09-17 14:52:05.718.
	 Executed 1 test, with 2 failures (0 unexpected) in 0.173 (0.174) seconds
◇ Test run started.
↳ Testing Library Version: 1501
↳ Target Platform: arm64e-apple-macos14.0
✔ Test run with 0 tests in 0 suites passed after 0.001 seconds.
