Building for debugging...
[0/7] Write sources
[1/7] Write swift-version--58304C5D6DBC2206.txt
[3/5] Compiling DiskStewardCoreTests ConvergentScanGenerationTests.swift
[4/5] Emitting module DiskStewardCoreTests
[4/6] Write Objects.LinkFileList
[5/6] Linking DiskStewardPackageTests
Build complete! (2.49s)
Test Suite 'Selected tests' started at 2026-09-17 14:47:22.632.
Test Suite 'DiskStewardPackageTests.xctest' started at 2026-09-17 14:47:22.633.
Test Suite 'DirectoryMetadataScannerConvergentScanGenerationTests' started at 2026-09-17 14:47:22.633.
Test Case '-[DiskStewardCoreTests.DirectoryMetadataScannerConvergentScanGenerationTests testAllFailedRootsPublishUncertaintyAndRecoverWithoutFalseDeletion]' started.
/private/tmp/disk-steward-521-interval-dev.BVNWug/Tests/DiskStewardCoreTests/Monitoring/ConvergentScanGenerationTests.swift:20: error: -[DiskStewardCoreTests.DirectoryMetadataScannerConvergentScanGenerationTests testAllFailedRootsPublishUncertaintyAndRecoverWithoutFalseDeletion] : XCTAssertEqual failed: ("abandoned") is not equal to ("completed") - Traversal ended; failed coverage must still publish its uncertainty.
/private/tmp/disk-steward-521-interval-dev.BVNWug/Tests/DiskStewardCoreTests/Monitoring/ConvergentScanGenerationTests.swift:21: error: -[DiskStewardCoreTests.DirectoryMetadataScannerConvergentScanGenerationTests testAllFailedRootsPublishUncertaintyAndRecoverWithoutFalseDeletion] : XCTAssertNotNil failed
/private/tmp/disk-steward-521-interval-dev.BVNWug/Tests/DiskStewardCoreTests/Monitoring/ConvergentScanGenerationTests.swift:22: error: -[DiskStewardCoreTests.DirectoryMetadataScannerConvergentScanGenerationTests testAllFailedRootsPublishUncertaintyAndRecoverWithoutFalseDeletion] : XCTAssertTrue failed
/private/tmp/disk-steward-521-interval-dev.BVNWug/Tests/DiskStewardCoreTests/Monitoring/ConvergentScanGenerationTests.swift:24: error: -[DiskStewardCoreTests.DirectoryMetadataScannerConvergentScanGenerationTests testAllFailedRootsPublishUncertaintyAndRecoverWithoutFalseDeletion] : XCTAssertTrue failed
/private/tmp/disk-steward-521-interval-dev.BVNWug/Tests/DiskStewardCoreTests/Monitoring/ConvergentScanGenerationTests.swift:29: error: -[DiskStewardCoreTests.DirectoryMetadataScannerConvergentScanGenerationTests testAllFailedRootsPublishUncertaintyAndRecoverWithoutFalseDeletion] : XCTAssertEqual failed: ("present") is not equal to ("unknown")
/private/tmp/disk-steward-521-interval-dev.BVNWug/Tests/DiskStewardCoreTests/Monitoring/ConvergentScanGenerationTests.swift:30: error: -[DiskStewardCoreTests.DirectoryMetadataScannerConvergentScanGenerationTests testAllFailedRootsPublishUncertaintyAndRecoverWithoutFalseDeletion] : XCTAssertFalse failed
/private/tmp/disk-steward-521-interval-dev.BVNWug/Tests/DiskStewardCoreTests/Monitoring/ConvergentScanGenerationTests.swift:34: error: -[DiskStewardCoreTests.DirectoryMetadataScannerConvergentScanGenerationTests testAllFailedRootsPublishUncertaintyAndRecoverWithoutFalseDeletion] : XCTAssertTrue failed
/private/tmp/disk-steward-521-interval-dev.BVNWug/Tests/DiskStewardCoreTests/Monitoring/ConvergentScanGenerationTests.swift:36: error: -[DiskStewardCoreTests.DirectoryMetadataScannerConvergentScanGenerationTests testAllFailedRootsPublishUncertaintyAndRecoverWithoutFalseDeletion] : XCTAssertEqual failed: ("Optional("stale")") is not equal to ("Optional("unavailable")")
/private/tmp/disk-steward-521-interval-dev.BVNWug/Tests/DiskStewardCoreTests/Monitoring/ConvergentScanGenerationTests.swift:29: error: -[DiskStewardCoreTests.DirectoryMetadataScannerConvergentScanGenerationTests testAllFailedRootsPublishUncertaintyAndRecoverWithoutFalseDeletion] : XCTAssertEqual failed: ("present") is not equal to ("unknown")
/private/tmp/disk-steward-521-interval-dev.BVNWug/Tests/DiskStewardCoreTests/Monitoring/ConvergentScanGenerationTests.swift:30: error: -[DiskStewardCoreTests.DirectoryMetadataScannerConvergentScanGenerationTests testAllFailedRootsPublishUncertaintyAndRecoverWithoutFalseDeletion] : XCTAssertFalse failed
/private/tmp/disk-steward-521-interval-dev.BVNWug/Tests/DiskStewardCoreTests/Monitoring/ConvergentScanGenerationTests.swift:34: error: -[DiskStewardCoreTests.DirectoryMetadataScannerConvergentScanGenerationTests testAllFailedRootsPublishUncertaintyAndRecoverWithoutFalseDeletion] : XCTAssertTrue failed
/private/tmp/disk-steward-521-interval-dev.BVNWug/Tests/DiskStewardCoreTests/Monitoring/ConvergentScanGenerationTests.swift:36: error: -[DiskStewardCoreTests.DirectoryMetadataScannerConvergentScanGenerationTests testAllFailedRootsPublishUncertaintyAndRecoverWithoutFalseDeletion] : XCTAssertEqual failed: ("Optional("stale")") is not equal to ("Optional("unavailable")")
Test Case '-[DiskStewardCoreTests.DirectoryMetadataScannerConvergentScanGenerationTests testAllFailedRootsPublishUncertaintyAndRecoverWithoutFalseDeletion]' failed (0.163 seconds).
Test Suite 'DirectoryMetadataScannerConvergentScanGenerationTests' failed at 2026-09-17 14:47:22.797.
	 Executed 1 test, with 12 failures (0 unexpected) in 0.163 (0.163) seconds
Test Suite 'EvidenceObjectLifecycleTests' started at 2026-09-17 14:47:22.797.
Test Case '-[DiskStewardCoreTests.EvidenceObjectLifecycleTests testScopeReentryDoesNotInventReplacementGrowthOrDelayedDeletion]' started.
/private/tmp/disk-steward-521-interval-dev.BVNWug/Tests/DiskStewardCoreTests/EvidenceStore/EvidenceObjectLifecycleTests.swift:25: error: -[DiskStewardCoreTests.EvidenceObjectLifecycleTests testScopeReentryDoesNotInventReplacementGrowthOrDelayedDeletion] : XCTAssertEqual failed: ("[DiskStewardCore.EvidenceStoreEvent.Operation.modify]") is not equal to ("[DiskStewardCore.EvidenceStoreEvent.Operation.scopeEnter]") - same
/private/tmp/disk-steward-521-interval-dev.BVNWug/Tests/DiskStewardCoreTests/EvidenceStore/EvidenceObjectLifecycleTests.swift:26: error: -[DiskStewardCoreTests.EvidenceObjectLifecycleTests testScopeReentryDoesNotInventReplacementGrowthOrDelayedDeletion] : XCTAssertEqual failed: ("4") is not equal to ("0") - same
/private/tmp/disk-steward-521-interval-dev.BVNWug/Tests/DiskStewardCoreTests/EvidenceStore/EvidenceObjectLifecycleTests.swift:33: error: -[DiskStewardCoreTests.EvidenceObjectLifecycleTests testScopeReentryDoesNotInventReplacementGrowthOrDelayedDeletion] : XCTAssertEqual failed: ("1") is not equal to ("0")
/private/tmp/disk-steward-521-interval-dev.BVNWug/Tests/DiskStewardCoreTests/EvidenceStore/EvidenceObjectLifecycleTests.swift:35: error: -[DiskStewardCoreTests.EvidenceObjectLifecycleTests testScopeReentryDoesNotInventReplacementGrowthOrDelayedDeletion] : XCTAssertEqual failed: ("0") is not equal to ("1")
/private/tmp/disk-steward-521-interval-dev.BVNWug/Tests/DiskStewardCoreTests/EvidenceStore/EvidenceObjectLifecycleTests.swift:25: error: -[DiskStewardCoreTests.EvidenceObjectLifecycleTests testScopeReentryDoesNotInventReplacementGrowthOrDelayedDeletion] : XCTAssertEqual failed: ("[DiskStewardCore.EvidenceStoreEvent.Operation.replace, DiskStewardCore.EvidenceStoreEvent.Operation.replace]") is not equal to ("[DiskStewardCore.EvidenceStoreEvent.Operation.scopeEnter]") - replacement
/private/tmp/disk-steward-521-interval-dev.BVNWug/Tests/DiskStewardCoreTests/EvidenceStore/EvidenceObjectLifecycleTests.swift:26: error: -[DiskStewardCoreTests.EvidenceObjectLifecycleTests testScopeReentryDoesNotInventReplacementGrowthOrDelayedDeletion] : XCTAssertEqual failed: ("4") is not equal to ("0") - replacement
/private/tmp/disk-steward-521-interval-dev.BVNWug/Tests/DiskStewardCoreTests/EvidenceStore/EvidenceObjectLifecycleTests.swift:33: error: -[DiskStewardCoreTests.EvidenceObjectLifecycleTests testScopeReentryDoesNotInventReplacementGrowthOrDelayedDeletion] : XCTAssertEqual failed: ("2") is not equal to ("0")
/private/tmp/disk-steward-521-interval-dev.BVNWug/Tests/DiskStewardCoreTests/EvidenceStore/EvidenceObjectLifecycleTests.swift:35: error: -[DiskStewardCoreTests.EvidenceObjectLifecycleTests testScopeReentryDoesNotInventReplacementGrowthOrDelayedDeletion] : XCTAssertEqual failed: ("0") is not equal to ("1")
/private/tmp/disk-steward-521-interval-dev.BVNWug/Tests/DiskStewardCoreTests/EvidenceStore/EvidenceObjectLifecycleTests.swift:37: error: -[DiskStewardCoreTests.EvidenceObjectLifecycleTests testScopeReentryDoesNotInventReplacementGrowthOrDelayedDeletion] : XCTAssertEqual failed: ("1") is not equal to ("0")
/private/tmp/disk-steward-521-interval-dev.BVNWug/Tests/DiskStewardCoreTests/EvidenceStore/EvidenceObjectLifecycleTests.swift:25: error: -[DiskStewardCoreTests.EvidenceObjectLifecycleTests testScopeReentryDoesNotInventReplacementGrowthOrDelayedDeletion] : XCTAssertEqual failed: ("[DiskStewardCore.EvidenceStoreEvent.Operation.delete]") is not equal to ("[]") - absent
/private/tmp/disk-steward-521-interval-dev.BVNWug/Tests/DiskStewardCoreTests/EvidenceStore/EvidenceObjectLifecycleTests.swift:26: error: -[DiskStewardCoreTests.EvidenceObjectLifecycleTests testScopeReentryDoesNotInventReplacementGrowthOrDelayedDeletion] : XCTAssertEqual failed: ("-3") is not equal to ("0") - absent
/private/tmp/disk-steward-521-interval-dev.BVNWug/Tests/DiskStewardCoreTests/EvidenceStore/EvidenceObjectLifecycleTests.swift:33: error: -[DiskStewardCoreTests.EvidenceObjectLifecycleTests testScopeReentryDoesNotInventReplacementGrowthOrDelayedDeletion] : XCTAssertEqual failed: ("1") is not equal to ("0")
/private/tmp/disk-steward-521-interval-dev.BVNWug/Tests/DiskStewardCoreTests/EvidenceStore/EvidenceObjectLifecycleTests.swift:37: error: -[DiskStewardCoreTests.EvidenceObjectLifecycleTests testScopeReentryDoesNotInventReplacementGrowthOrDelayedDeletion] : XCTAssertEqual failed: ("1") is not equal to ("0")
Test Case '-[DiskStewardCoreTests.EvidenceObjectLifecycleTests testScopeReentryDoesNotInventReplacementGrowthOrDelayedDeletion]' failed (0.050 seconds).
Test Suite 'EvidenceObjectLifecycleTests' failed at 2026-09-17 14:47:22.847.
	 Executed 1 test, with 13 failures (0 unexpected) in 0.050 (0.051) seconds
Test Suite 'DiskStewardPackageTests.xctest' failed at 2026-09-17 14:47:22.847.
	 Executed 2 tests, with 25 failures (0 unexpected) in 0.214 (0.214) seconds
Test Suite 'Selected tests' failed at 2026-09-17 14:47:22.847.
	 Executed 2 tests, with 25 failures (0 unexpected) in 0.214 (0.215) seconds
◇ Test run started.
↳ Testing Library Version: 1501
↳ Target Platform: arm64e-apple-macos14.0
✔ Test run with 0 tests in 0 suites passed after 0.001 seconds.
