Building for debugging...
[0/7] Write sources
[1/7] Write swift-version--58304C5D6DBC2206.txt
[3/5] Compiling DiskStewardCoreTests ConvergentScanGenerationTests.swift
[4/5] Emitting module DiskStewardCoreTests
[4/6] Write Objects.LinkFileList
[5/6] Linking DiskStewardPackageTests
Build complete! (3.06s)
Test Suite 'Selected tests' started at 2026-09-17 14:50:55.961.
Test Suite 'DiskStewardPackageTests.xctest' started at 2026-09-17 14:50:55.961.
Test Suite 'DirectoryMetadataScannerConvergentScanGenerationTests' started at 2026-09-17 14:50:55.961.
Test Case '-[DiskStewardCoreTests.DirectoryMetadataScannerConvergentScanGenerationTests testAbsenceTimeComesFromCoveringPassNotLaterPublication]' started.
Test Case '-[DiskStewardCoreTests.DirectoryMetadataScannerConvergentScanGenerationTests testAbsenceTimeComesFromCoveringPassNotLaterPublication]' passed (0.037 seconds).
Test Case '-[DiskStewardCoreTests.DirectoryMetadataScannerConvergentScanGenerationTests testAllFailedRootsPublishUncertaintyAndRecoverWithoutFalseDeletion]' started.
Test Case '-[DiskStewardCoreTests.DirectoryMetadataScannerConvergentScanGenerationTests testAllFailedRootsPublishUncertaintyAndRecoverWithoutFalseDeletion]' passed (0.164 seconds).
Test Case '-[DiskStewardCoreTests.DirectoryMetadataScannerConvergentScanGenerationTests testAncestorDirtySignalResolvesOnlyWhenAllIntersectingRootsComplete]' started.
Test Case '-[DiskStewardCoreTests.DirectoryMetadataScannerConvergentScanGenerationTests testAncestorDirtySignalResolvesOnlyWhenAllIntersectingRootsComplete]' passed (0.021 seconds).
Test Case '-[DiskStewardCoreTests.DirectoryMetadataScannerConvergentScanGenerationTests testBoundedSelectorKeepsOnlyFirstBatchAcrossOneHundredThousandNames]' started.
Test Case '-[DiskStewardCoreTests.DirectoryMetadataScannerConvergentScanGenerationTests testBoundedSelectorKeepsOnlyFirstBatchAcrossOneHundredThousandNames]' passed (0.340 seconds).
Test Case '-[DiskStewardCoreTests.DirectoryMetadataScannerConvergentScanGenerationTests testCompletedGenerationReconcilesLargeStateWithBoundedInlineResult]' started.
Test Case '-[DiskStewardCoreTests.DirectoryMetadataScannerConvergentScanGenerationTests testCompletedGenerationReconcilesLargeStateWithBoundedInlineResult]' passed (1.234 seconds).
Test Case '-[DiskStewardCoreTests.DirectoryMetadataScannerConvergentScanGenerationTests testCompletedGenerationsDoNotRetainTransientDirectoryProofs]' started.
Test Case '-[DiskStewardCoreTests.DirectoryMetadataScannerConvergentScanGenerationTests testCompletedGenerationsDoNotRetainTransientDirectoryProofs]' passed (0.086 seconds).
Test Case '-[DiskStewardCoreTests.DirectoryMetadataScannerConvergentScanGenerationTests testCompletedNestedDirectoryIsRevalidatedWhileAnotherDirectoryIsStillScanning]' started.
Test Case '-[DiskStewardCoreTests.DirectoryMetadataScannerConvergentScanGenerationTests testCompletedNestedDirectoryIsRevalidatedWhileAnotherDirectoryIsStillScanning]' passed (0.014 seconds).
Test Case '-[DiskStewardCoreTests.DirectoryMetadataScannerConvergentScanGenerationTests testDeletedQueuedDirectoryIsRescannedAndScopeChangeAbandonsOnlyUnpublishedWork]' started.
Test Case '-[DiskStewardCoreTests.DirectoryMetadataScannerConvergentScanGenerationTests testDeletedQueuedDirectoryIsRescannedAndScopeChangeAbandonsOnlyUnpublishedWork]' passed (0.013 seconds).
Test Case '-[DiskStewardCoreTests.DirectoryMetadataScannerConvergentScanGenerationTests testDirectoryChangeBeforeResumeResetsCursorAndDoesNotSkipEarlierName]' started.
Test Case '-[DiskStewardCoreTests.DirectoryMetadataScannerConvergentScanGenerationTests testDirectoryChangeBeforeResumeResetsCursorAndDoesNotSkipEarlierName]' passed (0.017 seconds).
Test Case '-[DiskStewardCoreTests.DirectoryMetadataScannerConvergentScanGenerationTests testDirtySignalDuringValidationFencesInflightSliceAndSurvivesRestart]' started.
Test Case '-[DiskStewardCoreTests.DirectoryMetadataScannerConvergentScanGenerationTests testDirtySignalDuringValidationFencesInflightSliceAndSurvivesRestart]' passed (0.032 seconds).
Test Case '-[DiskStewardCoreTests.DirectoryMetadataScannerConvergentScanGenerationTests testEmptyDirectoryPassOutputIsBoundedBySliceBudget]' started.
Test Case '-[DiskStewardCoreTests.DirectoryMetadataScannerConvergentScanGenerationTests testEmptyDirectoryPassOutputIsBoundedBySliceBudget]' passed (0.007 seconds).
Test Case '-[DiskStewardCoreTests.DirectoryMetadataScannerConvergentScanGenerationTests testEventGapPersistsAcrossRestartUntilCompleteReconciliation]' started.
Test Case '-[DiskStewardCoreTests.DirectoryMetadataScannerConvergentScanGenerationTests testEventGapPersistsAcrossRestartUntilCompleteReconciliation]' passed (0.014 seconds).
Test Case '-[DiskStewardCoreTests.DirectoryMetadataScannerConvergentScanGenerationTests testFailedAncestorDoesNotEraseSuccessfulDescendantContribution]' started.
Test Case '-[DiskStewardCoreTests.DirectoryMetadataScannerConvergentScanGenerationTests testFailedAncestorDoesNotEraseSuccessfulDescendantContribution]' passed (0.013 seconds).
Test Case '-[DiskStewardCoreTests.DirectoryMetadataScannerConvergentScanGenerationTests testFinalDirectoryBatchIsRevalidatedBeforePublishingStagedMembership]' started.
Test Case '-[DiskStewardCoreTests.DirectoryMetadataScannerConvergentScanGenerationTests testFinalDirectoryBatchIsRevalidatedBeforePublishingStagedMembership]' passed (0.012 seconds).
Test Case '-[DiskStewardCoreTests.DirectoryMetadataScannerConvergentScanGenerationTests testFreshOverlappingPassCannotInheritSupersededMembership]' started.
Test Case '-[DiskStewardCoreTests.DirectoryMetadataScannerConvergentScanGenerationTests testFreshOverlappingPassCannotInheritSupersededMembership]' passed (0.016 seconds).
Test Case '-[DiskStewardCoreTests.DirectoryMetadataScannerConvergentScanGenerationTests testGenerationScopeReentryUsesFreshBaselineWithoutPhantomChanges]' started.
Test Case '-[DiskStewardCoreTests.DirectoryMetadataScannerConvergentScanGenerationTests testGenerationScopeReentryUsesFreshBaselineWithoutPhantomChanges]' passed (0.060 seconds).
Test Case '-[DiskStewardCoreTests.DirectoryMetadataScannerConvergentScanGenerationTests testHealthyHardLinkDoesNotCloseBindingInFailedRoot]' started.
Test Case '-[DiskStewardCoreTests.DirectoryMetadataScannerConvergentScanGenerationTests testHealthyHardLinkDoesNotCloseBindingInFailedRoot]' passed (0.034 seconds).
Test Case '-[DiskStewardCoreTests.DirectoryMetadataScannerConvergentScanGenerationTests testHighFanoutSliceUsesOneStreamingPassAndRetainsOnlyItsBudget]' started.
Test Case '-[DiskStewardCoreTests.DirectoryMetadataScannerConvergentScanGenerationTests testHighFanoutSliceUsesOneStreamingPassAndRetainsOnlyItsBudget]' passed (0.224 seconds).
Test Case '-[DiskStewardCoreTests.DirectoryMetadataScannerConvergentScanGenerationTests testInterruptedPublicationDoesNotReplayCompletedStagingWithoutRevalidation]' started.
Test Case '-[DiskStewardCoreTests.DirectoryMetadataScannerConvergentScanGenerationTests testInterruptedPublicationDoesNotReplayCompletedStagingWithoutRevalidation]' passed (0.017 seconds).
Test Case '-[DiskStewardCoreTests.DirectoryMetadataScannerConvergentScanGenerationTests testLegacyCursorWithoutSignatureRestartsRatherThanSkippingEarlierNames]' started.
Test Case '-[DiskStewardCoreTests.DirectoryMetadataScannerConvergentScanGenerationTests testLegacyCursorWithoutSignatureRestartsRatherThanSkippingEarlierNames]' passed (0.001 seconds).
Test Case '-[DiskStewardCoreTests.DirectoryMetadataScannerConvergentScanGenerationTests testLegacyPersistedGenerationDecodesWithoutNewCursorFields]' started.
Test Case '-[DiskStewardCoreTests.DirectoryMetadataScannerConvergentScanGenerationTests testLegacyPersistedGenerationDecodesWithoutNewCursorFields]' passed (0.000 seconds).
Test Case '-[DiskStewardCoreTests.DirectoryMetadataScannerConvergentScanGenerationTests testLegacyUnpublishedGenerationIsAbandonedWithoutChangingCommittedTruth]' started.
Test Case '-[DiskStewardCoreTests.DirectoryMetadataScannerConvergentScanGenerationTests testLegacyUnpublishedGenerationIsAbandonedWithoutChangingCommittedTruth]' passed (0.015 seconds).
Test Case '-[DiskStewardCoreTests.DirectoryMetadataScannerConvergentScanGenerationTests testMissingHealthyHardLinkDoesNotDeleteObjectWithFailedRootBinding]' started.
Test Case '-[DiskStewardCoreTests.DirectoryMetadataScannerConvergentScanGenerationTests testMissingHealthyHardLinkDoesNotDeleteObjectWithFailedRootBinding]' passed (0.033 seconds).
Test Case '-[DiskStewardCoreTests.DirectoryMetadataScannerConvergentScanGenerationTests testMoveAndGrowthRetainBothIdentityAndByteChange]' started.
Test Case '-[DiskStewardCoreTests.DirectoryMetadataScannerConvergentScanGenerationTests testMoveAndGrowthRetainBothIdentityAndByteChange]' passed (0.012 seconds).
Test Case '-[DiskStewardCoreTests.DirectoryMetadataScannerConvergentScanGenerationTests testMultipleRootsReceiveWorkInTheSameBoundedSlice]' started.
Test Case '-[DiskStewardCoreTests.DirectoryMetadataScannerConvergentScanGenerationTests testMultipleRootsReceiveWorkInTheSameBoundedSlice]' passed (0.003 seconds).
Test Case '-[DiskStewardCoreTests.DirectoryMetadataScannerConvergentScanGenerationTests testNewestHardLinkSampleWinsOverPreferredPathAcrossSlicesAndRestart]' started.
Test Case '-[DiskStewardCoreTests.DirectoryMetadataScannerConvergentScanGenerationTests testNewestHardLinkSampleWinsOverPreferredPathAcrossSlicesAndRestart]' passed (0.026 seconds).
Test Case '-[DiskStewardCoreTests.DirectoryMetadataScannerConvergentScanGenerationTests testOneOldHardLinkedObjectReplacedByTwoObjectsIsDebitedOnlyOnce]' started.
Test Case '-[DiskStewardCoreTests.DirectoryMetadataScannerConvergentScanGenerationTests testOneOldHardLinkedObjectReplacedByTwoObjectsIsDebitedOnlyOnce]' passed (0.025 seconds).
Test Case '-[DiskStewardCoreTests.DirectoryMetadataScannerConvergentScanGenerationTests testOverlappingRootsSharePhysicalDirectoryProofWithoutLosingCoverage]' started.
Test Case '-[DiskStewardCoreTests.DirectoryMetadataScannerConvergentScanGenerationTests testOverlappingRootsSharePhysicalDirectoryProofWithoutLosingCoverage]' passed (0.011 seconds).
Test Case '-[DiskStewardCoreTests.DirectoryMetadataScannerConvergentScanGenerationTests testPartialGenerationDoesNotResolveGlobalDirtyCoverage]' started.
Test Case '-[DiskStewardCoreTests.DirectoryMetadataScannerConvergentScanGenerationTests testPartialGenerationDoesNotResolveGlobalDirtyCoverage]' passed (0.010 seconds).
Test Case '-[DiskStewardCoreTests.DirectoryMetadataScannerConvergentScanGenerationTests testPassValidationRestartsFromTheBeginningAfterDatabaseReopen]' started.
Test Case '-[DiskStewardCoreTests.DirectoryMetadataScannerConvergentScanGenerationTests testPassValidationRestartsFromTheBeginningAfterDatabaseReopen]' passed (0.017 seconds).
Test Case '-[DiskStewardCoreTests.DirectoryMetadataScannerConvergentScanGenerationTests testReconciliationIsAtomicAcrossEveryInjectedInterruptionBoundary]' started.
Test Case '-[DiskStewardCoreTests.DirectoryMetadataScannerConvergentScanGenerationTests testReconciliationIsAtomicAcrossEveryInjectedInterruptionBoundary]' passed (0.070 seconds).
Test Case '-[DiskStewardCoreTests.DirectoryMetadataScannerConvergentScanGenerationTests testRenameAndGrowthRetainDistinctPositiveAndAbsenceBounds]' started.
Test Case '-[DiskStewardCoreTests.DirectoryMetadataScannerConvergentScanGenerationTests testRenameAndGrowthRetainDistinctPositiveAndAbsenceBounds]' passed (0.014 seconds).
Test Case '-[DiskStewardCoreTests.DirectoryMetadataScannerConvergentScanGenerationTests testRenameOverExistingObjectAccountsForDisplacedBytes]' started.
Test Case '-[DiskStewardCoreTests.DirectoryMetadataScannerConvergentScanGenerationTests testRenameOverExistingObjectAccountsForDisplacedBytes]' passed (0.026 seconds).
Test Case '-[DiskStewardCoreTests.DirectoryMetadataScannerConvergentScanGenerationTests testRepeatedEventGapsCoalesceUntilReconciliationAndCanReopen]' started.
Test Case '-[DiskStewardCoreTests.DirectoryMetadataScannerConvergentScanGenerationTests testRepeatedEventGapsCoalesceUntilReconciliationAndCanReopen]' passed (0.011 seconds).
Test Case '-[DiskStewardCoreTests.DirectoryMetadataScannerConvergentScanGenerationTests testReplacingHealthyHardLinkDoesNotDeleteObjectWithFailedRootBinding]' started.
Test Case '-[DiskStewardCoreTests.DirectoryMetadataScannerConvergentScanGenerationTests testReplacingHealthyHardLinkDoesNotDeleteObjectWithFailedRootBinding]' passed (0.036 seconds).
Test Case '-[DiskStewardCoreTests.DirectoryMetadataScannerConvergentScanGenerationTests testReplacingOneHardLinkPreservesOtherHealthyPathInBothObjectOrders]' started.
Test Case '-[DiskStewardCoreTests.DirectoryMetadataScannerConvergentScanGenerationTests testReplacingOneHardLinkPreservesOtherHealthyPathInBothObjectOrders]' passed (0.058 seconds).
Test Case '-[DiskStewardCoreTests.DirectoryMetadataScannerConvergentScanGenerationTests testReplayedFSEventGapDoesNotResetProgressOrReopenResolvedGap]' started.
Test Case '-[DiskStewardCoreTests.DirectoryMetadataScannerConvergentScanGenerationTests testReplayedFSEventGapDoesNotResetProgressOrReopenResolvedGap]' passed (0.015 seconds).
Test Case '-[DiskStewardCoreTests.DirectoryMetadataScannerConvergentScanGenerationTests testRestartedDirectoryDoesNotPublishDeletedStagedFile]' started.
Test Case '-[DiskStewardCoreTests.DirectoryMetadataScannerConvergentScanGenerationTests testRestartedDirectoryDoesNotPublishDeletedStagedFile]' passed (0.014 seconds).
Test Case '-[DiskStewardCoreTests.DirectoryMetadataScannerConvergentScanGenerationTests testRootSpecificDirtySignalPreservesIndependentStagingAndFencesEqualTimestampSlice]' started.
Test Case '-[DiskStewardCoreTests.DirectoryMetadataScannerConvergentScanGenerationTests testRootSpecificDirtySignalPreservesIndependentStagingAndFencesEqualTimestampSlice]' passed (0.015 seconds).
Test Case '-[DiskStewardCoreTests.DirectoryMetadataScannerConvergentScanGenerationTests testSampleTimesSurviveDelayedPublicationAcrossEvidenceTables]' started.
Test Case '-[DiskStewardCoreTests.DirectoryMetadataScannerConvergentScanGenerationTests testSampleTimesSurviveDelayedPublicationAcrossEvidenceTables]' passed (0.013 seconds).
Test Case '-[DiskStewardCoreTests.DirectoryMetadataScannerConvergentScanGenerationTests testSmallSlicesResumeReconcileOnlyWhenCompleteAndDeleteBAfterFullSecondGeneration]' started.
Test Case '-[DiskStewardCoreTests.DirectoryMetadataScannerConvergentScanGenerationTests testSmallSlicesResumeReconcileOnlyWhenCompleteAndDeleteBAfterFullSecondGeneration]' passed (0.018 seconds).
Test Case '-[DiskStewardCoreTests.DirectoryMetadataScannerConvergentScanGenerationTests testSurvivingHardLinkRebaseAndGrowthDoesNotLoseByteChange]' started.
Test Case '-[DiskStewardCoreTests.DirectoryMetadataScannerConvergentScanGenerationTests testSurvivingHardLinkRebaseAndGrowthDoesNotLoseByteChange]' passed (0.015 seconds).
Test Case '-[DiskStewardCoreTests.DirectoryMetadataScannerConvergentScanGenerationTests testSwappedObjectPathsPublishAtomicallyWithoutUniquePathCollision]' started.
Test Case '-[DiskStewardCoreTests.DirectoryMetadataScannerConvergentScanGenerationTests testSwappedObjectPathsPublishAtomicallyWithoutUniquePathCollision]' passed (0.015 seconds).
Test Case '-[DiskStewardCoreTests.DirectoryMetadataScannerConvergentScanGenerationTests testTwoOldObjectsReplacedByOneHardLinkedObjectAreBothDebited]' started.
Test Case '-[DiskStewardCoreTests.DirectoryMetadataScannerConvergentScanGenerationTests testTwoOldObjectsReplacedByOneHardLinkedObjectAreBothDebited]' passed (0.032 seconds).
Test Case '-[DiskStewardCoreTests.DirectoryMetadataScannerConvergentScanGenerationTests testUnavailableRootDoesNotBlockHealthyRootOrProveDeletion]' started.
Test Case '-[DiskStewardCoreTests.DirectoryMetadataScannerConvergentScanGenerationTests testUnavailableRootDoesNotBlockHealthyRootOrProveDeletion]' passed (0.016 seconds).
Test Case '-[DiskStewardCoreTests.DirectoryMetadataScannerConvergentScanGenerationTests testUnchangedCompletedGenerationsDoNotMultiplyFileHistory]' started.
Test Case '-[DiskStewardCoreTests.DirectoryMetadataScannerConvergentScanGenerationTests testUnchangedCompletedGenerationsDoNotMultiplyFileHistory]' passed (0.014 seconds).
Test Case '-[DiskStewardCoreTests.DirectoryMetadataScannerConvergentScanGenerationTests testUnsignalledMutationAfterValidationRetainsOriginalSampleTimeAndNextScanCorrectsIt]' started.
Test Case '-[DiskStewardCoreTests.DirectoryMetadataScannerConvergentScanGenerationTests testUnsignalledMutationAfterValidationRetainsOriginalSampleTimeAndNextScanCorrectsIt]' passed (0.019 seconds).
Test Suite 'DirectoryMetadataScannerConvergentScanGenerationTests' passed at 2026-09-17 14:50:58.873.
	 Executed 47 tests, with 0 failures (0 unexpected) in 2.908 (2.912) seconds
Test Suite 'EvidenceObjectLifecycleTests' started at 2026-09-17 14:50:58.873.
Test Case '-[DiskStewardCoreTests.EvidenceObjectLifecycleTests testCompleteABCObservationRecordsDeletionAndReplayIsIdempotent]' started.
Test Case '-[DiskStewardCoreTests.EvidenceObjectLifecycleTests testCompleteABCObservationRecordsDeletionAndReplayIsIdempotent]' passed (0.011 seconds).
Test Case '-[DiskStewardCoreTests.EvidenceObjectLifecycleTests testContradictorySampleChronologyCannotOverwriteCurrentTruth]' started.
Test Case '-[DiskStewardCoreTests.EvidenceObjectLifecycleTests testContradictorySampleChronologyCannotOverwriteCurrentTruth]' passed (0.020 seconds).
Test Case '-[DiskStewardCoreTests.EvidenceObjectLifecycleTests testDuplicateRootCoverageIsRejectedWithoutWritingAnObservation]' started.
Test Case '-[DiskStewardCoreTests.EvidenceObjectLifecycleTests testDuplicateRootCoverageIsRejectedWithoutWritingAnObservation]' passed (0.008 seconds).
Test Case '-[DiskStewardCoreTests.EvidenceObjectLifecycleTests testFirstObservationHasUnknownOccurrenceStartAndMeasuredUpperBound]' started.
Test Case '-[DiskStewardCoreTests.EvidenceObjectLifecycleTests testFirstObservationHasUnknownOccurrenceStartAndMeasuredUpperBound]' passed (0.019 seconds).
Test Case '-[DiskStewardCoreTests.EvidenceObjectLifecycleTests testHardLinkedPathsRemainOnePhysicalObjectAndNeverCrashReconciliation]' started.
Test Case '-[DiskStewardCoreTests.EvidenceObjectLifecycleTests testHardLinkedPathsRemainOnePhysicalObjectAndNeverCrashReconciliation]' passed (0.011 seconds).
Test Case '-[DiskStewardCoreTests.EvidenceObjectLifecycleTests testLegacyCompleteSnapshotCannotResolveDurableDirtyEvidence]' started.
Test Case '-[DiskStewardCoreTests.EvidenceObjectLifecycleTests testLegacyCompleteSnapshotCannotResolveDurableDirtyEvidence]' passed (0.010 seconds).
Test Case '-[DiskStewardCoreTests.EvidenceObjectLifecycleTests testLegacyExplicitSampleTimeIsNotReplacedWithSnapshotTime]' started.
Test Case '-[DiskStewardCoreTests.EvidenceObjectLifecycleTests testLegacyExplicitSampleTimeIsNotReplacedWithSnapshotTime]' passed (0.010 seconds).
Test Case '-[DiskStewardCoreTests.EvidenceObjectLifecycleTests testLegacyMixedRootsPublishesHealthyChangesAndRetainsFailedRootUncertainty]' started.
Test Case '-[DiskStewardCoreTests.EvidenceObjectLifecycleTests testLegacyMixedRootsPublishesHealthyChangesAndRetainsFailedRootUncertainty]' passed (0.010 seconds).
Test Case '-[DiskStewardCoreTests.EvidenceObjectLifecycleTests testLegacyMovePlusGrowthRecordsBothChanges]' started.
Test Case '-[DiskStewardCoreTests.EvidenceObjectLifecycleTests testLegacyMovePlusGrowthRecordsBothChanges]' passed (0.010 seconds).
Test Case '-[DiskStewardCoreTests.EvidenceObjectLifecycleTests testLegacyMultiObjectReplacementAccountsEachPhysicalObjectOnce]' started.
Test Case '-[DiskStewardCoreTests.EvidenceObjectLifecycleTests testLegacyMultiObjectReplacementAccountsEachPhysicalObjectOnce]' passed (0.020 seconds).
Test Case '-[DiskStewardCoreTests.EvidenceObjectLifecycleTests testLegacyNewestAliasSampleWinsWithoutInventingRename]' started.
Test Case '-[DiskStewardCoreTests.EvidenceObjectLifecycleTests testLegacyNewestAliasSampleWinsWithoutInventingRename]' passed (0.010 seconds).
Test Case '-[DiskStewardCoreTests.EvidenceObjectLifecycleTests testLegacyPartialCoverageCannotCloseAnExistingEventGap]' started.
Test Case '-[DiskStewardCoreTests.EvidenceObjectLifecycleTests testLegacyPartialCoverageCannotCloseAnExistingEventGap]' passed (0.010 seconds).
Test Case '-[DiskStewardCoreTests.EvidenceObjectLifecycleTests testLegacyPartialReplacementKeepsUnobservedAliasUnknown]' started.
Test Case '-[DiskStewardCoreTests.EvidenceObjectLifecycleTests testLegacyPartialReplacementKeepsUnobservedAliasUnknown]' passed (0.009 seconds).
Test Case '-[DiskStewardCoreTests.EvidenceObjectLifecycleTests testLegacyPathSwapDoesNotDependOnCurrentRowUpdateOrder]' started.
Test Case '-[DiskStewardCoreTests.EvidenceObjectLifecycleTests testLegacyPathSwapDoesNotDependOnCurrentRowUpdateOrder]' passed (0.011 seconds).
Test Case '-[DiskStewardCoreTests.EvidenceObjectLifecycleTests testLegacyReplacementOfNoncanonicalAliasPreservesSurvivingObjectAndBinding]' started.
Test Case '-[DiskStewardCoreTests.EvidenceObjectLifecycleTests testLegacyReplacementOfNoncanonicalAliasPreservesSurvivingObjectAndBinding]' passed (0.010 seconds).
Test Case '-[DiskStewardCoreTests.EvidenceObjectLifecycleTests testLegacyResultPreservesFullArrayContractAboveGenerationInlineLimit]' started.
Test Case '-[DiskStewardCoreTests.EvidenceObjectLifecycleTests testLegacyResultPreservesFullArrayContractAboveGenerationInlineLimit]' passed (0.499 seconds).
Test Case '-[DiskStewardCoreTests.EvidenceObjectLifecycleTests testLegacyRollbackAtEveryBoundaryPreservesPriorStateAndActiveGeneration]' started.
Test Case '-[DiskStewardCoreTests.EvidenceObjectLifecycleTests testLegacyRollbackAtEveryBoundaryPreservesPriorStateAndActiveGeneration]' passed (0.050 seconds).
Test Case '-[DiskStewardCoreTests.EvidenceObjectLifecycleTests testLegacyScopeMoveDoesNotInferRenameAndScopeExitDoesNotRepeat]' started.
Test Case '-[DiskStewardCoreTests.EvidenceObjectLifecycleTests testLegacyScopeMoveDoesNotInferRenameAndScopeExitDoesNotRepeat]' passed (0.011 seconds).
Test Case '-[DiskStewardCoreTests.EvidenceObjectLifecycleTests testModifyTruncateRenameAndReplacementHaveDistinctIdentityAwareEvents]' started.
Test Case '-[DiskStewardCoreTests.EvidenceObjectLifecycleTests testModifyTruncateRenameAndReplacementHaveDistinctIdentityAwareEvents]' passed (0.013 seconds).
Test Case '-[DiskStewardCoreTests.EvidenceObjectLifecycleTests testObservationTransactionRollsBackOnScopeMismatch]' started.
Test Case '-[DiskStewardCoreTests.EvidenceObjectLifecycleTests testObservationTransactionRollsBackOnScopeMismatch]' passed (0.008 seconds).
Test Case '-[DiskStewardCoreTests.EvidenceObjectLifecycleTests testPartialABCObservationKeepsBUnknownUntilCompleteRecovery]' started.
Test Case '-[DiskStewardCoreTests.EvidenceObjectLifecycleTests testPartialABCObservationKeepsBUnknownUntilCompleteRecovery]' passed (0.010 seconds).
Test Case '-[DiskStewardCoreTests.EvidenceObjectLifecycleTests testReplacementOfAliasUsesItsBindingEvidenceNotAnotherAliasSampleTime]' started.
Test Case '-[DiskStewardCoreTests.EvidenceObjectLifecycleTests testReplacementOfAliasUsesItsBindingEvidenceNotAnotherAliasSampleTime]' passed (0.010 seconds).
Test Case '-[DiskStewardCoreTests.EvidenceObjectLifecycleTests testRestartRecordsOfflineIntervalAndStillReconcilesCompleteDeletion]' started.
Test Case '-[DiskStewardCoreTests.EvidenceObjectLifecycleTests testRestartRecordsOfflineIntervalAndStillReconcilesCompleteDeletion]' passed (0.012 seconds).
Test Case '-[DiskStewardCoreTests.EvidenceObjectLifecycleTests testScopeChangeEmitsEnterAndExitWithoutClaimingDeletion]' started.
Test Case '-[DiskStewardCoreTests.EvidenceObjectLifecycleTests testScopeChangeEmitsEnterAndExitWithoutClaimingDeletion]' passed (0.010 seconds).
Test Case '-[DiskStewardCoreTests.EvidenceObjectLifecycleTests testScopeReentryDoesNotInventReplacementGrowthOrDelayedDeletion]' started.
Test Case '-[DiskStewardCoreTests.EvidenceObjectLifecycleTests testScopeReentryDoesNotInventReplacementGrowthOrDelayedDeletion]' passed (0.040 seconds).
Test Suite 'EvidenceObjectLifecycleTests' passed at 2026-09-17 14:50:59.720.
	 Executed 25 tests, with 0 failures (0 unexpected) in 0.844 (0.846) seconds
Test Suite 'EvidenceStoreTests' started at 2026-09-17 14:50:59.720.
Test Case '-[DiskStewardCoreTests.EvidenceStoreTests testBackupIsConsistentAndReadable]' started.
Test Case '-[DiskStewardCoreTests.EvidenceStoreTests testBackupIsConsistentAndReadable]' passed (0.010 seconds).
Test Case '-[DiskStewardCoreTests.EvidenceStoreTests testConcurrentReadsAndWritesPreserveEveryCommittedEvent]' started.
Test Case '-[DiskStewardCoreTests.EvidenceStoreTests testConcurrentReadsAndWritesPreserveEveryCommittedEvent]' passed (0.037 seconds).
Test Case '-[DiskStewardCoreTests.EvidenceStoreTests testCorruptionIsDetectedOnOpen]' started.
Test Case '-[DiskStewardCoreTests.EvidenceStoreTests testCorruptionIsDetectedOnOpen]' passed (0.001 seconds).
Test Case '-[DiskStewardCoreTests.EvidenceStoreTests testDatabaseCeilingForcesBoundedEvictionAndCompaction]' started.
Test Case '-[DiskStewardCoreTests.EvidenceStoreTests testDatabaseCeilingForcesBoundedEvictionAndCompaction]' passed (0.491 seconds).
Test Case '-[DiskStewardCoreTests.EvidenceStoreTests testEveryMigrationInterruptionRecoversWithoutLosingTheLegacyDatabase]' started.
Test Case '-[DiskStewardCoreTests.EvidenceStoreTests testEveryMigrationInterruptionRecoversWithoutLosingTheLegacyDatabase]' passed (0.132 seconds).
Test Case '-[DiskStewardCoreTests.EvidenceStoreTests testInvalidBatchRollsBackAndReopenRecoversCommittedEvidence]' started.
Test Case '-[DiskStewardCoreTests.EvidenceStoreTests testInvalidBatchRollsBackAndReopenRecoversCommittedEvidence]' passed (0.010 seconds).
Test Case '-[DiskStewardCoreTests.EvidenceStoreTests testLegacyUpgradeUsesAValidatedAtomicShadowAndPreservesEvidence]' started.
Test Case '-[DiskStewardCoreTests.EvidenceStoreTests testLegacyUpgradeUsesAValidatedAtomicShadowAndPreservesEvidence]' passed (0.022 seconds).
Test Case '-[DiskStewardCoreTests.EvidenceStoreTests testMigrationEnablesWALAndIntegrityChecks]' started.
Test Case '-[DiskStewardCoreTests.EvidenceStoreTests testMigrationEnablesWALAndIntegrityChecks]' passed (0.010 seconds).
Test Case '-[DiskStewardCoreTests.EvidenceStoreTests testMigrationPreflightLeavesTheLegacyDatabaseUntouchedWhenCapacityIsInsufficient]' started.
Test Case '-[DiskStewardCoreTests.EvidenceStoreTests testMigrationPreflightLeavesTheLegacyDatabaseUntouchedWhenCapacityIsInsufficient]' passed (0.013 seconds).
Test Case '-[DiskStewardCoreTests.EvidenceStoreTests testRetentionAggregatesRawEventsAndBoundsHistory]' started.
Test Case '-[DiskStewardCoreTests.EvidenceStoreTests testRetentionAggregatesRawEventsAndBoundsHistory]' passed (0.024 seconds).
Test Case '-[DiskStewardCoreTests.EvidenceStoreTests testRetentionContractRejectsUnboundedValues]' started.
Test Case '-[DiskStewardCoreTests.EvidenceStoreTests testRetentionContractRejectsUnboundedValues]' passed (0.000 seconds).
Test Case '-[DiskStewardCoreTests.EvidenceStoreTests testStorageAdmissionRejectsAWriteBeforeItCanRunPastTheAllFileBudget]' started.
Test Case '-[DiskStewardCoreTests.EvidenceStoreTests testStorageAdmissionRejectsAWriteBeforeItCanRunPastTheAllFileBudget]' passed (0.009 seconds).
Test Suite 'EvidenceStoreTests' passed at 2026-09-17 14:51:00.480.
	 Executed 12 tests, with 0 failures (0 unexpected) in 0.760 (0.761) seconds
Test Suite 'HistoricalMigrationTests' started at 2026-09-17 14:51:00.480.
Test Case '-[DiskStewardCoreTests.HistoricalMigrationTests testActualHistoricalSchemasRecoverAtEveryAtomicMigrationCheckpoint]' started.
Test Case '-[DiskStewardCoreTests.HistoricalMigrationTests testActualHistoricalSchemasRecoverAtEveryAtomicMigrationCheckpoint]' passed (0.348 seconds).
Test Case '-[DiskStewardCoreTests.HistoricalMigrationTests testActualHistoricalSchemasRemainIntactWhenMigrationHasNoHeadroom]' started.
Test Case '-[DiskStewardCoreTests.HistoricalMigrationTests testActualHistoricalSchemasRemainIntactWhenMigrationHasNoHeadroom]' passed (0.045 seconds).
Test Case '-[DiskStewardCoreTests.HistoricalMigrationTests testActualV5AndV6BackfillAcrossBatchBoundaryWithoutReplayingUnprovenMembership]' started.
Test Case '-[DiskStewardCoreTests.HistoricalMigrationTests testActualV5AndV6BackfillAcrossBatchBoundaryWithoutReplayingUnprovenMembership]' passed (0.248 seconds).
Test Case '-[DiskStewardCoreTests.HistoricalMigrationTests testHistoricalOccurrenceBoundsMigrateWithoutInventingLowerEvidence]' started.
Test Case '-[DiskStewardCoreTests.HistoricalMigrationTests testHistoricalOccurrenceBoundsMigrateWithoutInventingLowerEvidence]' passed (0.085 seconds).
Test Suite 'HistoricalMigrationTests' passed at 2026-09-17 14:51:01.207.
	 Executed 4 tests, with 0 failures (0 unexpected) in 0.726 (0.727) seconds
Test Suite 'DiskStewardPackageTests.xctest' passed at 2026-09-17 14:51:01.207.
	 Executed 88 tests, with 0 failures (0 unexpected) in 5.237 (5.246) seconds
Test Suite 'Selected tests' passed at 2026-09-17 14:51:01.207.
	 Executed 88 tests, with 0 failures (0 unexpected) in 5.237 (5.247) seconds
◇ Test run started.
↳ Testing Library Version: 1501
↳ Target Platform: arm64e-apple-macos14.0
✔ Test run with 0 tests in 0 suites passed after 0.001 seconds.
