Test Suite 'Selected tests' started at 2026-09-17 12:06:20.030.
Test Suite 'DiskStewardPackageTests.xctest' started at 2026-09-17 12:06:20.031.
Test Suite 'DiskStewardEndpointTests' started at 2026-09-17 12:06:20.031.
Test Case '-[DiskStewardEndpointTests.DiskStewardEndpointTests testBridgeRejectsSpoofedPeerAndDetectsSequenceLoss]' started.
Test Case '-[DiskStewardEndpointTests.DiskStewardEndpointTests testBridgeRejectsSpoofedPeerAndDetectsSequenceLoss]' passed (0.001 seconds).
Test Case '-[DiskStewardEndpointTests.DiskStewardEndpointTests testDenialCrashAndMissingEntitlementKeepFallbackVisible]' started.
Test Case '-[DiskStewardEndpointTests.DiskStewardEndpointTests testDenialCrashAndMissingEntitlementKeepFallbackVisible]' passed (0.009 seconds).
Test Case '-[DiskStewardEndpointTests.DiskStewardEndpointTests testFixtureRuntimeFiltersNormalizesAndDeliversWithoutAuthorizationEvents]' started.
Test Case '-[DiskStewardEndpointTests.DiskStewardEndpointTests testFixtureRuntimeFiltersNormalizesAndDeliversWithoutAuthorizationEvents]' passed (0.002 seconds).
Test Case '-[DiskStewardEndpointTests.DiskStewardEndpointTests testWritesCoalesceWithinBoundsAndOverloadSignalsFallback]' started.
Test Case '-[DiskStewardEndpointTests.DiskStewardEndpointTests testWritesCoalesceWithinBoundsAndOverloadSignalsFallback]' passed (0.000 seconds).
Test Suite 'DiskStewardEndpointTests' passed at 2026-09-17 12:06:20.042.
	 Executed 4 tests, with 0 failures (0 unexpected) in 0.011 (0.012) seconds
Test Suite 'EndpointDeliveryRegressionTests' started at 2026-09-17 12:06:20.042.
Test Case '-[DiskStewardEndpointTests.EndpointDeliveryRegressionTests testByteBudgetIncludesOldInFlightReservationAcrossRestart]' started.
Test Case '-[DiskStewardEndpointTests.EndpointDeliveryRegressionTests testByteBudgetIncludesOldInFlightReservationAcrossRestart]' passed (0.000 seconds).
Test Case '-[DiskStewardEndpointTests.EndpointDeliveryRegressionTests testChallengeLengthMismatchCannotAuthenticateThroughByteTruncation]' started.
Test Case '-[DiskStewardEndpointTests.EndpointDeliveryRegressionTests testChallengeLengthMismatchCannotAuthenticateThroughByteTruncation]' passed (0.000 seconds).
Test Case '-[DiskStewardEndpointTests.EndpointDeliveryRegressionTests testDelayedFirstDeliveryPreservesOrderIncludingExcludedMiddle]' started.
Test Case '-[DiskStewardEndpointTests.EndpointDeliveryRegressionTests testDelayedFirstDeliveryPreservesOrderIncludingExcludedMiddle]' passed (0.002 seconds).
Test Case '-[DiskStewardEndpointTests.EndpointDeliveryRegressionTests testEveryVariableFieldCountsTowardByteLimit]' started.
Test Case '-[DiskStewardEndpointTests.EndpointDeliveryRegressionTests testEveryVariableFieldCountsTowardByteLimit]' passed (0.001 seconds).
Test Case '-[DiskStewardEndpointTests.EndpointDeliveryRegressionTests testGapOnExcludedOrInvalidEventRemainsVisibleAndWrapDoesNotTrap]' started.
Test Case '-[DiskStewardEndpointTests.EndpointDeliveryRegressionTests testGapOnExcludedOrInvalidEventRemainsVisibleAndWrapDoesNotTrap]' passed (0.000 seconds).
Test Case '-[DiskStewardEndpointTests.EndpointDeliveryRegressionTests testMalformedSizeAndCoalescedArithmeticOverflowBecomeGapsNotTraps]' started.
Test Case '-[DiskStewardEndpointTests.EndpointDeliveryRegressionTests testMalformedSizeAndCoalescedArithmeticOverflowBecomeGapsNotTraps]' passed (0.000 seconds).
Test Case '-[DiskStewardEndpointTests.EndpointDeliveryRegressionTests testManagedBridgeRejectsSpoofAndRevokedEpochWithoutStateMutation]' started.
Test Case '-[DiskStewardEndpointTests.EndpointDeliveryRegressionTests testManagedBridgeRejectsSpoofAndRevokedEpochWithoutStateMutation]' passed (0.000 seconds).
Test Case '-[DiskStewardEndpointTests.EndpointDeliveryRegressionTests testNormalizedBufferRejectsOversizedCoalescedReplacement]' started.
Test Case '-[DiskStewardEndpointTests.EndpointDeliveryRegressionTests testNormalizedBufferRejectsOversizedCoalescedReplacement]' passed (0.000 seconds).
Test Case '-[DiskStewardEndpointTests.EndpointDeliveryRegressionTests testOldActivationCannotResumeAfterStopOrReplaceNewSession]' started.
Test Case '-[DiskStewardEndpointTests.EndpointDeliveryRegressionTests testOldActivationCannotResumeAfterStopOrReplaceNewSession]' passed (0.003 seconds).
Test Case '-[DiskStewardEndpointTests.EndpointDeliveryRegressionTests testOverflowIsBoundedIncludingInFlightAndReportsLossWithoutAnotherEvent]' started.
Test Case '-[DiskStewardEndpointTests.EndpointDeliveryRegressionTests testOverflowIsBoundedIncludingInFlightAndReportsLossWithoutAnotherEvent]' passed (0.190 seconds).
Test Case '-[DiskStewardEndpointTests.EndpointDeliveryRegressionTests testRepeatedRestartDrainsAndDeinitRevokesRetainedHandler]' started.
Test Case '-[DiskStewardEndpointTests.EndpointDeliveryRegressionTests testRepeatedRestartDrainsAndDeinitRevokesRetainedHandler]' passed (0.038 seconds).
Test Case '-[DiskStewardEndpointTests.EndpointDeliveryRegressionTests testStopAndCrashFenceHeldDeliveriesAndRetainedCallbacks]' started.
Test Case '-[DiskStewardEndpointTests.EndpointDeliveryRegressionTests testStopAndCrashFenceHeldDeliveriesAndRetainedCallbacks]' passed (0.006 seconds).
Test Case '-[DiskStewardEndpointTests.EndpointDeliveryRegressionTests testSynchronousStartupCallbacksPublishOnlyAfterSuccessfulStart]' started.
Test Case '-[DiskStewardEndpointTests.EndpointDeliveryRegressionTests testSynchronousStartupCallbacksPublishOnlyAfterSuccessfulStart]' passed (0.004 seconds).
Test Suite 'EndpointDeliveryRegressionTests' passed at 2026-09-17 12:06:20.287.
	 Executed 13 tests, with 0 failures (0 unexpected) in 0.244 (0.245) seconds
Test Suite 'DiskStewardPackageTests.xctest' passed at 2026-09-17 12:06:20.287.
	 Executed 17 tests, with 0 failures (0 unexpected) in 0.255 (0.257) seconds
Test Suite 'Selected tests' passed at 2026-09-17 12:06:20.287.
	 Executed 17 tests, with 0 failures (0 unexpected) in 0.255 (0.257) seconds
◇ Test run started.
↳ Testing Library Version: 1501
↳ Target Platform: arm64e-apple-macos14.0
✔ Test run with 0 tests in 0 suites passed after 0.001 seconds.
