$ /usr/bin/swift build -c release --package-path /private/tmp/ds613-rollback/probe-baseline --cache-path /private/tmp/ds613-rollback/cache --config-path /private/tmp/ds613-rollback/config --security-path /private/tmp/ds613-rollback/security --disable-sandbox --jobs 3
Building for production...
[0/5] Write sources
[2/5] Write swift-version--58304C5D6DBC2206.txt
[4/6] Compiling DiskStewardCore TaskImpactCorrelation.swift
[5/7] Compiling store_probe main.swift
[5/7] Write Objects.LinkFileList
[6/7] Linking store-probe
Build complete! (20.36s)

$ /usr/bin/swift build -c release --package-path /private/tmp/ds613-rollback/probe-candidate --cache-path /private/tmp/ds613-rollback/cache --config-path /private/tmp/ds613-rollback/config --security-path /private/tmp/ds613-rollback/security --disable-sandbox --jobs 3
Building for production...
[0/5] Write sources
[2/5] Write swift-version--58304C5D6DBC2206.txt
[4/6] Compiling DiskStewardCore TaskImpactCorrelation.swift
[5/7] Compiling store_probe main.swift
[5/7] Write Objects.LinkFileList
[6/7] Linking store-probe
Build complete! (20.97s)

$ /private/tmp/ds613-rollback/probe-baseline/.build/release/store-probe create /private/tmp/ds613-rollback/fixture/evidence.sqlite --seed 300
{"command":"create","currentFileCount":0,"database":"\/private\/tmp\/ds613-rollback\/fixture\/evidence.sqlite","eventCount":300,"integrity":"ok","journalMode":"wal","ok":true,"retentionRunCount":0,"schemaVersion":14,"snapshotCount":0,"storageBytes":687856}

$ /private/tmp/ds613-rollback/probe-baseline/.build/release/store-probe backup /private/tmp/ds613-rollback/fixture/evidence.sqlite --destination /private/tmp/ds613-rollback/backup/evidence.sqlite
{"command":"backup","currentFileCount":0,"database":"\/private\/tmp\/ds613-rollback\/fixture\/evidence.sqlite","eventCount":300,"integrity":"ok","journalMode":"wal","ok":true,"retentionRunCount":0,"schemaVersion":14,"snapshotCount":0,"storageBytes":434176}

$ /private/tmp/ds613-rollback/probe-candidate/.build/release/store-probe open /private/tmp/ds613-rollback/work-after-consistent-copy/evidence.sqlite --interrupt after-consistent-copy
{"command":"open","database":"\/private\/tmp\/ds613-rollback\/work-after-consistent-copy\/evidence.sqlite","interruptedAt":"after-consistent-copy","ok":false}

$ /private/tmp/ds613-rollback/probe-candidate/.build/release/store-probe open /private/tmp/ds613-rollback/work-after-consistent-copy/evidence.sqlite
{"command":"open","currentFileCount":0,"database":"\/private\/tmp\/ds613-rollback\/work-after-consistent-copy\/evidence.sqlite","eventCount":300,"integrity":"ok","journalMode":"wal","ok":true,"retentionRunCount":0,"schemaVersion":15,"snapshotCount":0,"storageBytes":442368}

$ /private/tmp/ds613-rollback/probe-candidate/.build/release/store-probe open /private/tmp/ds613-rollback/work-after-shadow-validation/evidence.sqlite --interrupt after-shadow-validation
{"command":"open","database":"\/private\/tmp\/ds613-rollback\/work-after-shadow-validation\/evidence.sqlite","interruptedAt":"after-shadow-validation","ok":false}

$ /private/tmp/ds613-rollback/probe-candidate/.build/release/store-probe open /private/tmp/ds613-rollback/work-after-shadow-validation/evidence.sqlite
{"command":"open","currentFileCount":0,"database":"\/private\/tmp\/ds613-rollback\/work-after-shadow-validation\/evidence.sqlite","eventCount":300,"integrity":"ok","journalMode":"wal","ok":true,"retentionRunCount":0,"schemaVersion":15,"snapshotCount":0,"storageBytes":442368}

$ /private/tmp/ds613-rollback/probe-candidate/.build/release/store-probe open /private/tmp/ds613-rollback/work-before-atomic-switch/evidence.sqlite --interrupt before-atomic-switch
{"command":"open","database":"\/private\/tmp\/ds613-rollback\/work-before-atomic-switch\/evidence.sqlite","interruptedAt":"before-atomic-switch","ok":false}

$ /private/tmp/ds613-rollback/probe-candidate/.build/release/store-probe open /private/tmp/ds613-rollback/work-before-atomic-switch/evidence.sqlite
{"command":"open","currentFileCount":0,"database":"\/private\/tmp\/ds613-rollback\/work-before-atomic-switch\/evidence.sqlite","eventCount":300,"integrity":"ok","journalMode":"wal","ok":true,"retentionRunCount":0,"schemaVersion":15,"snapshotCount":0,"storageBytes":442368}

$ /private/tmp/ds613-rollback/probe-candidate/.build/release/store-probe open /private/tmp/ds613-rollback/work-after-atomic-switch/evidence.sqlite --interrupt after-atomic-switch
{"command":"open","database":"\/private\/tmp\/ds613-rollback\/work-after-atomic-switch\/evidence.sqlite","interruptedAt":"after-atomic-switch","ok":false}

$ /private/tmp/ds613-rollback/probe-candidate/.build/release/store-probe open /private/tmp/ds613-rollback/work-after-atomic-switch/evidence.sqlite
{"command":"open","currentFileCount":0,"database":"\/private\/tmp\/ds613-rollback\/work-after-atomic-switch\/evidence.sqlite","eventCount":300,"integrity":"ok","journalMode":"wal","ok":true,"retentionRunCount":0,"schemaVersion":15,"snapshotCount":0,"storageBytes":442368}

$ /private/tmp/ds613-rollback/probe-candidate/.build/release/store-probe open /private/tmp/ds613-rollback/work-uninterrupted/evidence.sqlite
{"command":"open","currentFileCount":0,"database":"\/private\/tmp\/ds613-rollback\/work-uninterrupted\/evidence.sqlite","eventCount":300,"integrity":"ok","journalMode":"wal","ok":true,"retentionRunCount":0,"schemaVersion":15,"snapshotCount":0,"storageBytes":442368}

$ /private/tmp/ds613-rollback/probe-baseline/.build/release/store-probe open /private/tmp/ds613-rollback/scratch-newer/evidence.sqlite
{"command":"open","database":"\/private\/tmp\/ds613-rollback\/scratch-newer\/evidence.sqlite","error":"sqlite(code: 20, message: \"Database schema is newer than this application\")","ok":false,"refusedNewerSchema":true}

$ /private/tmp/ds613-rollback/probe-baseline/.build/release/store-probe open /private/tmp/ds613-rollback/restore/evidence.sqlite
{"command":"open","currentFileCount":0,"database":"\/private\/tmp\/ds613-rollback\/restore\/evidence.sqlite","eventCount":300,"integrity":"ok","journalMode":"wal","ok":true,"retentionRunCount":0,"schemaVersion":14,"snapshotCount":0,"storageBytes":434176}

$ /private/tmp/ds613-rollback/probe-candidate/.build/release/store-probe open /private/tmp/ds613-rollback/restore/evidence.sqlite
{"command":"open","currentFileCount":0,"database":"\/private\/tmp\/ds613-rollback\/restore\/evidence.sqlite","eventCount":300,"integrity":"ok","journalMode":"wal","ok":true,"retentionRunCount":0,"schemaVersion":15,"snapshotCount":0,"storageBytes":442368}

