Building for debugging...
[0/7] Write sources
[1/7] Write swift-version--58304C5D6DBC2206.txt
[3/5] Emitting module DiskStewardCoreTests
[4/5] Compiling DiskStewardCoreTests SQLiteCancellationTests.swift
[4/6] Write Objects.LinkFileList
[5/6] Linking DiskStewardPackageTests
Build complete! (1.04s)
Test Suite 'Selected tests' started at 2026-09-17 10:29:09.111.
Test Suite 'DiskStewardPackageTests.xctest' started at 2026-09-17 10:29:09.111.
Test Suite 'SQLiteCancellationTests' started at 2026-09-17 10:29:09.111.
Test Case '-[DiskStewardCoreTests.SQLiteCancellationTests testCancellationInterruptsLockWaitWithoutWaitingFiveSeconds]' started.
/private/tmp/disk-steward-541-red.0mMHcL/Tests/DiskStewardCoreTests/SQLiteCancellationTests.swift:24: error: -[DiskStewardCoreTests.SQLiteCancellationTests testCancellationInterruptsLockWaitWithoutWaitingFiveSeconds] : XCTAssertTrue failed
/private/tmp/disk-steward-541-red.0mMHcL/Tests/DiskStewardCoreTests/SQLiteCancellationTests.swift:25: error: -[DiskStewardCoreTests.SQLiteCancellationTests testCancellationInterruptsLockWaitWithoutWaitingFiveSeconds] : XCTAssertLessThan failed: ("5.128952624974772") is not less than ("1.0")
Test Case '-[DiskStewardCoreTests.SQLiteCancellationTests testCancellationInterruptsLockWaitWithoutWaitingFiveSeconds]' failed (9.465 seconds).
Test Suite 'SQLiteCancellationTests' failed at 2026-09-17 10:29:18.577.
	 Executed 1 test, with 2 failures (0 unexpected) in 9.465 (9.465) seconds
Test Suite 'DiskStewardPackageTests.xctest' failed at 2026-09-17 10:29:18.577.
	 Executed 1 test, with 2 failures (0 unexpected) in 9.465 (9.465) seconds
Test Suite 'Selected tests' failed at 2026-09-17 10:29:18.577.
	 Executed 1 test, with 2 failures (0 unexpected) in 9.465 (9.466) seconds
◇ Test run started.
↳ Testing Library Version: 1501
↳ Target Platform: arm64e-apple-macos14.0
✔ Test run with 0 tests in 0 suites passed after 0.001 seconds.
