Building for debugging...
[0/7] Write sources
[1/7] Write swift-version--58304C5D6DBC2206.txt
[3/5] Compiling DiskStewardAppTests RequestCancellationTests.swift
[4/5] Emitting module DiskStewardAppTests
[4/6] Write Objects.LinkFileList
[5/6] Linking DiskStewardPackageTests
Build complete! (1.04s)
Test Suite 'Selected tests' started at 2026-09-17 10:46:06.374.
Test Suite 'DiskStewardPackageTests.xctest' started at 2026-09-17 10:46:06.374.
Test Suite 'RequestCancellationTests' started at 2026-09-17 10:46:06.374.
Test Case '-[DiskStewardAppTests.RequestCancellationTests testSlowPeersDoNotStarveEvidenceStoreOnConstrainedExecutor]' started.
/private/tmp/disk-steward-541-green.NqBNgi/Tests/DiskStewardAppTests/IPC/RequestCancellationTests.swift:30: error: -[DiskStewardAppTests.RequestCancellationTests testSlowPeersDoNotStarveEvidenceStoreOnConstrainedExecutor] : XCTAssertEqual failed: ("1") is not equal to ("0") - idle: Test Suite 'Selected tests' started at 2026-09-17 10:46:06.404.
Test Suite 'DiskStewardPackageTests.xctest' started at 2026-09-17 10:46:06.404.
Test Suite 'RequestCancellationTests' started at 2026-09-17 10:46:06.404.
Test Case '-[DiskStewardAppTests.RequestCancellationTests testConstrainedExecutorProcessFixture]' started.
/private/tmp/disk-steward-541-green.NqBNgi/Tests/DiskStewardAppTests/IPC/RequestCancellationTests.swift:72: error: -[DiskStewardAppTests.RequestCancellationTests testConstrainedExecutorProcessFixture] : XCTAssertTrue failed - idle socket waits must suspend, not monopolize the cooperative executor
Test Case '-[DiskStewardAppTests.RequestCancellationTests testConstrainedExecutorProcessFixture]' failed (1.317 seconds).
Test Suite 'RequestCancellationTests' failed at 2026-09-17 10:46:07.721.
	 Executed 1 test, with 1 failure (0 unexpected) in 1.317 (1.317) seconds
Test Suite 'DiskStewardPackageTests.xctest' failed at 2026-09-17 10:46:07.721.
	 Executed 1 test, with 1 failure (0 unexpected) in 1.317 (1.317) seconds
Test Suite 'Selected tests' failed at 2026-09-17 10:46:07.721.
	 Executed 1 test, with 1 failure (0 unexpected) in 1.317 (1.317) seconds

/private/tmp/disk-steward-541-green.NqBNgi/Tests/DiskStewardAppTests/IPC/RequestCancellationTests.swift:30: error: -[DiskStewardAppTests.RequestCancellationTests testSlowPeersDoNotStarveEvidenceStoreOnConstrainedExecutor] : XCTAssertEqual failed: ("1") is not equal to ("0") - partial: Test Suite 'Selected tests' started at 2026-09-17 10:46:07.753.
Test Suite 'DiskStewardPackageTests.xctest' started at 2026-09-17 10:46:07.754.
Test Suite 'RequestCancellationTests' started at 2026-09-17 10:46:07.754.
Test Case '-[DiskStewardAppTests.RequestCancellationTests testConstrainedExecutorProcessFixture]' started.
/private/tmp/disk-steward-541-green.NqBNgi/Tests/DiskStewardAppTests/IPC/RequestCancellationTests.swift:72: error: -[DiskStewardAppTests.RequestCancellationTests testConstrainedExecutorProcessFixture] : XCTAssertTrue failed - partial socket waits must suspend, not monopolize the cooperative executor
Test Case '-[DiskStewardAppTests.RequestCancellationTests testConstrainedExecutorProcessFixture]' failed (1.209 seconds).
Test Suite 'RequestCancellationTests' failed at 2026-09-17 10:46:08.962.
	 Executed 1 test, with 1 failure (0 unexpected) in 1.209 (1.209) seconds
Test Suite 'DiskStewardPackageTests.xctest' failed at 2026-09-17 10:46:08.962.
	 Executed 1 test, with 1 failure (0 unexpected) in 1.209 (1.209) seconds
Test Suite 'Selected tests' failed at 2026-09-17 10:46:08.962.
	 Executed 1 test, with 1 failure (0 unexpected) in 1.209 (1.209) seconds

/private/tmp/disk-steward-541-green.NqBNgi/Tests/DiskStewardAppTests/IPC/RequestCancellationTests.swift:30: error: -[DiskStewardAppTests.RequestCancellationTests testSlowPeersDoNotStarveEvidenceStoreOnConstrainedExecutor] : XCTAssertEqual failed: ("1") is not equal to ("0") - nonreading: Test Suite 'Selected tests' started at 2026-09-17 10:46:09.002.
Test Suite 'DiskStewardPackageTests.xctest' started at 2026-09-17 10:46:09.003.
Test Suite 'RequestCancellationTests' started at 2026-09-17 10:46:09.003.
Test Case '-[DiskStewardAppTests.RequestCancellationTests testConstrainedExecutorProcessFixture]' started.
/private/tmp/disk-steward-541-green.NqBNgi/Tests/DiskStewardAppTests/IPC/RequestCancellationTests.swift:72: error: -[DiskStewardAppTests.RequestCancellationTests testConstrainedExecutorProcessFixture] : XCTAssertTrue failed - nonreading socket waits must suspend, not monopolize the cooperative executor
Test Case '-[DiskStewardAppTests.RequestCancellationTests testConstrainedExecutorProcessFixture]' failed (1.200 seconds).
Test Suite 'RequestCancellationTests' failed at 2026-09-17 10:46:10.203.
	 Executed 1 test, with 1 failure (0 unexpected) in 1.200 (1.200) seconds
Test Suite 'DiskStewardPackageTests.xctest' failed at 2026-09-17 10:46:10.203.
	 Executed 1 test, with 1 failure (0 unexpected) in 1.200 (1.200) seconds
Test Suite 'Selected tests' failed at 2026-09-17 10:46:10.203.
	 Executed 1 test, with 1 failure (0 unexpected) in 1.200 (1.201) seconds

Test Case '-[DiskStewardAppTests.RequestCancellationTests testSlowPeersDoNotStarveEvidenceStoreOnConstrainedExecutor]' failed (3.832 seconds).
Test Suite 'RequestCancellationTests' failed at 2026-09-17 10:46:10.207.
	 Executed 1 test, with 3 failures (0 unexpected) in 3.832 (3.832) seconds
Test Suite 'DiskStewardPackageTests.xctest' failed at 2026-09-17 10:46:10.207.
	 Executed 1 test, with 3 failures (0 unexpected) in 3.832 (3.832) seconds
Test Suite 'Selected tests' failed at 2026-09-17 10:46:10.207.
	 Executed 1 test, with 3 failures (0 unexpected) in 3.832 (3.833) seconds
◇ Test run started.
↳ Testing Library Version: 1501
↳ Target Platform: arm64e-apple-macos14.0
✔ Test run with 0 tests in 0 suites passed after 0.001 seconds.
