Building for debugging...
[0/7] Write sources
[1/7] Write swift-version--58304C5D6DBC2206.txt
[3/5] Compiling DiskStewardMCPTests StdioBudgetTests.swift
[4/5] Emitting module DiskStewardMCPTests
[4/6] Write Objects.LinkFileList
[5/6] Linking DiskStewardPackageTests
Build complete! (0.78s)
Test Suite 'Selected tests' started at 2026-09-17 10:29:14.901.
Test Suite 'DiskStewardPackageTests.xctest' started at 2026-09-17 10:29:14.901.
Test Suite 'StdioBudgetTests' started at 2026-09-17 10:29:14.901.
Test Case '-[DiskStewardMCPTests.StdioBudgetTests testExactFourMiBPayloadIsAcceptedWithItsFramingNewline]' started.
/private/tmp/disk-steward-541-green.NqBNgi/Tests/DiskStewardMCPTests/StdioBudgetTests.swift:12: error: -[DiskStewardMCPTests.StdioBudgetTests testExactFourMiBPayloadIsAcceptedWithItsFramingNewline] : XCTAssertFalse failed - A valid maximum-size JSON payload must not fail just because framing adds LF
/private/tmp/disk-steward-541-green.NqBNgi/Tests/DiskStewardMCPTests/StdioBudgetTests.swift:13: error: -[DiskStewardMCPTests.StdioBudgetTests testExactFourMiBPayloadIsAcceptedWithItsFramingNewline] : XCTAssertEqual failed: ("0") is not equal to ("4194305")
Test Case '-[DiskStewardMCPTests.StdioBudgetTests testExactFourMiBPayloadIsAcceptedWithItsFramingNewline]' failed (3.704 seconds).
Test Suite 'StdioBudgetTests' failed at 2026-09-17 10:29:18.605.
	 Executed 1 test, with 2 failures (0 unexpected) in 3.704 (3.704) seconds
Test Suite 'DiskStewardPackageTests.xctest' failed at 2026-09-17 10:29:18.605.
	 Executed 1 test, with 2 failures (0 unexpected) in 3.704 (3.704) seconds
Test Suite 'Selected tests' failed at 2026-09-17 10:29:18.605.
	 Executed 1 test, with 2 failures (0 unexpected) in 3.704 (3.705) seconds
◇ Test run started.
↳ Testing Library Version: 1501
↳ Target Platform: arm64e-apple-macos14.0
✔ Test run with 0 tests in 0 suites passed after 0.001 seconds.
