Building for debugging...
[0/8] Write sources
[1/8] Write swift-version--58304C5D6DBC2206.txt
[3/6] Emitting module DiskStewardMCPTests
[4/6] Compiling DiskStewardMCPTests MCPAdmissionTests.swift
[4/6] Write Objects.LinkFileList
[5/6] Linking DiskStewardPackageTests
Build complete! (0.84s)
Test Suite 'Selected tests' started at 2026-09-17 10:09:33.521.
Test Suite 'DiskStewardPackageTests.xctest' started at 2026-09-17 10:09:33.522.
Test Suite 'MCPAdmissionTests' started at 2026-09-17 10:09:33.522.
Test Case '-[DiskStewardMCPTests.MCPAdmissionTests testUnknownCancellationDoesNotCancelFutureRequest]' started.
/private/tmp/disk-steward-541-red.0mMHcL/Tests/DiskStewardMCPTests/MCPAdmissionTests.swift:12: error: -[DiskStewardMCPTests.MCPAdmissionTests testUnknownCancellationDoesNotCancelFutureRequest] : XCTAssertTrue failed
/private/tmp/disk-steward-541-red.0mMHcL/Tests/DiskStewardMCPTests/MCPAdmissionTests.swift:13: error: -[DiskStewardMCPTests.MCPAdmissionTests testUnknownCancellationDoesNotCancelFutureRequest] : XCTAssertEqual failed: ("0") is not equal to ("1")
Test Case '-[DiskStewardMCPTests.MCPAdmissionTests testUnknownCancellationDoesNotCancelFutureRequest]' failed (0.138 seconds).
Test Case '-[DiskStewardMCPTests.MCPAdmissionTests testUnknownCancellationFloodCannotPreventActiveCancellation]' started.
/private/tmp/disk-steward-541-red.0mMHcL/Tests/DiskStewardMCPTests/MCPAdmissionTests.swift:27: error: -[DiskStewardMCPTests.MCPAdmissionTests testUnknownCancellationFloodCannotPreventActiveCancellation] : XCTAssertTrue failed
/private/tmp/disk-steward-541-red.0mMHcL/Tests/DiskStewardMCPTests/MCPAdmissionTests.swift:28: error: -[DiskStewardMCPTests.MCPAdmissionTests testUnknownCancellationFloodCannotPreventActiveCancellation] : XCTAssertNil failed: "{"id":7,"jsonrpc":"2.0","result":{"content":[{"text":"{\"schema\":\"fixture-success\"}","type":"text"}],"isError":false,"structuredContent":{"schema":"fixture-success"}}}" - Explicit cancellation suppresses the response even if IPC returns a late value
Test Case '-[DiskStewardMCPTests.MCPAdmissionTests testUnknownCancellationFloodCannotPreventActiveCancellation]' failed (2.017 seconds).
Test Suite 'MCPAdmissionTests' failed at 2026-09-17 10:09:35.677.
	 Executed 2 tests, with 4 failures (0 unexpected) in 2.155 (2.155) seconds
Test Suite 'DiskStewardPackageTests.xctest' failed at 2026-09-17 10:09:35.677.
	 Executed 2 tests, with 4 failures (0 unexpected) in 2.155 (2.155) seconds
Test Suite 'Selected tests' failed at 2026-09-17 10:09:35.677.
	 Executed 2 tests, with 4 failures (0 unexpected) in 2.155 (2.156) seconds
◇ Test run started.
↳ Testing Library Version: 1501
↳ Target Platform: arm64e-apple-macos14.0
✔ Test run with 0 tests in 0 suites passed after 0.001 seconds.
